AGEPRO VERSION 4.2

2025_MLS_scenario3

Date & Time of Run: 15 Mar 2025  11:08

Input File Name:    2025_MLS_scenario3.inp

First Age Class:                         1
Number of Age Classes:                  15
Number of Years in Projection:          14
Number of Fleets:                        9
Number of Recruitment Models:            3
Number of Bootstraps:                  100
Number of Simulations:                1000

Bootstrap File Name:            C:\Users\jon.brodziak\Desktop\2024 WCNPO MLS Rebuilding\Bootstrap-numbers-at-age\2023_WCNPOMLS.bsn

Number of Feasible Solutions:      99749  of     100000 Realizations

Input Harvest Scenario

Year  Type        Fleet-1    Fleet-2    Fleet-3    Fleet-4    Fleet-5    Fleet-6    Fleet-7    Fleet-8    Fleet-9    

2021  Landings        118        100        551         72         89         37         58        265        249 
2022  Landings         75         99        464         36         80         54         84        298        284 
2023  Landings        129         80        526         28        110         54         84        214        461 
2024  Landings         83        176        578         27        110         54         84        584        461 
2025  Landings        226        149       1378         84        196        107        215        393        476 
2026  Landings        226        149       1378         84        196        107        215        393        476 
2027  Landings        203        134        978         75        176         96        183        228        326 
2028  Landings        185        122        692         67        158         88        169        373        298 
2029  Landings        185        122        692         67        158         88        169        373        298 
2030  Landings        185        122        692         67        158         88        169        373        298 
2031  Landings        185        122        692         67        158         88        169        373        298 
2032  Landings        185        122        692         67        158         88        169        373        298 
2033  Landings        185        122        692         67        158         88        169        373        298 
2034  Landings        185        122        692         67        158         88        169        373        298 

Recruitment Selection Distribution

Year  Selection-1 Selection-2 Selection-3 

2021      0.1194     0.8403     0.0403 
2022      0.1191     0.8399     0.0410 
2023      0.1193     0.8403     0.0403 
2024      0.1220     0.8387     0.0393 
2025      0.1201     0.8394     0.0404 
2026      0.1180     0.8430     0.0390 
2027      0.1208     0.8391     0.0401 
2028      0.1206     0.8397     0.0396 
2029      0.1174     0.8421     0.0404 
2030      0.1193     0.8404     0.0403 
2031      0.1182     0.8416     0.0402 
2032      0.1198     0.8410     0.0392 
2033      0.1191     0.8404     0.0406 
2034      0.1203     0.8387     0.0410 

Recruits        1000  Fish

Year Class   Average        StdDev
2021        172.9303       81.0492
2022        174.7663       82.8172
2023        174.5671       84.1839
2024        174.7090       84.2508
2025        174.4911       84.0927
2026        174.1902       82.4793
2027        173.5783       82.3173
2028        173.6315       82.4141
2029        174.1320       81.9945
2030        173.8331       82.9680
2031        173.8518       82.7945
2032        173.8709       82.3292
2033        174.0451       82.8077
2034        173.6849       82.6978

Recruits Distribution

Year Class 1%         5%         10%        25%        50%        75%        90%        95%        99%    
2021    68.6364    70.5311    78.8101   104.2014   168.3789   235.9021   278.3608   305.9204   325.2937
2022    68.6712    70.8659    79.2505   105.5303   168.6852   237.4072   280.5386   307.1956   342.3588
2023    68.6547    70.6208    78.9874   104.5937   168.5329   237.3659   280.8668   307.7247   347.6829
2024    68.6700    70.7032    78.9681   104.9516   168.6125   237.2084   281.5323   307.7972   352.6972
2025    68.6684    70.7158    79.0977   104.6167   168.6049   237.2477   280.6343   307.3019   344.4899
2026    68.6474    70.8145    79.1387   105.0035   168.5419   236.8665   280.2444   307.3250   330.1711
2027    68.6382    70.8557    79.1846   105.0819   168.4506   235.9636   278.3975   306.2804   325.7189
2028    68.6528    70.6819    78.9449   104.7048   168.5495   236.4918   278.6307   306.4160   325.5016
2029    68.6284    70.6806    79.2106   105.1131   168.6203   236.8615   279.3085   306.3106   325.6370
2030    68.6427    70.6807    78.9419   104.5890   168.5417   236.6423   280.4291   306.7753   330.2387
2031    68.6340    70.5581    78.9189   104.4146   168.5595   236.7948   279.5313   306.6454   325.7279
2032    68.6554    70.7527    79.1208   104.9119   168.4980   236.5817   279.0911   306.8749   333.7434
2033    68.6204    70.5481    78.8808   104.4147   168.5772   237.1609   280.9437   307.4036   333.4843
2034    68.6588    70.4338    78.8556   104.3161   168.4443   236.6272   279.7191   306.7810   340.1750

Spawning Stock Biomass  x       1000 MT

Year       Average        StdDev
2021        2.7350        0.6264
2022        4.0529        0.8612
2023        5.6467        1.4183
2024        5.8634        1.7249
2025        5.2252        1.9043
2026        4.2997        1.9788
2027        3.8958        2.0021
2028        3.9512        2.0488
2029        4.1014        2.0793
2030        4.2174        2.1006
2031        4.3107        2.1198
2032        4.3865        2.1335
2033        4.4429        2.1501
2034        4.4862        2.1606

Spawning Stock Biomass Distribution

Year        1%         5%         10%        25%        50%        75%        90%        95%        99%   
2021     1.6070     1.9797     2.1174     2.3322     2.6364     3.0192     3.4282     3.7253     5.3675 
2022     2.3131     2.8138     3.0380     3.4734     3.9713     4.5130     5.1960     5.6355     6.5971 
2023     3.0317     3.5926     3.9368     4.6183     5.5154     6.4783     7.5790     8.2787     9.5238 
2024     2.6364     3.3379     3.7826     4.6256     5.7084     6.9220     8.1127     8.8899    10.4839 
2025     1.6347     2.4432     2.9364     3.8726     5.0688     6.3821     7.6714     8.5039    10.3671 
2026     0.7108     1.4595     1.9502     2.8915     4.1142     5.4706     6.8193     7.7011     9.8180 
2027     0.4262     1.0794     1.5396     2.4681     3.6859     5.0653     6.4225     7.3595     9.5742 
2028     0.4139     1.0750     1.5554     2.4958     3.7305     5.1343     6.5379     7.4712     9.8177 
2029     0.4301     1.1642     1.6565     2.6330     3.8823     5.2977     6.7489     7.6848    10.0264 
2030     0.4585     1.2323     1.7395     2.7364     4.0111     5.4383     6.8782     7.8233    10.1425 
2031     0.4879     1.2851     1.8117     2.8201     4.1028     5.5556     6.9965     7.9619    10.2484 
2032     0.5006     1.3269     1.8661     2.8855     4.1839     5.6365     7.0965     8.0434    10.3578 
2033     0.5211     1.3619     1.9033     2.9320     4.2395     5.7034     7.1667     8.1325    10.4048 
2034     0.5422     1.3971     1.9343     2.9647     4.2810     5.7601     7.2298     8.1993    10.5026 

JAN-1 Stock Biomass  x       1000 MT

Year       Average        StdDev
2021        9.3002        1.5959
2022       10.6196        2.0491
2023       11.5513        2.4169
2024       11.9892        2.6927
2025       11.7893        2.8717
2026       10.6670        2.9762
2027        9.7430        3.0221
2028        9.6904        3.0594
2029        9.8556        3.0870
2030       10.0028        3.1104
2031       10.1177        3.1336
2032       10.2058        3.1465
2033       10.2747        3.1587
2034       10.3328        3.1727

JAN-1 Stock Biomass Distribution

Year       1%         5%         10%        25%        50%        75%        90%        95%        99%    
2021     6.3353     6.9595     7.3747     8.1755     9.1694    10.1374    11.5521    12.2986    13.7063 
2022     6.7186     7.5868     8.1251     9.1772    10.4320    11.8725    13.3159    14.2723    16.0949 
2023     6.8748     7.9542     8.6229     9.8428    11.3689    13.0372    14.6557    15.7434    17.9653 
2024     6.7405     7.9963     8.7308    10.1016    11.7839    13.6328    15.4373    16.5870    19.1889 
2025     6.1978     7.5251     8.3300     9.7886    11.5916    13.5336    15.4127    16.6480    19.5797 
2026     4.8842     6.2720     7.0987     8.6090    10.4572    12.4446    14.4011    15.7021    18.7656 
2027     3.8927     5.2806     6.1250     7.6608     9.5183    11.5434    13.5329    14.8608    18.0296 
2028     3.6877     5.1785     6.0394     7.5785     9.4661    11.5218    13.5449    14.8556    18.0771 
2029     3.7628     5.3061     6.1776     7.7439     9.6321    11.7171    13.7100    15.0752    18.2680 
2030     3.8373     5.4152     6.2908     7.8854     9.7771    11.8631    13.8932    15.2613    18.4895 
2031     3.8402     5.4721     6.3776     7.9812     9.8994    11.9976    14.0532    15.4120    18.6180 
2032     3.9106     5.5589     6.4528     8.0604     9.9960    12.1004    14.1357    15.5092    18.7043 
2033     3.9623     5.6182     6.5064     8.1194    10.0630    12.1661    14.2306    15.6121    18.7753 
2034     3.9868     5.6412     6.5602     8.1673    10.1254    12.2276    14.3059    15.6577    18.9522 

Mean Biomass  x       1000 MT

Year       Average        StdDev
2021        9.0532        1.6983
2022       10.1590        2.1390
2023       10.8187        2.4772
2024       10.9055        2.7190
2025       10.1556        2.8802
2026        9.1093        2.9658
2027        8.6803        2.9907
2028        8.7606        3.0194
2029        8.9177        3.0423
2030        9.0514        3.0595
2031        9.1547        3.0827
2032        9.2338        3.0993
2033        9.2966        3.1092
2034        9.3456        3.1223

Mean Biomass Distribution

Year       1%         5%         10%        25%        50%        75%        90%        95%        99%    
2021     5.9344     6.5568     7.0042     7.8236     8.9234     9.9684    11.4585    12.2366    13.7406 
2022     6.1105     6.9873     7.5498     8.6449     9.9767    11.4775    12.9480    13.9213    15.8401 
2023     6.0390     7.1354     7.8220     9.0659    10.6369    12.3423    14.0012    15.0801    17.4331 
2024     5.6200     6.8617     7.6305     9.0083    10.7022    12.5644    14.3652    15.5132    18.2806 
2025     4.5372     5.8896     6.6643     8.1517     9.9505    11.8988    13.7792    15.0030    17.9422 
2026     3.3162     4.7089     5.5551     7.0659     8.8981    10.8823    12.8272    14.0969    17.2214 
2027     2.8591     4.2573     5.1131     6.6210     8.4552    10.4640    12.4319    13.7281    16.8218 
2028     2.8176     4.2972     5.1580     6.6859     8.5370    10.5547    12.5657    13.8520    17.0100 
2029     2.9048     4.4172     5.2822     6.8357     8.7024    10.7372    12.7397    14.0502    17.1963 
2030     2.9590     4.5099     5.4015     6.9565     8.8354    10.8746    12.8944    14.2129    17.3714 
2031     2.9714     4.5831     5.4759     7.0534     8.9433    10.9974    13.0298    14.3584    17.5055 
2032     3.0348     4.6630     5.5511     7.1229     9.0295    11.0794    13.1160    14.4629    17.6158 
2033     3.0856     4.7106     5.5928     7.1704     9.0866    11.1683    13.1906    14.5384    17.6658 
2034     3.1084     4.7522     5.6349     7.2224     9.1272    11.2152    13.2453    14.5919    17.9223 

Combined Catch Biomass  x       1000 MT

Year       Average        StdDev
2021        1.5398        0.0001
2022        1.4739        0.0000
2023        1.6854        0.0053
2024        2.1566        0.0180
2025        3.2248        0.0270
2026        3.2241        0.0549
2027        2.3982        0.0648
2028        2.1477        0.0709
2029        2.1471        0.0792
2030        2.1464        0.0881
2031        2.1457        0.0958
2032        2.1454        0.0989
2033        2.1451        0.1025
2034        2.1446        0.1076

Combined Catch Distribution

Year       1%         5%         10%        25%        50%        75%        90%        95%        99%    
2021     1.5398     1.5398     1.5398     1.5398     1.5398     1.5398     1.5398     1.5398     1.5398 
2022     1.4739     1.4739     1.4739     1.4739     1.4739     1.4739     1.4739     1.4739     1.4739 
2023     1.6854     1.6854     1.6854     1.6854     1.6854     1.6854     1.6854     1.6854     1.6854 
2024     2.1567     2.1567     2.1567     2.1567     2.1567     2.1567     2.1567     2.1567     2.1567 
2025     3.2250     3.2250     3.2250     3.2250     3.2250     3.2250     3.2250     3.2250     3.2250 
2026     3.2250     3.2250     3.2250     3.2250     3.2250     3.2250     3.2250     3.2250     3.2250 
2027     2.4000     2.4000     2.4000     2.4000     2.4000     2.4000     2.4000     2.4000     2.4000 
2028     2.1500     2.1500     2.1500     2.1500     2.1500     2.1500     2.1500     2.1500     2.1500 
2029     2.1500     2.1500     2.1500     2.1500     2.1500     2.1500     2.1500     2.1500     2.1500 
2030     2.1500     2.1500     2.1500     2.1500     2.1500     2.1500     2.1500     2.1500     2.1500 
2031     2.1500     2.1500     2.1500     2.1500     2.1500     2.1500     2.1500     2.1500     2.1500 
2032     2.1500     2.1500     2.1500     2.1500     2.1500     2.1500     2.1500     2.1500     2.1500 
2033     2.1500     2.1500     2.1500     2.1500     2.1500     2.1500     2.1500     2.1500     2.1500 
2034     2.1500     2.1500     2.1500     2.1500     2.1500     2.1500     2.1500     2.1500     2.1500 

Landings  x       1000 MT

Year       Average        StdDev
2021        1.5398        0.0001
2022        1.4739        0.0000
2023        1.6854        0.0053
2024        2.1566        0.0180
2025        3.2248        0.0270
2026        3.2241        0.0549
2027        2.3982        0.0648
2028        2.1477        0.0709
2029        2.1471        0.0792
2030        2.1464        0.0881
2031        2.1457        0.0958
2032        2.1454        0.0989
2033        2.1451        0.1025
2034        2.1446        0.1076

Landings Distribution

Year       1%         5%         10%        25%        50%        75%        90%        95%        99%    
2021     1.5398     1.5398     1.5398     1.5398     1.5398     1.5398     1.5398     1.5398     1.5398 
2022     1.4739     1.4739     1.4739     1.4739     1.4739     1.4739     1.4739     1.4739     1.4739 
2023     1.6854     1.6854     1.6854     1.6854     1.6854     1.6854     1.6854     1.6854     1.6854 
2024     2.1567     2.1567     2.1567     2.1567     2.1567     2.1567     2.1567     2.1567     2.1567 
2025     3.2250     3.2250     3.2250     3.2250     3.2250     3.2250     3.2250     3.2250     3.2250 
2026     3.2250     3.2250     3.2250     3.2250     3.2250     3.2250     3.2250     3.2250     3.2250 
2027     2.4000     2.4000     2.4000     2.4000     2.4000     2.4000     2.4000     2.4000     2.4000 
2028     2.1500     2.1500     2.1500     2.1500     2.1500     2.1500     2.1500     2.1500     2.1500 
2029     2.1500     2.1500     2.1500     2.1500     2.1500     2.1500     2.1500     2.1500     2.1500 
2030     2.1500     2.1500     2.1500     2.1500     2.1500     2.1500     2.1500     2.1500     2.1500 
2031     2.1500     2.1500     2.1500     2.1500     2.1500     2.1500     2.1500     2.1500     2.1500 
2032     2.1500     2.1500     2.1500     2.1500     2.1500     2.1500     2.1500     2.1500     2.1500 
2033     2.1500     2.1500     2.1500     2.1500     2.1500     2.1500     2.1500     2.1500     2.1500 
2034     2.1500     2.1500     2.1500     2.1500     2.1500     2.1500     2.1500     2.1500     2.1500 

Total Fishing Mortality

Year       Average        StdDev
2021        0.5271        0.0948
2022        0.3728        0.0749
2023        0.3819        0.0905
2024        0.4244        0.1202
2025        0.6995        0.2717
2026        0.8989        0.5553
2027        0.7828        0.6257
2028        0.6905        0.5525
2029        0.6660        0.5293
2030        0.6451        0.5149
2031        0.6284        0.4962
2032        0.6167        0.4826
2033        0.6066        0.4657
2034        0.5982        0.4467

Total Fishing Mortality Distribution

Year       1%         5%         10%        25%        50%        75%        90%        95%        99%    
2021     0.2843     0.3871     0.4179     0.4632     0.5247     0.5834     0.6376     0.6722     0.8279 
2022     0.2259     0.2605     0.2805     0.3249     0.3638     0.4149     0.4734     0.5101     0.5866 
2023     0.2232     0.2556     0.2766     0.3182     0.3698     0.4325     0.5031     0.5506     0.6475 
2024     0.2325     0.2708     0.2944     0.3398     0.4038     0.4856     0.5805     0.6498     0.8036 
2025     0.3339     0.4018     0.4407     0.5208     0.6391     0.8074     1.0225     1.1959     1.6681 
2026     0.3500     0.4381     0.4885     0.5940     0.7623     1.0254     1.4161     1.7800     2.9878 
2027     0.2660     0.3396     0.3831     0.4744     0.6258     0.8753     1.2836     1.6887     3.2205 
2028     0.2341     0.2993     0.3369     0.4172     0.5507     0.7715     1.1317     1.5006     2.9117 
2029     0.2301     0.2921     0.3291     0.4066     0.5336     0.7430     1.0800     1.4215     2.7793 
2030     0.2275     0.2870     0.3230     0.3972     0.5198     0.7184     1.0356     1.3616     2.6265 
2031     0.2249     0.2832     0.3180     0.3910     0.5092     0.7010     1.0030     1.3108     2.5096 
2032     0.2238     0.2807     0.3147     0.3858     0.5015     0.6871     0.9871     1.2790     2.4330 
2033     0.2233     0.2778     0.3122     0.3819     0.4956     0.6780     0.9700     1.2498     2.3405 
2034     0.2211     0.2767     0.3095     0.3791     0.4908     0.6723     0.9580     1.2222     2.2480 

JAN-1 Stock Numbers at Age  -       1000  Fish

2021

Age        1%         5%         10%        25%        50%        75%        90%        95%        99%    
1      140.2370   175.0900   184.8320   216.7130   261.1480   317.3690   385.6290   409.5080   464.9250
2       58.9389    77.9477    80.8620    85.4451   100.4175   112.5240   125.3470   138.4980   148.4390
3       34.1986    41.3466    43.5177    47.9381    54.8765    60.4455    67.3245    74.4817    84.8335
4        4.4701     6.3288     7.3712     8.3369     9.5330    10.8358    12.5169    14.0136    20.6054
5        1.2938     1.6031     1.7337     2.2441     2.6907     3.2695     4.2092     4.8898     7.4995
6        0.2917     0.4842     0.6024     0.6936     0.9665     1.2287     1.8234     2.1765     5.0518
7        0.0278     0.0584     0.0739     0.1025     0.1591     0.2261     0.3164     0.3996     1.3049
8        0.0082     0.0292     0.0370     0.0584     0.1092     0.1670     0.2575     0.4456     2.1858
9        0.0003     0.0014     0.0021     0.0035     0.0085     0.0144     0.0223     0.0334     0.2402
10        0.0001     0.0005     0.0007     0.0015     0.0043     0.0069     0.0143     0.0242     0.2609
11        0.0000     0.0001     0.0002     0.0004     0.0014     0.0028     0.0051     0.0082     0.1988
12        0.0000     0.0000     0.0000     0.0000     0.0001     0.0003     0.0005     0.0008     0.0280
13        0.0000     0.0000     0.0000     0.0000     0.0000     0.0002     0.0003     0.0005     0.0316
14        0.0000     0.0000     0.0000     0.0000     0.0000     0.0000     0.0001     0.0001     0.0183
15+       0.0000     0.0000     0.0000     0.0000     0.0000     0.0000     0.0000     0.0000     0.0127

2022

Age        1%         5%         10%        25%        50%        75%        90%        95%        99%    
1       68.6364    70.5311    78.8101   104.2014   168.3789   235.9021   278.3608   305.9204   325.2937
2       87.7448   103.9672   110.8117   127.9895   156.3766   191.6268   232.8312   252.9852   289.1600
3       30.1142    40.7024    43.0377    46.7756    54.2218    62.7512    71.4812    78.5854    89.4374
4       15.2340    18.6387    20.5737    23.1246    26.5221    30.7279    35.4997    39.9936    49.9298
5        1.9766     2.7467     3.2428     3.7739     4.4723     5.2510     6.4262     7.0662    11.8978
6        0.5389     0.6567     0.7407     1.0001     1.2051     1.5441     2.0799     2.4501     4.5272
7        0.1298     0.2169     0.2512     0.3098     0.4195     0.5826     0.8878     1.0819     3.0652
8        0.0133     0.0255     0.0324     0.0452     0.0695     0.1067     0.1606     0.2069     0.7940
9        0.0040     0.0128     0.0165     0.0270     0.0489     0.0801     0.1298     0.2202     1.3480
10        0.0001     0.0006     0.0009     0.0017     0.0038     0.0069     0.0111     0.0178     0.1492
11        0.0000     0.0002     0.0003     0.0007     0.0020     0.0033     0.0076     0.0123     0.1652
12        0.0000     0.0000     0.0001     0.0002     0.0007     0.0013     0.0026     0.0042     0.1227
13        0.0000     0.0000     0.0000     0.0000     0.0001     0.0001     0.0003     0.0004     0.0175
14        0.0000     0.0000     0.0000     0.0000     0.0000     0.0001     0.0001     0.0003     0.0198
15+       0.0000     0.0000     0.0000     0.0000     0.0000     0.0000     0.0001     0.0001     0.0197

2023

Age        1%         5%         10%        25%        50%        75%        90%        95%        99%    
1       68.6712    70.8659    79.2505   105.5303   168.6852   237.4072   280.5386   307.1956   342.3588
2       39.8289    43.2582    47.2440    62.5614   101.1469   142.8354   170.6667   185.6253   208.0795
3       48.2307    57.7099    62.2774    72.6883    90.6626   112.0556   137.6600   151.6005   174.8230
4       14.8260    20.5968    22.3463    24.9575    29.4754    34.9286    40.5728    44.6088    51.7326
5        7.0612     9.0431    10.2970    11.9090    13.9191    16.6542    19.5428    22.4529    29.1407
6        0.8823     1.3454     1.6036     1.9062     2.2909     2.7730     3.4925     3.8861     6.8295
7        0.2510     0.3039     0.3676     0.4962     0.6181     0.8049     1.1190     1.3180     2.6824
8        0.0602     0.1073     0.1200     0.1574     0.2181     0.3033     0.4829     0.5793     1.7770
9        0.0069     0.0128     0.0163     0.0232     0.0357     0.0556     0.0864     0.1115     0.4945
10        0.0021     0.0062     0.0084     0.0141     0.0250     0.0424     0.0712     0.1161     0.8229
11        0.0001     0.0003     0.0004     0.0009     0.0019     0.0037     0.0061     0.0098     0.0897
12        0.0000     0.0001     0.0002     0.0004     0.0010     0.0018     0.0042     0.0067     0.0997
13        0.0000     0.0000     0.0000     0.0001     0.0003     0.0007     0.0014     0.0023     0.0770
14        0.0000     0.0000     0.0000     0.0000     0.0000     0.0001     0.0002     0.0002     0.0110
15+       0.0000     0.0000     0.0000     0.0000     0.0000     0.0001     0.0001     0.0002     0.0237

2024

Age        1%         5%         10%        25%        50%        75%        90%        95%        99%    
1       68.6547    70.6208    78.9874   104.5937   168.5329   237.3659   280.8668   307.7247   347.6829
2       40.1451    43.7018    47.8864    63.5926   102.4183   144.7304   172.4324   186.8304   213.8358
3       21.9446    24.6835    27.0669    35.9739    58.5680    83.6029   101.7883   111.0764   128.1722
4       23.7192    29.3694    32.4094    38.7956    50.0504    63.1102    79.2505    88.5171   103.7921
5        6.9292     9.7332    11.0344    12.9523    15.7497    19.0327    22.7148    25.1138    29.8209
6        3.1840     4.2974     4.9275     5.9594     7.2388     8.8440    10.6498    12.3514    16.5469
7        0.3779     0.6311     0.7690     0.9474     1.1639     1.4575     1.8858     2.1501     3.8361
8        0.1118     0.1416     0.1778     0.2430     0.3166     0.4179     0.5929     0.7166     1.5295
9        0.0280     0.0510     0.0575     0.0781     0.1126     0.1566     0.2599     0.3114     1.0068
10        0.0031     0.0062     0.0079     0.0117     0.0181     0.0286     0.0458     0.0599     0.3025
11        0.0011     0.0031     0.0042     0.0073     0.0127     0.0220     0.0391     0.0602     0.4898
12        0.0000     0.0001     0.0002     0.0005     0.0010     0.0019     0.0034     0.0053     0.0512
13        0.0000     0.0001     0.0001     0.0002     0.0005     0.0009     0.0023     0.0037     0.0578
14        0.0000     0.0000     0.0000     0.0001     0.0002     0.0004     0.0008     0.0013     0.0488
15+       0.0000     0.0000     0.0000     0.0000     0.0000     0.0001     0.0001     0.0002     0.0206

2025

Age        1%         5%         10%        25%        50%        75%        90%        95%        99%    
1       68.6700    70.7032    78.9681   104.9516   168.6125   237.2084   281.5323   307.7972   352.6972
2       39.0163    42.5648    46.5648    61.7198    99.9148   141.9421   169.3974   184.0560   213.7501
3       20.3417    23.3874    25.9284    34.5853    56.4910    81.3639    99.1721   108.0153   127.6153
4        9.5644    11.7620    13.3040    18.0184    30.1272    44.4017    56.1468    61.9981    74.0316
5        9.6891    12.9573    14.9012    18.8562    25.3114    33.2248    42.8522    48.8145    58.7808
6        2.8340     4.0861     4.8950     6.2009     7.8567     9.7804    12.0345    13.4879    16.3853
7        1.3008     1.8640     2.2110     2.8387     3.6154     4.5431     5.6576     6.5869     8.9216
8        0.1554     0.2729     0.3499     0.4553     0.5825     0.7558     1.0040     1.1803     2.0917
9        0.0474     0.0653     0.0822     0.1186     0.1610     0.2178     0.3120     0.3905     0.8386
10        0.0130     0.0230     0.0274     0.0387     0.0574     0.0814     0.1391     0.1697     0.5562
11        0.0015     0.0030     0.0038     0.0059     0.0092     0.0149     0.0246     0.0322     0.1673
12        0.0006     0.0015     0.0021     0.0037     0.0065     0.0115     0.0216     0.0319     0.2728
13        0.0000     0.0001     0.0001     0.0002     0.0005     0.0010     0.0019     0.0028     0.0290
14        0.0000     0.0000     0.0000     0.0001     0.0003     0.0005     0.0013     0.0020     0.0330
15+       0.0000     0.0000     0.0000     0.0000     0.0001     0.0002     0.0005     0.0008     0.0399

2026

Age        1%         5%         10%        25%        50%        75%        90%        95%        99%    
1       68.6684    70.7158    79.0977   104.6167   168.6049   237.2477   280.6343   307.3019   344.4899
2       38.2319    41.9191    45.8536    60.9398    98.5247   139.7946   167.6108   182.1966   211.4615
3       15.7807    19.7938    22.3288    30.1432    50.0428    73.1235    91.1991   100.2193   120.9059
4        5.2812     8.0329     9.7524    14.0463    24.1612    37.0635    48.3725    54.1150    67.2112
5        2.0313     3.5337     4.5227     6.8122    12.0127    19.1461    26.0650    29.7524    37.4214
6        1.9404     3.6011     4.6945     6.8816    10.0995    14.3863    19.4647    22.9840    29.0522
7        0.5977     1.1490     1.5223     2.2523     3.1669     4.2533     5.4711     6.3150     7.9887
8        0.2856     0.5433     0.7137     1.0496     1.4827     2.0010     2.6189     3.0896     4.2369
9        0.0403     0.0819     0.1139     0.1726     0.2441     0.3372     0.4664     0.5725     0.9879
10        0.0121     0.0218     0.0292     0.0462     0.0687     0.0985     0.1444     0.1874     0.3965
11        0.0038     0.0074     0.0101     0.0157     0.0246     0.0372     0.0646     0.0826     0.2685
12        0.0005     0.0010     0.0015     0.0024     0.0040     0.0068     0.0115     0.0154     0.0812
13        0.0002     0.0006     0.0008     0.0015     0.0028     0.0052     0.0102     0.0151     0.1342
14        0.0000     0.0000     0.0000     0.0001     0.0002     0.0005     0.0009     0.0013     0.0144
15+       0.0000     0.0000     0.0000     0.0001     0.0002     0.0003     0.0008     0.0014     0.0364

2027

Age        1%         5%         10%        25%        50%        75%        90%        95%        99%    
1       68.6474    70.8145    79.1387   105.0035   168.5419   236.8665   280.2444   307.3250   330.1711
2       37.0015    41.2873    45.1664    59.7796    97.1698   137.9159   165.6396   180.2420   208.3242
3       10.8796    17.0422    20.2026    27.8766    46.7292    69.1876    87.8762    97.0959   118.1351
4        1.9251     4.9068     6.8293    10.8841    19.5269    31.4929    42.9009    48.7788    62.8486
5        0.4425     1.5948     2.4920     4.5833     8.7185    15.0214    21.5181    25.1914    33.6590
6        0.1508     0.6536     1.0926     2.1428     4.2221     7.5734    11.2621    13.4959    18.2756
7        0.1395     0.6387     1.0842     2.1004     3.6650     5.8324     8.4598    10.3038    13.9769
8        0.0458     0.2107     0.3611     0.6923     1.1704     1.7646     2.4214     2.8869     3.8670
9        0.0237     0.1057     0.1768     0.3341     0.5623     0.8467     1.1758     1.4227     2.0022
10        0.0040     0.0172     0.0291     0.0564     0.0951     0.1452     0.2113     0.2676     0.4519
11        0.0012     0.0050     0.0081     0.0156     0.0272     0.0427     0.0651     0.0870     0.1807
12        0.0005     0.0017     0.0029     0.0055     0.0098     0.0163     0.0282     0.0389     0.1229
13        0.0001     0.0003     0.0004     0.0009     0.0016     0.0029     0.0051     0.0072     0.0373
14        0.0000     0.0002     0.0003     0.0005     0.0011     0.0022     0.0045     0.0070     0.0622
15+       0.0000     0.0000     0.0000     0.0001     0.0001     0.0003     0.0008     0.0012     0.0239

2028

Age        1%         5%         10%        25%        50%        75%        90%        95%        99%    
1       68.6382    70.8557    79.1846   105.0819   168.4506   235.9636   278.3975   306.2804   325.7189
2       37.5348    41.9684    46.0074    61.0971    98.6534   139.8758   167.9784   182.4810   208.0588
3       10.0913    17.6373    21.0332    28.9991    48.8345    71.5342    90.9357   100.4219   121.5536
4        1.1611     4.4053     6.6271    11.1306    20.1001    32.5716    44.3889    50.6963    65.1377
5        0.1380     1.0113     1.8864     3.9414     7.9281    14.2460    20.8115    24.6797    33.6947
6        0.0274     0.3041     0.6504     1.5921     3.4852     6.6475    10.2194    12.5463    17.7444
7        0.0088     0.1243     0.2842     0.7469     1.6921     3.3387     5.3317     6.6865     9.6722
8        0.0084     0.1225     0.2816     0.7277     1.5101     2.6592     4.0953     5.1255     7.3155
9        0.0030     0.0420     0.0959     0.2441     0.4922     0.8216     1.1962     1.4654     2.0530
10        0.0016     0.0218     0.0488     0.1214     0.2410     0.4006     0.5874     0.7268     1.0577
11        0.0004     0.0038     0.0083     0.0208     0.0415     0.0696     0.1061     0.1363     0.2280
12        0.0001     0.0011     0.0024     0.0059     0.0120     0.0206     0.0326     0.0442     0.0903
13        0.0000     0.0004     0.0009     0.0021     0.0044     0.0079     0.0138     0.0198     0.0601
14        0.0000     0.0001     0.0001     0.0003     0.0007     0.0014     0.0025     0.0037     0.0184
15+       0.0000     0.0000     0.0001     0.0002     0.0006     0.0012     0.0026     0.0042     0.0430

2029

Age        1%         5%         10%        25%        50%        75%        90%        95%        99%    
1       68.6528    70.6819    78.9449   104.7048   168.5495   236.4918   278.6307   306.4160   325.5016
2       37.2319    41.7797    45.8255    60.8648    98.2302   138.8808   167.0126   181.4832   206.9337
3       11.1792    18.8206    22.1780    30.3659    50.6204    73.9597    93.3700   102.5491   122.5027
4        1.2872     5.1083     7.6059    12.3870    22.0619    35.0197    47.4396    53.9157    68.2938
5        0.1020     1.0548     2.0536     4.3829     8.7637    15.5091    22.4759    26.6524    36.1467
6        0.0106     0.2242     0.5463     1.4968     3.3927     6.6731    10.3801    12.7545    18.4163
7        0.0021     0.0672     0.1892     0.6018     1.5027     3.1143     5.0967     6.4773     9.6576
8        0.0010     0.0284     0.0841     0.2876     0.7421     1.5794     2.6761     3.4806     5.2712
9        0.0010     0.0284     0.0837     0.2822     0.6767     1.2984     2.0981     2.6861     4.0204
10        0.0004     0.0100     0.0295     0.0960     0.2245     0.4084     0.6248     0.7828     1.1410
11        0.0002     0.0054     0.0154     0.0489     0.1114     0.2015     0.3094     0.3900     0.5846
12        0.0000     0.0010     0.0027     0.0085     0.0194     0.0352     0.0560     0.0731     0.1232
13        0.0000     0.0003     0.0008     0.0025     0.0056     0.0105     0.0172     0.0236     0.0474
14        0.0000     0.0001     0.0003     0.0009     0.0021     0.0040     0.0072     0.0105     0.0305
15+       0.0000     0.0000     0.0001     0.0003     0.0006     0.0013     0.0026     0.0042     0.0317

2030

Age        1%         5%         10%        25%        50%        75%        90%        95%        99%    
1       68.6284    70.6806    79.2106   105.1131   168.6203   236.8615   279.3085   306.3106   325.6370
2       37.3284    41.8223    45.7435    60.7696    98.5480   139.7082   167.3355   181.8586   206.6231
3       11.1104    18.9901    22.3283    30.6069    50.7317    73.7482    93.1541   102.4390   122.2582
4        1.4838     5.7227     8.2766    13.0865    23.1504    36.3690    49.0613    55.2971    69.0051
5        0.1207     1.2805     2.4292     4.9906     9.6897    16.8207    24.2503    28.4885    37.6745
6        0.0086     0.2461     0.6194     1.6935     3.8120     7.3173    11.2688    13.8203    19.7772
7        0.0010     0.0529     0.1637     0.5739     1.4837     3.1563     5.2111     6.6363    10.1094
8        0.0003     0.0165     0.0577     0.2347     0.6679     1.4918     2.5882     3.3717     5.2675
9        0.0001     0.0070     0.0265     0.1140     0.3355     0.7658     1.3726     1.8262     2.9063
10        0.0001     0.0072     0.0268     0.1136     0.3111     0.6475     1.0940     1.4290     2.2425
11        0.0000     0.0026     0.0096     0.0393     0.1047     0.2062     0.3309     0.4220     0.6438
12        0.0000     0.0014     0.0051     0.0202     0.0525     0.1024     0.1646     0.2111     0.3268
13        0.0000     0.0003     0.0009     0.0036     0.0092     0.0180     0.0299     0.0395     0.0675
14        0.0000     0.0001     0.0003     0.0010     0.0027     0.0054     0.0092     0.0127     0.0255
15+       0.0000     0.0000     0.0001     0.0005     0.0013     0.0027     0.0052     0.0079     0.0315

2031

Age        1%         5%         10%        25%        50%        75%        90%        95%        99%    
1       68.6427    70.6807    78.9419   104.5890   168.5417   236.6423   280.4291   306.7753   330.2387
2       37.3558    41.9082    45.9398    61.1192    98.8973   140.1975   167.6471   182.2050   207.2207
3       11.6942    19.3621    22.5129    30.7093    51.0498    74.4140    93.6581   102.9614   121.8981
4        1.5896     5.9924     8.5275    13.3833    23.3688    36.5896    48.9755    55.4208    69.1338
5        0.1495     1.4945     2.7296     5.3845    10.2746    17.5942    25.1276    29.2874    38.4848
6        0.0109     0.3121     0.7612     1.9659     4.2557     8.0209    12.2153    14.8693    20.8135
7        0.0010     0.0598     0.1906     0.6634     1.6845     3.4948     5.6983     7.2292    10.8462
8        0.0002     0.0134     0.0529     0.2267     0.6658     1.5219     2.6555     3.4925     5.5177
9        0.0000     0.0043     0.0191     0.0949     0.3036     0.7273     1.3336     1.7795     2.8969
10        0.0000     0.0019     0.0089     0.0469     0.1555     0.3793     0.7114     0.9769     1.6123
11        0.0000     0.0020     0.0092     0.0471     0.1460     0.3275     0.5769     0.7692     1.2537
12        0.0000     0.0008     0.0034     0.0165     0.0494     0.1053     0.1761     0.2300     0.3604
13        0.0000     0.0005     0.0018     0.0086     0.0251     0.0525     0.0881     0.1155     0.1831
14        0.0000     0.0001     0.0003     0.0015     0.0044     0.0093     0.0161     0.0215     0.0377
15+       0.0000     0.0000     0.0002     0.0007     0.0020     0.0042     0.0077     0.0111     0.0282

2032

Age        1%         5%         10%        25%        50%        75%        90%        95%        99%    
1       68.6340    70.5581    78.9189   104.4146   168.5595   236.7948   279.5313   306.6454   325.7279
2       37.3691    41.8724    45.8579    60.9147    98.8021   139.9427   168.0706   182.5862   207.6427
3       11.8669    19.5646    22.7429    30.9898    51.6384    75.1593    94.1242   103.3714   122.3728
4        1.7030     6.2405     8.7430    13.5436    23.6588    36.9370    49.4972    55.8255    69.3476
5        0.1730     1.6135     2.8864     5.5418    10.4580    17.8263    25.2048    29.4586    38.4143
6        0.0139     0.3748     0.8761     2.1581     4.5587     8.4360    12.7290    15.4187    21.2047
7        0.0011     0.0789     0.2436     0.7828     1.9031     3.8650     6.2117     7.7699    11.4063
8        0.0002     0.0157     0.0619     0.2674     0.7617     1.6929     2.9227     3.8044     5.9506
9        0.0000     0.0037     0.0178     0.0930     0.3061     0.7473     1.3711     1.8514     3.0757
10        0.0000     0.0012     0.0067     0.0393     0.1415     0.3615     0.6953     0.9526     1.6092
11        0.0000     0.0006     0.0032     0.0198     0.0733     0.1908     0.3741     0.5238     0.9040
12        0.0000     0.0007     0.0033     0.0201     0.0695     0.1670     0.3062     0.4187     0.7008
13        0.0000     0.0003     0.0012     0.0071     0.0237     0.0540     0.0948     0.1260     0.2027
14        0.0000     0.0001     0.0007     0.0037     0.0121     0.0271     0.0475     0.0634     0.1035
15+       0.0000     0.0000     0.0002     0.0010     0.0032     0.0071     0.0128     0.0177     0.0350

2033

Age        1%         5%         10%        25%        50%        75%        90%        95%        99%    
1       68.6554    70.7527    79.1208   104.9119   168.4980   236.5817   279.0911   306.8749   333.7434
2       37.3412    41.9056    45.8499    60.9279    98.8298   140.2038   167.7975   182.6450   208.2099
3       11.9992    19.6716    22.7780    30.9818    51.5904    75.0211    94.3699   103.7958   123.6684
4        1.7787     6.4450     8.9299    13.7794    24.0804    37.3550    49.8987    56.0173    69.8269
5        0.1857     1.7205     3.0211     5.6873    10.6567    18.0680    25.5537    29.6830    38.7746
6        0.0177     0.4191     0.9405     2.2445     4.6520     8.5960    12.8205    15.4247    21.2280
7        0.0015     0.0968     0.2849     0.8716     2.0525     4.0688     6.4499     8.1072    11.7119
8        0.0003     0.0215     0.0807     0.3183     0.8687     1.8822     3.1926     4.0989     6.2841
9        0.0000     0.0045     0.0212     0.1107     0.3516     0.8353     1.5107     2.0277     3.2781
10        0.0000     0.0011     0.0063     0.0392     0.1434     0.3725     0.7152     0.9919     1.7144
11        0.0000     0.0004     0.0024     0.0169     0.0666     0.1820     0.3650     0.5116     0.9034
12        0.0000     0.0002     0.0012     0.0086     0.0350     0.0967     0.1980     0.2836     0.5053
13        0.0000     0.0002     0.0012     0.0088     0.0334     0.0857     0.1638     0.2289     0.3932
14        0.0000     0.0001     0.0005     0.0031     0.0114     0.0279     0.0512     0.0694     0.1145
15+       0.0000     0.0001     0.0003     0.0021     0.0075     0.0178     0.0326     0.0446     0.0767

2034

Age        1%         5%         10%        25%        50%        75%        90%        95%        99%    
1       68.6204    70.5481    78.8808   104.4147   168.5772   237.1609   280.9437   307.4036   333.4843
2       37.5188    42.0683    45.9798    61.1066    98.9223   140.0425   167.9418   182.6391   208.9931
3       12.3177    19.8388    22.8795    31.0363    51.7825    75.2729    94.3464   103.7696   123.4582
4        1.9011     6.5739     9.0633    13.8278    24.1668    37.4711    50.0849    56.4406    70.1499
5        0.2088     1.8154     3.1110     5.8113    10.8625    18.3217    25.7739    29.8363    39.1410
6        0.0193     0.4548     0.9965     2.3302     4.7763     8.7276    13.0176    15.5986    21.4602
7        0.0019     0.1099     0.3113     0.9092     2.1129     4.1605     6.5650     8.1325    11.6979
8        0.0004     0.0265     0.0957     0.3587     0.9389     1.9884     3.3192     4.3155     6.4907
9        0.0000     0.0061     0.0278     0.1327     0.4038     0.9318     1.6546     2.1947     3.4868
10        0.0000     0.0013     0.0076     0.0469     0.1658     0.4183     0.7908     1.0863     1.8305
11        0.0000     0.0004     0.0023     0.0168     0.0683     0.1878     0.3767     0.5342     0.9548
12        0.0000     0.0001     0.0009     0.0073     0.0318     0.0926     0.1932     0.2760     0.5060
13        0.0000     0.0001     0.0005     0.0038     0.0169     0.0494     0.1049     0.1538     0.2845
14        0.0000     0.0001     0.0005     0.0039     0.0163     0.0444     0.0883     0.1255     0.2212
15+       0.0000     0.0000     0.0003     0.0023     0.0093     0.0239     0.0453     0.0623     0.1060

Probability Spawning Stock Biomass Exceeds Threshold      3.660 (1000 MT)

Year    Probability

2021    0.057940
2022    0.666280
2023    0.941740
2024    0.915760
2025    0.790590
2026    0.594180
2027    0.505260
2028    0.514440
2029    0.545580
2030    0.568940
2031    0.587780
2032    0.603210
2033    0.613420
2034    0.621390

Probability Threshold Exceeded at Least Once =     0.9850

Probability Total Fishing Mortality Exceeds Threshold     0.8413 

Year    Probability

2021    0.007280
2022    0.000000
2023    0.000120
2024    0.006820
2025    0.215950
2026    0.405240
2027    0.273270
2028    0.204010
2029    0.185350
2030    0.170040
2031    0.157260
2032    0.149060
2033    0.143040
2034    0.138930

Probability Threshold Exceeded at Least Once =     0.5165


Requested Percentile Report

Percentile =    40.00 %

                                 2021       2022       2023       2024       2025       2026       2027       2028       2029       2030       2031       2032       2033       2034 

Recruits                     143.9050   147.3284   145.4758   145.9321   145.8911   146.3055   145.0189   145.3752   146.5042   145.0688   145.5850   145.6522   145.2801   144.6721 
Spawning Stock Biomass         2.5102     3.7874     5.1730     5.2870     4.5977     3.6346     3.2049     3.2533     3.3956     3.5040     3.5963     3.6760     3.7318     3.7670 
Jan-1 Stock Biomass            8.8146     9.9484    10.7798    11.1381    10.8954     9.7387     8.8045     8.7465     8.8923     9.0518     9.1659     9.2491     9.3087     9.3640 
Mean Biomass                   8.5285     9.4558    10.0306    10.0395     9.2638     8.1883     7.7519     7.8344     7.9815     8.1140     8.2189     8.2846     8.3467     8.3919 
Combined Catch Biomass         1.5398     1.4739     1.6854     2.1567     3.2250     3.2250     2.4000     2.1500     2.1500     2.1500     2.1500     2.1500     2.1500     2.1500 
Landings                       1.5398     1.4739     1.6854     2.1567     3.2250     3.2250     2.4000     2.1500     2.1500     2.1500     2.1500     2.1500     2.1500     2.1500 
FMort                          0.5036     0.3492     0.3496     0.3779     0.5902     0.6907     0.5600     0.4930     0.4791     0.4676     0.4587     0.4523     0.4467     0.4430 

Stock Numbers at Age
Age 1                        244.9740   143.9050   147.3284   145.4758   145.9321   145.8911   146.3055   145.0189   145.3752   146.5042   145.0688   145.5850   145.6522   145.2801 
Age 2                         93.8626   145.4593    86.6687    89.1658    86.1181    84.9050    83.4074    84.8124    84.0154    84.4684    84.9446    84.3776    84.8393    84.7243 
Age 3                         51.2273    51.0168    83.3982    49.9508    48.4953    41.9189    38.4444    39.9769    41.5918    41.7013    42.1141    42.6647    42.5155    42.8404 
Age 4                          9.1703    24.9776    27.5727    45.4229    25.2160    19.7518    15.6004    16.0026    17.6462    18.5863    18.7643    19.0555    19.3836    19.4244 
Age 5                          2.4696     4.2298    13.0529    14.5956    22.6566     9.6854     6.8174     6.1174     6.7805     7.5723     8.0582     8.2204     8.3835     8.5493 
Age 6                          0.8492     1.1145     2.1404     6.7309     7.1942     8.7652     3.2815     2.6183     2.5298     2.8624     3.2407     3.4900     3.5865     3.6692 
Age 7                          0.1227     0.3792     0.5673     1.0761     3.3147     2.8075     3.0095     1.2626     1.0917     1.0716     1.2241     1.4010     1.5259     1.5705 
Age 8                          0.0902     0.0563     0.1928     0.2894     0.5316     1.3118     0.9804     1.1772     0.5340     0.4668     0.4633     0.5361     0.6159     0.6771 
Age 9                          0.0063     0.0409     0.0287     0.0984     0.1451     0.2159     0.4704     0.3896     0.5049     0.2321     0.2049     0.2057     0.2393     0.2768 
Age 10                          0.0032     0.0030     0.0206     0.0147     0.0500     0.0598     0.0797     0.1914     0.1694     0.2227     0.1031     0.0924     0.0927     0.1087 
Age 11                          0.0009     0.0015     0.0015     0.0103     0.0076     0.0210     0.0224     0.0330     0.0847     0.0757     0.1003     0.0473     0.0425     0.0428 
Age 12                          0.0001     0.0004     0.0008     0.0008     0.0052     0.0033     0.0080     0.0094     0.0148     0.0382     0.0344     0.0462     0.0219     0.0197 
Age 13                          0.0000     0.0000     0.0002     0.0004     0.0004     0.0023     0.0013     0.0034     0.0043     0.0067     0.0176     0.0159     0.0215     0.0103 
Age 14                          0.0000     0.0000     0.0000     0.0001     0.0002     0.0002     0.0009     0.0006     0.0016     0.0020     0.0031     0.0082     0.0075     0.0101 
Age 15                          0.0000     0.0000     0.0000     0.0000     0.0001     0.0001     0.0001     0.0004     0.0005     0.0010     0.0014     0.0021     0.0049     0.0059 
