AGEPRO VERSION 4.2

2025_MLS_scenario1

Date & Time of Run: 14 Mar 2025  19:05

Input File Name:    2025_MLS_scenario1.inp

First Age Class:                         1
Number of Age Classes:                  15
Number of Years in Projection:          14
Number of Fleets:                        9
Number of Recruitment Models:            3
Number of Bootstraps:                  100
Number of Simulations:                1000

Bootstrap File Name:            C:\Users\jon.brodziak\Desktop\2024 WCNPO MLS Rebuilding\Bootstrap-numbers-at-age\2023_WCNPOMLS.bsn

Number of Feasible Solutions:      99846  of     100000 Realizations

Input Harvest Scenario

Year  Type        Fleet-1    Fleet-2    Fleet-3    Fleet-4    Fleet-5    Fleet-6    Fleet-7    Fleet-8    Fleet-9    

2021  Landings        118        100        551         72         89         37         58        265        249 
2022  Landings         75         99        464         36         80         54         84        298        284 
2023  Landings        129         80        526         28        110         54         84        214        461 
2024  Landings         83        176        578         27        110         54         84        584        461 
2025  Landings        203        134        978         75        176         96        183        228        326 
2026  Landings        203        134        978         75        176         96        183        228        326 
2027  Landings        203        134        978         75        176         96        183        228        326 
2028  Landings        198        130        740         71        169         94        180        399        318 
2029  Landings        198        130        740         71        169         94        180        399        318 
2030  Landings        198        130        740         71        169         94        180        399        318 
2031  Landings        198        130        740         71        169         94        180        399        318 
2032  Landings        189        125        708         68        162         90        173        381        304 
2033  Landings        189        125        708         68        162         90        173        381        304 
2034  Landings        189        125        708         68        162         90        173        381        304 

Recruitment Selection Distribution

Year  Selection-1 Selection-2 Selection-3 

2021      0.1210     0.8391     0.0400 
2022      0.1209     0.8378     0.0412 
2023      0.1192     0.8400     0.0408 
2024      0.1196     0.8413     0.0391 
2025      0.1211     0.8381     0.0408 
2026      0.1191     0.8410     0.0399 
2027      0.1184     0.8417     0.0399 
2028      0.1199     0.8402     0.0399 
2029      0.1213     0.8376     0.0412 
2030      0.1217     0.8391     0.0392 
2031      0.1204     0.8399     0.0396 
2032      0.1203     0.8400     0.0397 
2033      0.1217     0.8383     0.0400 
2034      0.1207     0.8386     0.0406 

Recruits        1000  Fish

Year Class   Average        StdDev
2021        173.7373       82.0013
2022        174.4404       83.6117
2023        174.6495       84.5804
2024        174.6760       84.4921
2025        174.9756       84.3807
2026        174.3034       83.6725
2027        174.2406       82.3178
2028        174.0256       83.3475
2029        173.8175       81.8527
2030        173.7207       82.0102
2031        173.9733       82.7750
2032        173.9561       82.8230
2033        173.7644       83.1264
2034        173.8916       82.6509

Recruits Distribution

Year Class 1%         5%         10%        25%        50%        75%        90%        95%        99%    
2021    68.6629    70.8964    79.1970   105.1951   168.5409   236.6984   279.3704   306.2575   325.4521
2022    68.6697    70.9034    79.2150   105.1321   168.5670   236.8441   280.0774   306.9589   342.4789
2023    68.6436    70.5752    79.0552   104.7588   168.5874   236.6964   280.7858   307.3744   354.7226
2024    68.6579    70.6394    79.0606   104.7533   168.5908   237.0110   280.9539   307.8879   352.3671
2025    68.6580    70.7510    79.1394   105.0709   168.6232   237.1795   281.2694   307.9370   358.0830
2026    68.6620    70.9239    79.1826   105.0825   168.5314   236.4902   280.6170   307.5504   341.4329
2027    68.6618    70.7995    79.1674   105.3074   168.5904   236.7009   279.1418   306.4522   337.2849
2028    68.6544    70.8756    79.1561   105.0351   168.4678   236.5338   279.8890   307.2377   341.4356
2029    68.6658    70.8106    79.1143   104.8443   168.5275   236.5685   280.0013   306.6712   327.8007
2030    68.6449    70.7238    79.1505   104.8477   168.5420   236.3046   279.4036   306.2443   327.5194
2031    68.6576    70.5711    78.9488   104.9427   168.5582   236.6799   279.0911   306.7764   329.8742
2032    68.6316    70.5050    78.8563   104.7714   168.5299   236.9364   280.2550   307.1770   328.6125
2033    68.6591    70.6567    79.0657   104.8539   168.4417   236.7052   280.2704   306.4728   327.5333
2034    68.6490    70.5889    78.9086   104.6806   168.4609   236.8064   280.1744   306.7475   336.6692

Spawning Stock Biomass  x       1000 MT

Year       Average        StdDev
2021        2.7367        0.6258
2022        4.0562        0.8624
2023        5.6542        1.4209
2024        5.8767        1.7236
2025        5.5814        1.9105
2026        5.1988        2.0210
2027        4.9000        2.0837
2028        4.7189        2.1124
2029        4.5949        2.1229
2030        4.4863        2.1228
2031        4.3987        2.1236
2032        4.3667        2.1207
2033        4.3785        2.1243
2034        4.3948        2.1350

Spawning Stock Biomass Distribution

Year        1%         5%         10%        25%        50%        75%        90%        95%        99%   
2021     1.6082     1.9803     2.1176     2.3359     2.6384     3.0235     3.4247     3.7304     5.3692 
2022     2.3058     2.8070     3.0375     3.4804     3.9729     4.5180     5.1978     5.6346     6.6083 
2023     3.0348     3.5944     3.9409     4.6198     5.5208     6.4879     7.5834     8.3035     9.5325 
2024     2.6484     3.3617     3.7947     4.6377     5.7159     6.9471     8.1353     8.8902    10.5245 
2025     1.9942     2.8006     3.2914     4.2263     5.4166     6.7366     8.0354     8.8610    10.7562 
2026     1.4427     2.2778     2.7995     3.7765     5.0191     6.3947     7.7623     8.6647    10.8047 
2027     1.0687     1.9024     2.4459     3.4430     4.7111     6.1199     7.5142     8.4687    10.7277 
2028     0.8637     1.6985     2.2360     3.2374     4.5137     5.9440     7.3742     8.3475    10.7184 
2029     0.7565     1.5742     2.1082     3.0954     4.3880     5.8265     7.2738     8.2413    10.6502 
2030     0.6673     1.4707     1.9829     2.9828     4.2722     5.7267     7.1745     8.1322    10.5878 
2031     0.5831     1.3687     1.8903     2.8934     4.1939     5.6348     7.0897     8.0648    10.3556 
2032     0.5426     1.3321     1.8521     2.8615     4.1655     5.6123     7.0587     8.0335    10.3446 
2033     0.5344     1.3347     1.8577     2.8763     4.1640     5.6305     7.0789     8.0748    10.3604 
2034     0.5228     1.3366     1.8666     2.8895     4.1904     5.6419     7.1153     8.0882    10.3805 

JAN-1 Stock Biomass  x       1000 MT

Year       Average        StdDev
2021        9.2913        1.5938
2022       10.6231        2.0518
2023       11.5540        2.4233
2024       11.9906        2.6808
2025       11.7893        2.8713
2026       11.3695        2.9902
2027       11.0024        3.0535
2028       10.7130        3.0886
2029       10.5412        3.1026
2030       10.4008        3.1099
2031       10.2873        3.1154
2032       10.2009        3.1204
2033       10.2188        3.1350
2034       10.2362        3.1533

JAN-1 Stock Biomass Distribution

Year       1%         5%         10%        25%        50%        75%        90%        95%        99%    
2021     6.3315     6.9532     7.3668     8.1653     9.1614    10.1311    11.5415    12.2800    13.7190 
2022     6.7068     7.5810     8.1342     9.1867    10.4413    11.8804    13.3050    14.2376    16.0644 
2023     6.9009     7.9706     8.6330     9.8434    11.3704    13.0372    14.6526    15.7088    18.0642 
2024     6.7866     8.0042     8.7494    10.1121    11.7972    13.6220    15.3920    16.5886    19.1935 
2025     6.1793     7.5191     8.3412     9.7963    11.5809    13.5168    15.4059    16.6535    19.5991 
2026     5.4881     6.9285     7.7964     9.3126    11.1571    13.1606    15.1279    16.4241    19.6076 
2027     4.9918     6.4909     7.3626     8.8992    10.7679    12.8233    14.8472    16.1659    19.5113 
2028     4.6620     6.1671     7.0332     8.5792    10.4788    12.5498    14.5936    15.9592    19.3405 
2029     4.4785     5.9610     6.8395     8.4054    10.3066    12.4036    14.4522    15.8145    19.2189 
2030     4.2706     5.7863     6.6738     8.2618    10.1749    12.2621    14.3075    15.7155    18.9457 
2031     4.1368     5.6646     6.5433     8.1383    10.0710    12.1550    14.1950    15.6033    18.8036 
2032     4.0461     5.5661     6.4586     8.0524     9.9863    12.0692    14.1194    15.4939    18.7629 
2033     3.9910     5.5862     6.4680     8.0626    10.0020    12.0884    14.1471    15.5237    18.8874 
2034     3.9615     5.5781     6.4717     8.0791    10.0166    12.1255    14.1716    15.5727    18.9212 

Mean Biomass  x       1000 MT

Year       Average        StdDev
2021        9.0563        1.6986
2022       10.1753        2.1461
2023       10.8285        2.4760
2024       10.9160        2.7143
2025       10.5691        2.8810
2026       10.1745        2.9830
2027        9.8410        3.0261
2028        9.6188        3.0462
2029        9.4625        3.0616
2030        9.3355        3.0650
2031        9.2323        3.0643
2032        9.2053        3.0760
2033        9.2250        3.0903
2034        9.2397        3.1083

Mean Biomass Distribution

Year       1%         5%         10%        25%        50%        75%        90%        95%        99%    
2021     5.9377     6.5586     6.9924     7.8300     8.9227     9.9751    11.4747    12.2237    13.7193 
2022     6.1017     7.0024     7.5631     8.6652     9.9838    11.5051    12.9709    13.9366    15.8447 
2023     6.0611     7.1613     7.8370     9.0732    10.6399    12.3488    14.0109    15.0848    17.4692 
2024     5.6483     6.9044     7.6421     9.0237    10.7087    12.5625    14.3801    15.5293    18.2114 
2025     4.9603     6.3007     7.1117     8.5798    10.3557    12.2931    14.1890    15.4444    18.4100 
2026     4.3200     5.7583     6.6169     8.1171     9.9502    11.9482    13.8974    15.2274    18.4479 
2027     3.8920     5.3735     6.2300     7.7617     9.6195    11.6375    13.6440    14.9663    18.2587 
2028     3.6648     5.1237     5.9943     7.5170     9.3905    11.4331    13.4472    14.7790    18.1099 
2029     3.4792     4.9441     5.7884     7.3468     9.2339    11.2914    13.3196    14.6625    17.9585 
2030     3.2733     4.7793     5.6591     7.2211     9.1311    11.1650    13.1868    14.5545    17.7561 
2031     3.1688     4.6873     5.5494     7.1122     9.0285    11.0814    13.0759    14.4261    17.6378 
2032     3.1178     4.6409     5.5185     7.0924     8.9924    11.0480    13.0647    14.4311    17.6115 
2033     3.0881     4.6571     5.5147     7.1111     9.0135    11.0617    13.0965    14.4623    17.8107 
2034     3.0726     4.6519     5.5292     7.1147     9.0215    11.0945    13.1414    14.4663    17.8240 

Combined Catch Biomass  x       1000 MT

Year       Average        StdDev
2021        1.5398        0.0000
2022        1.4739        0.0000
2023        1.6853        0.0151
2024        2.1565        0.0236
2025        2.3997        0.0263
2026        2.3997        0.0274
2027        2.3996        0.0294
2028        2.2994        0.0356
2029        2.2991        0.0460
2030        2.2986        0.0568
2031        2.2981        0.0658
2032        2.1978        0.0702
2033        2.1972        0.0787
2034        2.1966        0.0863

Combined Catch Distribution

Year       1%         5%         10%        25%        50%        75%        90%        95%        99%    
2021     1.5398     1.5398     1.5398     1.5398     1.5398     1.5398     1.5398     1.5398     1.5398 
2022     1.4739     1.4739     1.4739     1.4739     1.4739     1.4739     1.4739     1.4739     1.4739 
2023     1.6854     1.6854     1.6854     1.6854     1.6854     1.6854     1.6854     1.6854     1.6854 
2024     2.1567     2.1567     2.1567     2.1567     2.1567     2.1567     2.1567     2.1567     2.1567 
2025     2.4000     2.4000     2.4000     2.4000     2.4000     2.4000     2.4000     2.4000     2.4000 
2026     2.4000     2.4000     2.4000     2.4000     2.4000     2.4000     2.4000     2.4000     2.4000 
2027     2.4000     2.4000     2.4000     2.4000     2.4000     2.4000     2.4000     2.4000     2.4000 
2028     2.3000     2.3000     2.3000     2.3000     2.3000     2.3000     2.3000     2.3000     2.3000 
2029     2.3000     2.3000     2.3000     2.3000     2.3000     2.3000     2.3000     2.3000     2.3000 
2030     2.3000     2.3000     2.3000     2.3000     2.3000     2.3000     2.3000     2.3000     2.3000 
2031     2.3000     2.3000     2.3000     2.3000     2.3000     2.3000     2.3000     2.3000     2.3000 
2032     2.2000     2.2000     2.2000     2.2000     2.2000     2.2000     2.2000     2.2000     2.2000 
2033     2.2000     2.2000     2.2000     2.2000     2.2000     2.2000     2.2000     2.2000     2.2000 
2034     2.2000     2.2000     2.2000     2.2000     2.2000     2.2000     2.2000     2.2000     2.2000 

Landings  x       1000 MT

Year       Average        StdDev
2021        1.5398        0.0000
2022        1.4739        0.0000
2023        1.6853        0.0151
2024        2.1565        0.0236
2025        2.3997        0.0263
2026        2.3997        0.0274
2027        2.3996        0.0294
2028        2.2994        0.0356
2029        2.2991        0.0460
2030        2.2986        0.0568
2031        2.2981        0.0658
2032        2.1978        0.0702
2033        2.1972        0.0787
2034        2.1966        0.0863

Landings Distribution

Year       1%         5%         10%        25%        50%        75%        90%        95%        99%    
2021     1.5398     1.5398     1.5398     1.5398     1.5398     1.5398     1.5398     1.5398     1.5398 
2022     1.4739     1.4739     1.4739     1.4739     1.4739     1.4739     1.4739     1.4739     1.4739 
2023     1.6854     1.6854     1.6854     1.6854     1.6854     1.6854     1.6854     1.6854     1.6854 
2024     2.1567     2.1567     2.1567     2.1567     2.1567     2.1567     2.1567     2.1567     2.1567 
2025     2.4000     2.4000     2.4000     2.4000     2.4000     2.4000     2.4000     2.4000     2.4000 
2026     2.4000     2.4000     2.4000     2.4000     2.4000     2.4000     2.4000     2.4000     2.4000 
2027     2.4000     2.4000     2.4000     2.4000     2.4000     2.4000     2.4000     2.4000     2.4000 
2028     2.3000     2.3000     2.3000     2.3000     2.3000     2.3000     2.3000     2.3000     2.3000 
2029     2.3000     2.3000     2.3000     2.3000     2.3000     2.3000     2.3000     2.3000     2.3000 
2030     2.3000     2.3000     2.3000     2.3000     2.3000     2.3000     2.3000     2.3000     2.3000 
2031     2.3000     2.3000     2.3000     2.3000     2.3000     2.3000     2.3000     2.3000     2.3000 
2032     2.2000     2.2000     2.2000     2.2000     2.2000     2.2000     2.2000     2.2000     2.2000 
2033     2.2000     2.2000     2.2000     2.2000     2.2000     2.2000     2.2000     2.2000     2.2000 
2034     2.2000     2.2000     2.2000     2.2000     2.2000     2.2000     2.2000     2.2000     2.2000 

Total Fishing Mortality

Year       Average        StdDev
2021        0.5271        0.0947
2022        0.3727        0.0749
2023        0.3814        0.0911
2024        0.4237        0.1196
2025        0.4852        0.1714
2026        0.5337        0.2373
2027        0.5826        0.3216
2028        0.5862        0.3656
2029        0.6107        0.4133
2030        0.6332        0.4595
2031        0.6528        0.4913
2032        0.6329        0.4906
2033        0.6313        0.4916
2034        0.6304        0.4974

Total Fishing Mortality Distribution

Year       1%         5%         10%        25%        50%        75%        90%        95%        99%    
2021     0.2832     0.3867     0.4181     0.4637     0.5247     0.5834     0.6376     0.6718     0.8276 
2022     0.2248     0.2606     0.2805     0.3251     0.3638     0.4144     0.4731     0.5100     0.5861 
2023     0.2234     0.2552     0.2766     0.3179     0.3690     0.4320     0.5033     0.5494     0.6483 
2024     0.2329     0.2712     0.2942     0.3398     0.4031     0.4852     0.5795     0.6477     0.7999 
2025     0.2416     0.2877     0.3153     0.3696     0.4496     0.5594     0.6958     0.8016     1.0717 
2026     0.2396     0.2942     0.3249     0.3874     0.4799     0.6148     0.7954     0.9486     1.3728 
2027     0.2415     0.3002     0.3347     0.4030     0.5083     0.6666     0.8898     1.0956     1.7457 
2028     0.2320     0.2904     0.3253     0.3937     0.5009     0.6656     0.9079     1.1311     1.9078 
2029     0.2321     0.2944     0.3292     0.4009     0.5146     0.6921     0.9536     1.2041     2.0881 
2030     0.2351     0.2974     0.3333     0.4070     0.5255     0.7139     1.0023     1.2724     2.2897 
2031     0.2387     0.2999     0.3369     0.4126     0.5342     0.7324     1.0377     1.3478     2.4713 
2032     0.2287     0.2882     0.3232     0.3966     0.5148     0.7068     1.0121     1.3095     2.4855 
2033     0.2288     0.2872     0.3225     0.3957     0.5134     0.7060     1.0088     1.3107     2.4927 
2034     0.2270     0.2862     0.3208     0.3945     0.5121     0.7037     1.0034     1.3024     2.4601 

JAN-1 Stock Numbers at Age  -       1000  Fish

2021

Age        1%         5%         10%        25%        50%        75%        90%        95%        99%    
1      140.2370   175.0900   184.8320   216.7130   261.1480   317.3690   385.6290   409.5080   464.9250
2       58.9389    77.9477    80.8620    85.4451   100.4175   112.5240   125.3470   138.4980   148.4390
3       34.1986    41.3466    43.5177    47.9381    54.8765    60.4455    67.3245    74.4817    84.8335
4        4.4701     6.3288     7.3712     8.3369     9.5330    10.8358    12.5169    14.0136    20.6054
5        1.2938     1.6031     1.7337     2.2441     2.6907     3.2695     4.2092     4.8898     7.4995
6        0.2917     0.4842     0.6024     0.6936     0.9665     1.2287     1.8234     2.1765     5.0518
7        0.0278     0.0584     0.0739     0.1025     0.1591     0.2261     0.3164     0.3996     1.3049
8        0.0082     0.0292     0.0370     0.0584     0.1092     0.1670     0.2575     0.4456     2.1858
9        0.0003     0.0014     0.0021     0.0035     0.0085     0.0144     0.0223     0.0334     0.2402
10        0.0001     0.0005     0.0007     0.0015     0.0043     0.0069     0.0143     0.0242     0.2609
11        0.0000     0.0001     0.0002     0.0004     0.0014     0.0028     0.0051     0.0082     0.1988
12        0.0000     0.0000     0.0000     0.0000     0.0001     0.0003     0.0005     0.0008     0.0280
13        0.0000     0.0000     0.0000     0.0000     0.0000     0.0002     0.0003     0.0005     0.0316
14        0.0000     0.0000     0.0000     0.0000     0.0000     0.0000     0.0001     0.0001     0.0183
15+       0.0000     0.0000     0.0000     0.0000     0.0000     0.0000     0.0000     0.0000     0.0127

2022

Age        1%         5%         10%        25%        50%        75%        90%        95%        99%    
1       68.6629    70.8964    79.1970   105.1951   168.5409   236.6984   279.3704   306.2575   325.4521
2       88.1641   103.9381   110.7242   128.0304   156.4003   191.5117   232.7100   253.5317   288.5586
3       30.1680    40.6623    43.0765    46.7771    54.1971    62.7715    71.5960    78.4702    89.1502
4       15.2368    18.6765    20.6047    23.1367    26.5379    30.7453    35.5015    39.9606    50.2397
5        1.9804     2.7398     3.2521     3.7772     4.4699     5.2540     6.4280     7.0777    11.8963
6        0.5402     0.6563     0.7413     0.9995     1.2047     1.5435     2.0825     2.4510     4.4964
7        0.1304     0.2164     0.2510     0.3095     0.4196     0.5832     0.8877     1.0801     3.0400
8        0.0134     0.0255     0.0325     0.0452     0.0696     0.1067     0.1606     0.2059     0.7894
9        0.0040     0.0128     0.0165     0.0270     0.0490     0.0802     0.1298     0.2202     1.3448
10        0.0001     0.0006     0.0009     0.0017     0.0038     0.0069     0.0111     0.0178     0.1472
11        0.0000     0.0002     0.0003     0.0007     0.0020     0.0033     0.0076     0.0123     0.1605
12        0.0000     0.0000     0.0001     0.0002     0.0007     0.0013     0.0026     0.0042     0.1248
13        0.0000     0.0000     0.0000     0.0000     0.0001     0.0001     0.0003     0.0004     0.0178
14        0.0000     0.0000     0.0000     0.0000     0.0000     0.0001     0.0001     0.0003     0.0201
15+       0.0000     0.0000     0.0000     0.0000     0.0000     0.0000     0.0001     0.0001     0.0200

2023

Age        1%         5%         10%        25%        50%        75%        90%        95%        99%    
1       68.6697    70.9034    79.2150   105.1321   168.5670   236.8441   280.0774   306.9589   342.4789
2       39.8710    43.3403    47.5812    63.0266   101.4313   143.4320   171.1413   185.8697   208.5718
3       48.3314    57.6788    62.2164    72.6337    90.6395   112.1949   137.7868   152.1901   174.7122
4       14.8503    20.5963    22.3476    24.9748    29.4669    34.9781    40.5361    44.6154    51.6616
5        7.0371     9.0479    10.3051    11.9146    13.9366    16.6667    19.5626    22.4246    29.2157
6        0.8837     1.3437     1.6066     1.9081     2.2894     2.7721     3.4899     3.8955     6.8339
7        0.2515     0.3038     0.3673     0.4962     0.6171     0.8051     1.1193     1.3168     2.6678
8        0.0602     0.1073     0.1200     0.1573     0.2182     0.3037     0.4822     0.5775     1.7728
9        0.0071     0.0127     0.0164     0.0232     0.0358     0.0556     0.0864     0.1117     0.4825
10        0.0021     0.0062     0.0083     0.0141     0.0250     0.0424     0.0714     0.1159     0.8373
11        0.0001     0.0003     0.0004     0.0009     0.0019     0.0037     0.0061     0.0098     0.0901
12        0.0000     0.0001     0.0002     0.0004     0.0010     0.0018     0.0042     0.0067     0.0989
13        0.0000     0.0000     0.0000     0.0001     0.0003     0.0007     0.0014     0.0023     0.0760
14        0.0000     0.0000     0.0000     0.0000     0.0000     0.0001     0.0002     0.0002     0.0109
15+       0.0000     0.0000     0.0000     0.0000     0.0000     0.0001     0.0001     0.0002     0.0240

2024

Age        1%         5%         10%        25%        50%        75%        90%        95%        99%    
1       68.6436    70.5752    79.0552   104.7588   168.5874   236.6964   280.7858   307.3744   354.7226
2       40.0451    43.6217    47.8830    63.3622   102.1598   144.2518   172.2733   187.2208   214.5228
3       21.9825    24.7259    27.2590    36.2729    58.6711    83.9636   101.9862   111.1213   128.3571
4       23.8555    29.3610    32.3734    38.7527    50.0998    63.2794    79.2946    88.8797   103.6902
5        6.9490     9.7520    11.0621    12.9744    15.7564    19.0669    22.6992    25.1303    29.7557
6        3.1745     4.2997     4.9383     5.9664     7.2466     8.8511    10.6613    12.3336    16.6152
7        0.3771     0.6322     0.7693     0.9475     1.1643     1.4579     1.8852     2.1527     3.8541
8        0.1123     0.1412     0.1779     0.2430     0.3167     0.4184     0.5930     0.7161     1.5288
9        0.0281     0.0511     0.0574     0.0782     0.1128     0.1565     0.2598     0.3115     1.0073
10        0.0032     0.0062     0.0080     0.0117     0.0180     0.0287     0.0458     0.0600     0.2956
11        0.0011     0.0031     0.0042     0.0073     0.0127     0.0220     0.0392     0.0600     0.4837
12        0.0000     0.0001     0.0002     0.0004     0.0010     0.0019     0.0034     0.0053     0.0516
13        0.0000     0.0001     0.0001     0.0002     0.0005     0.0009     0.0023     0.0037     0.0580
14        0.0000     0.0000     0.0000     0.0001     0.0002     0.0004     0.0008     0.0013     0.0471
15+       0.0000     0.0000     0.0000     0.0000     0.0000     0.0001     0.0001     0.0002     0.0208

2025

Age        1%         5%         10%        25%        50%        75%        90%        95%        99%    
1       68.6579    70.6394    79.0606   104.7533   168.5908   237.0110   280.9539   307.8879   352.3671
2       39.0576    42.5916    46.6028    61.8442    99.9213   141.4507   169.3509   183.8303   215.6037
3       20.3755    23.3739    25.9273    34.4884    56.3479    80.9534    99.1427   108.0926   127.5367
4        9.6208    11.8134    13.3883    18.2320    30.2227    44.6030    56.2372    62.0085    74.2122
5        9.7520    12.9462    14.8938    18.8560    25.3727    33.2558    42.9021    49.0213    58.8971
6        2.8499     4.1030     4.9063     6.2095     7.8672     9.8037    12.0184    13.4892    16.3237
7        1.3140     1.8683     2.2123     2.8441     3.6224     4.5431     5.6571     6.5788     9.0061
8        0.1550     0.2744     0.3504     0.4559     0.5834     0.7557     1.0008     1.1818     2.1002
9        0.0477     0.0651     0.0821     0.1187     0.1612     0.2179     0.3115     0.3886     0.8435
10        0.0131     0.0229     0.0274     0.0387     0.0575     0.0814     0.1386     0.1701     0.5558
11        0.0015     0.0030     0.0038     0.0059     0.0092     0.0149     0.0245     0.0321     0.1660
12        0.0006     0.0015     0.0021     0.0037     0.0066     0.0115     0.0216     0.0318     0.2723
13        0.0000     0.0001     0.0001     0.0002     0.0005     0.0010     0.0019     0.0028     0.0291
14        0.0000     0.0000     0.0000     0.0001     0.0003     0.0005     0.0013     0.0020     0.0330
15+       0.0000     0.0000     0.0000     0.0000     0.0001     0.0002     0.0005     0.0008     0.0402

2026

Age        1%         5%         10%        25%        50%        75%        90%        95%        99%    
1       68.6580    70.7510    79.1394   105.0709   168.6232   237.1795   281.2694   307.9370   358.0830
2       39.2414    42.9324    46.9289    62.2792   100.6684   142.5173   170.6057   185.1104   215.5257
3       18.5471    22.0904    24.5997    32.9168    53.9689    77.9783    96.1550   105.2089   127.3998
4        7.3868     9.9943    11.7194    16.2177    27.4262    41.0489    52.8738    58.6405    72.0906
5        3.1120     4.6542     5.6778     8.2362    14.1171    21.9100    29.0861    32.8757    41.0561
6        3.0655     4.8539     6.0173     8.3368    11.8571    16.4473    21.8958    25.4976    31.7806
7        0.9502     1.5468     1.9585     2.7481     3.7147     4.8547     6.1426     7.0338     8.7691
8        0.4466     0.7259     0.9127     1.2735     1.7308     2.2754     2.9287     3.4350     4.7454
9        0.0581     0.1085     0.1463     0.2080     0.2837     0.3829     0.5194     0.6342     1.1069
10        0.0176     0.0279     0.0361     0.0553     0.0794     0.1115     0.1616     0.2066     0.4472
11        0.0053     0.0094     0.0124     0.0185     0.0284     0.0419     0.0721     0.0911     0.2994
12        0.0006     0.0013     0.0018     0.0029     0.0046     0.0076     0.0128     0.0170     0.0894
13        0.0003     0.0007     0.0010     0.0018     0.0033     0.0059     0.0115     0.0167     0.1473
14        0.0000     0.0000     0.0001     0.0001     0.0003     0.0005     0.0010     0.0015     0.0158
15+       0.0000     0.0000     0.0000     0.0001     0.0002     0.0004     0.0009     0.0015     0.0398

2027

Age        1%         5%         10%        25%        50%        75%        90%        95%        99%    
1       68.6620    70.9239    79.1826   105.0825   168.5314   236.4902   280.6170   307.5504   341.4329
2       39.0284    42.7526    46.8080    62.1706   100.4196   142.0781   170.2523   185.2118   216.2347
3       17.4032    21.5775    24.2287    32.5897    53.6509    77.6167    96.2253   105.1145   126.3336
4        5.6458     8.7133    10.5634    14.9928    25.6245    38.9322    50.6621    56.8285    71.4615
5        1.9372     3.5401     4.6106     7.0645    12.4535    19.8879    27.0529    30.8812    39.9372
6        0.7845     1.6024     2.1957     3.5283     6.3119    10.4427    14.6224    17.0327    22.3077
7        0.7675     1.6365     2.2699     3.5251     5.4388     8.0124    11.0563    13.1549    17.1571
8        0.2500     0.5397     0.7467     1.1726     1.7307     2.3986     3.1369     3.6635     4.7198
9        0.1229     0.2624     0.3587     0.5548     0.8206     1.1411     1.5155     1.7977     2.5067
10        0.0181     0.0409     0.0580     0.0924     0.1369     0.1941     0.2710     0.3372     0.5759
11        0.0055     0.0110     0.0153     0.0250     0.0388     0.0568     0.0836     0.1100     0.2338
12        0.0018     0.0037     0.0053     0.0086     0.0140     0.0216     0.0371     0.0488     0.1564
13        0.0002     0.0005     0.0008     0.0013     0.0023     0.0039     0.0066     0.0090     0.0468
14        0.0001     0.0003     0.0004     0.0008     0.0016     0.0030     0.0060     0.0088     0.0783
15+       0.0000     0.0000     0.0000     0.0001     0.0002     0.0005     0.0010     0.0016     0.0301

2028

Age        1%         5%         10%        25%        50%        75%        90%        95%        99%    
1       68.6618    70.7995    79.1674   105.3074   168.5904   236.7009   279.1418   306.4522   337.2849
2       38.7403    42.6116    46.6977    61.9304    99.7617   141.2633   169.5122   184.2195   211.4673
3       15.9830    20.9664    23.7297    31.9990    52.8036    76.7711    95.3356   104.6940   126.5621
4        4.3342     7.8763     9.9126    14.4703    24.8987    38.1853    50.2170    56.3495    71.0057
5        1.1387     2.7761     3.8815     6.3300    11.3822    18.5857    25.6491    29.7719    39.5441
6        0.3662     1.0847     1.6364     2.9027     5.4473     9.3796    13.4615    15.8983    21.6119
7        0.1547     0.4977     0.7883     1.4608     2.7811     4.9125     7.2632     8.7165    12.0037
8        0.1517     0.5096     0.8118     1.4544     2.4699     3.8843     5.5642     6.7552     9.2214
9        0.0529     0.1746     0.2732     0.4891     0.7993     1.1856     1.6095     1.9154     2.5613
10        0.0274     0.0874     0.1349     0.2372     0.3862     0.5718     0.7871     0.9503     1.3409
11        0.0045     0.0141     0.0222     0.0402     0.0655     0.0982     0.1412     0.1785     0.3007
12        0.0014     0.0040     0.0061     0.0110     0.0187     0.0288     0.0434     0.0581     0.1216
13        0.0005     0.0014     0.0021     0.0039     0.0068     0.0110     0.0188     0.0259     0.0812
14        0.0001     0.0002     0.0003     0.0006     0.0011     0.0020     0.0034     0.0048     0.0244
15+       0.0000     0.0001     0.0002     0.0004     0.0009     0.0017     0.0035     0.0054     0.0567

2029

Age        1%         5%         10%        25%        50%        75%        90%        95%        99%    
1       68.6544    70.8756    79.1561   105.0351   168.4678   236.5338   279.8890   307.2377   341.4356
2       38.2320    42.1611    46.2906    61.4409    99.0974   140.0120   167.7797   182.6145   209.1710
3       15.0818    20.5418    23.3754    31.5839    52.2005    75.6587    94.7080   103.9705   124.0208
4        3.6693     7.5218     9.6709    14.2127    24.6297    37.9002    50.0889    56.3468    71.2189
5        0.7776     2.4671     3.6438     6.1344    11.1481    18.4258    25.6861    29.7584    39.4491
6        0.1970     0.8288     1.3685     2.6232     5.0357     8.8450    12.9234    15.4854    21.5913
7        0.0641     0.3259     0.5824     1.2046     2.4422     4.4868     6.7798     8.2771    11.7861
8        0.0285     0.1554     0.2867     0.6187     1.2645     2.3803     3.6947     4.5587     6.5606
9        0.0291     0.1617     0.2959     0.6193     1.1586     1.9332     2.8829     3.5700     5.0670
10        0.0105     0.0566     0.1017     0.2113     0.3811     0.6010     0.8492     1.0299     1.4241
11        0.0057     0.0292     0.0515     0.1043     0.1865     0.2926     0.4179     0.5121     0.7383
12        0.0010     0.0049     0.0086     0.0178     0.0319     0.0508     0.0750     0.0963     0.1611
13        0.0003     0.0014     0.0024     0.0050     0.0092     0.0150     0.0231     0.0311     0.0641
14        0.0001     0.0005     0.0009     0.0018     0.0033     0.0057     0.0098     0.0140     0.0421
15+       0.0000     0.0001     0.0002     0.0005     0.0010     0.0019     0.0036     0.0055     0.0427

2030

Age        1%         5%         10%        25%        50%        75%        90%        95%        99%    
1       68.6658    70.8106    79.1143   104.8443   168.5275   236.5685   280.0013   306.6712   327.8007
2       37.9284    42.0663    46.0868    61.1299    98.7023   139.8113   167.8500   182.3070   210.1688
3       14.1705    20.0280    22.9362    31.0990    51.4083    74.5788    93.5321   102.9737   123.2788
4        3.1297     7.0998     9.2764    13.8738    24.0505    37.1820    49.5209    55.7338    69.9986
5        0.5845     2.2383     3.4102     5.9251    10.9354    18.1995    25.5321    29.6515    39.3599
6        0.1168     0.6917     1.2259     2.4890     4.8746     8.7437    12.8636    15.4355    21.4781
7        0.0283     0.2356     0.4653     1.0675     2.2308     4.2073     6.5010     8.0246    11.7156
8        0.0101     0.0967     0.2027     0.4954     1.0994     2.1597     3.4322     4.3174     6.4073
9        0.0045     0.0474     0.1024     0.2599     0.5807     1.1643     1.8917     2.4036     3.6014
10        0.0050     0.0508     0.1067     0.2631     0.5433     0.9682     1.5018     1.9037     2.7949
11        0.0019     0.0182     0.0377     0.0909     0.1811     0.3051     0.4498     0.5570     0.7950
12        0.0010     0.0097     0.0194     0.0456     0.0896     0.1498     0.2228     0.2770     0.4069
13        0.0002     0.0016     0.0033     0.0079     0.0155     0.0262     0.0400     0.0519     0.0871
14        0.0001     0.0005     0.0010     0.0022     0.0045     0.0077     0.0123     0.0167     0.0339
15+       0.0000     0.0002     0.0004     0.0010     0.0021     0.0040     0.0070     0.0104     0.0437

2031

Age        1%         5%         10%        25%        50%        75%        90%        95%        99%    
1       68.6449    70.7238    79.1505   104.8477   168.5420   236.3046   279.4036   306.2443   327.5194
2       37.7460    41.9750    45.9368    60.9394    98.6196   139.7514   167.8280   182.2157   206.8704
3       13.4018    19.5375    22.6368    30.7227    50.9575    74.3061    93.2730   102.5572   123.1573
4        2.5864     6.6715     8.8824    13.5666    23.5748    36.5307    48.7913    55.1262    69.2813
5        0.4392     1.9847     3.1765     5.6820    10.5646    17.8261    25.1182    29.2621    38.7687
6        0.0743     0.5997     1.1037     2.3525     4.7461     8.5903    12.7450    15.3459    21.4975
7        0.0152     0.1863     0.3998     0.9888     2.1407     4.1236     6.4414     7.9832    11.7619
8        0.0040     0.0653     0.1550     0.4282     0.9994     2.0097     3.2814     4.1874     6.3835
9        0.0014     0.0278     0.0698     0.2049     0.5012     1.0449     1.7529     2.2607     3.5148
10        0.0009     0.0143     0.0362     0.1094     0.2680     0.5715     0.9737     1.2692     1.9884
11        0.0009     0.0154     0.0381     0.1116     0.2556     0.4872     0.7864     1.0170     1.5533
12        0.0004     0.0056     0.0138     0.0390     0.0859     0.1550     0.2385     0.3015     0.4476
13        0.0002     0.0031     0.0071     0.0198     0.0429     0.0767     0.1184     0.1497     0.2277
14        0.0000     0.0005     0.0012     0.0034     0.0075     0.0135     0.0213     0.0280     0.0473
15+       0.0000     0.0002     0.0006     0.0015     0.0032     0.0061     0.0102     0.0144     0.0383

2032

Age        1%         5%         10%        25%        50%        75%        90%        95%        99%    
1       68.6576    70.5711    78.9488   104.9427   168.5582   236.6799   279.0911   306.7764   329.8742
2       37.4802    41.8752    45.9373    60.9635    98.5587   139.2397   167.2229   181.7955   206.7774
3       12.4113    19.3152    22.3947    30.5248    50.6717    74.0301    93.0826   102.3388   121.3251
4        2.1611     6.2263     8.5801    13.2584    23.2274    36.2417    48.6063    54.8429    69.0854
5        0.2981     1.7797     2.9611     5.4844    10.3047    17.4106    24.7632    28.8618    38.3380
6        0.0447     0.5008     0.9997     2.2278     4.5720     8.3621    12.4869    15.0753    21.1381
7        0.0076     0.1514     0.3451     0.9218     2.0711     4.0546     6.3714     7.9338    11.6695
8        0.0019     0.0486     0.1290     0.3918     0.9520     1.9636     3.2409     4.1342     6.3854
9        0.0006     0.0179     0.0514     0.1737     0.4522     0.9691     1.6676     2.1879     3.4844
10        0.0003     0.0079     0.0238     0.0844     0.2298     0.5105     0.8967     1.1913     1.9372
11        0.0001     0.0043     0.0126     0.0458     0.1248     0.2825     0.5051     0.6740     1.0987
12        0.0002     0.0046     0.0135     0.0469     0.1202     0.2451     0.4131     0.5443     0.8628
13        0.0001     0.0017     0.0049     0.0166     0.0407     0.0787     0.1265     0.1631     0.2500
14        0.0000     0.0010     0.0026     0.0085     0.0205     0.0392     0.0630     0.0812     0.1264
15+       0.0000     0.0003     0.0007     0.0022     0.0052     0.0101     0.0168     0.0227     0.0445

2033

Age        1%         5%         10%        25%        50%        75%        90%        95%        99%    
1       68.6316    70.5050    78.8563   104.7714   168.5299   236.9364   280.2550   307.1770   328.6125
2       37.6935    41.8829    45.8112    61.0629    98.7955   139.7333   167.7223   182.2700   206.9931
3       12.4944    19.5011    22.6146    30.8249    51.0287    74.3199    93.4627   102.8984   122.4921
4        1.9686     6.2655     8.7008    13.3878    23.3626    36.6405    48.9989    55.2688    68.6132
5        0.2472     1.6924     2.8947     5.4903    10.3429    17.5224    24.8562    29.0199    38.4956
6        0.0317     0.4563     0.9565     2.1914     4.5360     8.2934    12.4964    15.0759    21.0237
7        0.0049     0.1291     0.3207     0.8895     2.0339     3.9869     6.3022     7.8594    11.5600
8        0.0010     0.0404     0.1136     0.3713     0.9324     1.9570     3.2437     4.1609     6.4245
9        0.0003     0.0136     0.0433     0.1608     0.4361     0.9627     1.6689     2.1923     3.5271
10        0.0001     0.0052     0.0178     0.0722     0.2097     0.4795     0.8667     1.1643     1.9470
11        0.0000     0.0024     0.0085     0.0360     0.1084     0.2545     0.4689     0.6389     1.0825
12        0.0000     0.0013     0.0046     0.0198     0.0592     0.1425     0.2651     0.3633     0.6122
13        0.0000     0.0014     0.0049     0.0203     0.0577     0.1253     0.2203     0.2942     0.4841
14        0.0000     0.0006     0.0018     0.0072     0.0196     0.0406     0.0679     0.0892     0.1407
15+       0.0000     0.0004     0.0012     0.0047     0.0126     0.0256     0.0429     0.0566     0.0940

2034

Age        1%         5%         10%        25%        50%        75%        90%        95%        99%    
1       68.6591    70.6567    79.0657   104.8539   168.4417   236.7052   280.2704   306.4728   327.5333
2       37.4335    41.8577    45.7918    60.8692    98.7754   140.0680   168.1625   182.5581   207.7033
3       12.3240    19.5507    22.6574    30.8687    51.3164    74.6004    93.7702   103.1954   122.8057
4        1.9443     6.3474     8.7772    13.5310    23.5781    36.7575    49.2030    55.7154    69.3731
5        0.2253     1.6983     2.9517     5.5343    10.4217    17.7527    25.0656    29.2793    38.2724
6        0.0252     0.4324     0.9307     2.1923     4.5622     8.3649    12.5314    15.1290    21.1677
7        0.0031     0.1175     0.3045     0.8717     2.0238     3.9736     6.3228     7.8649    11.5262
8        0.0008     0.0343     0.1043     0.3583     0.9201     1.9263     3.2211     4.1354     6.3592
9        0.0002     0.0111     0.0385     0.1530     0.4295     0.9618     1.6704     2.1981     3.5366
10        0.0000     0.0040     0.0150     0.0671     0.2033     0.4777     0.8639     1.1693     1.9465
11        0.0000     0.0016     0.0064     0.0305     0.0988     0.2400     0.4532     0.6213     1.0782
12        0.0000     0.0008     0.0031     0.0154     0.0515     0.1281     0.2470     0.3438     0.5986
13        0.0000     0.0004     0.0017     0.0086     0.0283     0.0721     0.1400     0.1960     0.3427
14        0.0000     0.0005     0.0018     0.0088     0.0279     0.0644     0.1174     0.1602     0.2723
15+       0.0000     0.0003     0.0012     0.0053     0.0158     0.0345     0.0597     0.0797     0.1283

Probability Spawning Stock Biomass Exceeds Threshold      3.660 (1000 MT)

Year    Probability

2021    0.058210
2022    0.668800
2023    0.942290
2024    0.917680
2025    0.849160
2026    0.771130
2027    0.710000
2028    0.670890
2029    0.643880
2030    0.621990
2031    0.605820
2032    0.598910
2033    0.600100
2034    0.604260

Probability Threshold Exceeded at Least Once =     0.9881

Probability Total Fishing Mortality Exceeds Threshold     0.8413 

Year    Probability

2021    0.007150
2022    0.000000
2023    0.000150
2024    0.006350
2025    0.038560
2026    0.081040
2027    0.120570
2028    0.125540
2029    0.145140
2030    0.161370
2031    0.175280
2032    0.162010
2033    0.159910
2034    0.158730

Probability Threshold Exceeded at Least Once =     0.3497


Requested Percentile Report

Percentile =    40.00 %

                                 2021       2022       2023       2024       2025       2026       2027       2028       2029       2030       2031       2032       2033       2034 

Recruits                     145.7889   145.7874   146.1674   146.3650   146.4248   145.9258   146.6877   144.9449   145.0966   145.3498   146.0930   145.5204   143.9180   144.6181 
Spawning Stock Biomass         2.5147     3.7934     5.1813     5.2982     4.9511     4.5421     4.2145     4.0204     3.8853     3.7650     3.6887     3.6545     3.6607     3.6818 
Jan-1 Stock Biomass            8.8025     9.9483    10.7774    11.1529    10.8971    10.4427    10.0553     9.7473     9.5755     9.4337     9.3297     9.2452     9.2649     9.2614 
Mean Biomass                   8.5343     9.4641    10.0350    10.0584     9.6729     9.2497     8.9005     8.6612     8.5123     8.3932     8.2832     8.2608     8.2828     8.2936 
Combined Catch Biomass         1.5398     1.4739     1.6854     2.1567     2.4000     2.4000     2.4000     2.3000     2.3000     2.3000     2.3000     2.2000     2.2000     2.2000 
Landings                       1.5398     1.4739     1.6854     2.1567     2.4000     2.4000     2.4000     2.3000     2.3000     2.3000     2.3000     2.2000     2.2000     2.2000 
FMort                          0.5036     0.3491     0.3492     0.3773     0.4164     0.4407     0.4634     0.4560     0.4665     0.4754     0.4823     0.4643     0.4632     0.4616 

Stock Numbers at Age
Age 1                        244.9740   145.7889   145.7874   146.1674   146.3650   146.4248   145.9258   146.6877   144.9449   145.0966   145.3498   146.0930   145.5204   143.9180 
Age 2                         93.8626   145.4256    87.7440    88.1275    86.5437    87.0790    86.7065    86.1107    85.7146    84.6741    84.5525    84.2185    84.7138    84.5746 
Age 3                         51.2273    51.0228    83.4534    50.5391    48.1392    45.9053    45.2172    44.3870    43.3718    42.8779    42.1833    41.9626    42.2422    42.4126 
Age 4                          9.1703    24.9806    27.5973    45.4591    25.4275    22.6579    21.0376    20.2037    19.9994    19.4212    19.0086    18.6749    18.8633    18.9830 
Age 5                          2.4696     4.2323    13.0673    14.6184    22.6849    11.5237    10.0364     9.1046     8.8529     8.6494     8.3537     8.1106     8.1203     8.2087 
Age 6                          0.8492     1.1149     2.1414     6.7441     7.2127    10.3889     5.0569     4.2917     3.9530     3.8049     3.6732     3.5165     3.4759     3.4978 
Age 7                          0.1227     0.3793     0.5674     1.0765     3.3211     3.3346     4.6422     2.1854     1.8802     1.7078     1.6249     1.5568     1.5168     1.4999 
Age 8                          0.0902     0.0563     0.1930     0.2896     0.5325     1.5540     1.5084     2.0516     0.9721     0.8289     0.7420     0.7004     0.6790     0.6629 
Age 9                          0.0063     0.0409     0.0287     0.0986     0.1451     0.2535     0.7165     0.6760     0.9301     0.4354     0.3667     0.3241     0.3120     0.3010 
Age 10                          0.0032     0.0030     0.0206     0.0147     0.0501     0.0699     0.1191     0.3270     0.3110     0.4225     0.1950     0.1633     0.1462     0.1401 
Age 11                          0.0009     0.0015     0.0015     0.0103     0.0077     0.0245     0.0332     0.0552     0.1525     0.1431     0.1926     0.0879     0.0744     0.0666 
Age 12                          0.0001     0.0004     0.0008     0.0008     0.0052     0.0038     0.0117     0.0156     0.0261     0.0711     0.0657     0.0877     0.0405     0.0342 
Age 13                          0.0000     0.0000     0.0002     0.0004     0.0004     0.0026     0.0019     0.0055     0.0074     0.0123     0.0330     0.0301     0.0407     0.0188 
Age 14                          0.0000     0.0000     0.0000     0.0001     0.0002     0.0002     0.0013     0.0009     0.0027     0.0035     0.0057     0.0152     0.0140     0.0190 
Age 15                          0.0000     0.0000     0.0000     0.0000     0.0001     0.0001     0.0002     0.0007     0.0008     0.0017     0.0025     0.0039     0.0090     0.0109 
