AGEPRO VERSION 4.2

2025_MLS_scenario1-auxiliary

Date & Time of Run: 01 May 2025  14:31

Input File Name:    2025_MLS_scenario1-auxiliary.inp

First Age Class:                         1
Number of Age Classes:                  15
Number of Years in Projection:          14
Number of Fleets:                        9
Number of Recruitment Models:            3
Number of Bootstraps:                  100
Number of Simulations:                 100

Bootstrap File Name:            C:\Users\jon.brodziak\Desktop\2024 WCNPO MLS Rebuilding\Bootstrap-numbers-at-age\2023_WCNPOMLS.bsn

Number of Feasible Solutions:       9985  of      10000 Realizations

Input Harvest Scenario

Year  Type        Fleet-1    Fleet-2    Fleet-3    Fleet-4    Fleet-5    Fleet-6    Fleet-7    Fleet-8    Fleet-9    

2021  Landings        118        100        551         72         89         37         58        265        249 
2022  Landings         75         99        464         36         80         54         84        298        284 
2023  Landings        129         80        526         28        110         54         84        214        461 
2024  Landings         83        176        578         27        110         54         84        584        461 
2025  Landings        316        125        904         58        191         85        166        228        326 
2026  Landings        316        125        904         58        191         85        166        228        326 
2027  Landings        316        125        904         58        191         85        166        228        326 
2028  Landings        198        130        740         71        169         94        180        399        318 
2029  Landings        198        130        740         71        169         94        180        399        318 
2030  Landings        198        130        740         71        169         94        180        399        318 
2031  Landings        198        130        740         71        169         94        180        399        318 
2032  Landings        189        125        708         68        162         90        173        381        304 
2033  Landings        189        125        708         68        162         90        173        381        304 
2034  Landings        189        125        708         68        162         90        173        381        304 

Recruitment Selection Distribution

Year  Selection-1 Selection-2 Selection-3 

2021      0.1227     0.8389     0.0384 
2022      0.1248     0.8344     0.0408 
2023      0.1194     0.8414     0.0392 
2024      0.1155     0.8433     0.0412 
2025      0.1208     0.8373     0.0419 
2026      0.1185     0.8420     0.0395 
2027      0.1204     0.8361     0.0435 
2028      0.1182     0.8430     0.0388 
2029      0.1202     0.8366     0.0432 
2030      0.1249     0.8370     0.0381 
2031      0.1225     0.8373     0.0402 
2032      0.1273     0.8341     0.0386 
2033      0.1190     0.8427     0.0383 
2034      0.1225     0.8365     0.0410 

Recruits        1000  Fish

Year Class   Average        StdDev
2021        172.7628       80.4822
2022        174.6678       80.8930
2023        173.6822       82.9597
2024        175.2588       83.5677
2025        175.9173       85.4248
2026        174.4041       84.1338
2027        174.8047       84.6481
2028        173.7215       82.9862
2029        174.4608       82.0205
2030        174.0307       83.0639
2031        173.3368       81.0407
2032        173.9473       82.2927
2033        174.2418       81.5089
2034        174.3706       80.3221

Recruits Distribution

Year Class 1%         5%         10%        25%        50%        75%        90%        95%        99%    
2021    68.6313    70.5648    78.9157   105.0921   168.2935   235.5066   278.4554   305.5411   330.8087
2022    68.6738    70.5876    79.1859   105.6776   168.7321   237.9936   279.4021   306.5253   325.3768
2023    68.5921    69.8898    78.9363   104.8648   168.3756   235.9817   278.6634   305.5490   336.8208
2024    68.6155    70.8545    79.5034   104.9587   168.6239   237.5894   282.7227   308.1512   376.0391
2025    68.6487    70.2719    79.3941   105.5663   169.2750   238.6075   281.1592   308.2196   355.9910
2026    68.6832    71.1138    79.7125   105.3926   168.6309   235.0326   280.4700   307.1682   344.1067
2027    68.6799    71.1309    79.4623   104.9617   168.5993   236.7648   279.2927   307.3772   367.9057
2028    68.5926    70.7171    79.1522   104.7336   168.3617   236.3244   280.4636   307.4817   350.9507
2029    68.6758    70.3649    79.3834   105.0999   168.5698   236.6005   280.0923   306.9957   331.3172
2030    68.6135    70.5501    79.2615   105.9946   168.4989   235.9589   278.5670   305.9759   336.3965
2031    68.6693    70.6625    78.6770   105.0061   168.5867   236.0902   279.0313   306.1907   325.4562
2032    68.6255    70.3708    78.7415   105.3676   168.5344   236.3292   280.2677   306.3170   334.1378
2033    68.6608    70.7589    79.7325   105.1839   168.3591   237.0880   280.6036   306.0951   328.3044
2034    68.6422    70.2168    79.0952   105.7711   168.6486   236.7152   280.8225   307.4249   329.1834

Spawning Stock Biomass  x       1000 MT

Year       Average        StdDev
2021        2.7335        0.6241
2022        4.0513        0.8580
2023        5.6416        1.4057
2024        5.8603        1.7080
2025        5.5641        1.8791
2026        5.1757        1.9796
2027        4.8879        2.0516
2028        4.7224        2.0908
2029        4.6061        2.1151
2030        4.4988        2.1263
2031        4.4115        2.1224
2032        4.3834        2.1235
2033        4.3912        2.1243
2034        4.4022        2.1313

Spawning Stock Biomass Distribution

Year        1%         5%         10%        25%        50%        75%        90%        95%        99%   
2021     1.5999     1.9724     2.1149     2.3355     2.6381     3.0196     3.4114     3.7302     5.3788 
2022     2.3048     2.8140     3.0425     3.4807     3.9688     4.5064     5.1932     5.6232     6.5843 
2023     3.0265     3.5889     3.9504     4.6331     5.4959     6.4556     7.5882     8.2729     9.4032 
2024     2.6476     3.3482     3.8209     4.6389     5.6977     6.9090     8.0862     8.8645    10.3635 
2025     1.9939     2.7935     3.2770     4.2380     5.4033     6.6803     7.9947     8.8644    10.6652 
2026     1.4684     2.2697     2.7791     3.7687     5.0317     6.3527     7.6784     8.6154    10.5867 
2027     1.1375     1.9281     2.4303     3.4118     4.7113     6.1301     7.4605     8.4564    10.6886 
2028     0.8714     1.7288     2.2544     3.2377     4.5343     5.9550     7.3215     8.3418    10.7835 
2029     0.7659     1.6023     2.1440     3.0793     4.3852     5.8237     7.2804     8.2819    10.7634 
2030     0.6753     1.4981     2.0252     2.9867     4.2698     5.7421     7.1791     8.2337    10.6046 
2031     0.5887     1.3856     1.8828     2.8990     4.2350     5.6738     7.0639     8.0639    10.4550 
2032     0.5512     1.3483     1.8374     2.8848     4.2088     5.6273     7.0250     8.0194    10.4714 
2033     0.5691     1.3041     1.8248     2.9116     4.1818     5.6475     7.0914     8.0869    10.5430 
2034     0.5051     1.2994     1.8335     2.9105     4.1988     5.6350     7.1601     8.0507    10.5399 

JAN-1 Stock Biomass  x       1000 MT

Year       Average        StdDev
2021        9.2900        1.5953
2022       10.6046        2.0398
2023       11.5377        2.3898
2024       11.9664        2.6420
2025       11.7751        2.8390
2026       11.3720        2.9618
2027       11.0077        3.0345
2028       10.7307        3.0890
2029       10.5581        3.1029
2030       10.4272        3.1073
2031       10.3155        3.1167
2032       10.2156        3.1178
2033       10.2266        3.1318
2034       10.2488        3.1363

JAN-1 Stock Biomass Distribution

Year       1%         5%         10%        25%        50%        75%        90%        95%        99%    
2021     6.3273     6.9301     7.3477     8.1817     9.1607    10.1205    11.5557    12.3066    13.6874 
2022     6.6845     7.5793     8.1330     9.1766    10.4130    11.8607    13.3023    14.2407    16.0767 
2023     6.8560     7.9750     8.6508     9.8477    11.3573    12.9987    14.6354    15.7575    17.8307 
2024     6.7512     8.0177     8.7518    10.1296    11.7746    13.5665    15.3533    16.5199    19.1158 
2025     6.2032     7.5081     8.2791     9.7825    11.6146    13.4983    15.4016    16.6719    19.3861 
2026     5.6540     6.9742     7.7659     9.2978    11.1847    13.1456    15.1283    16.3983    19.6743 
2027     5.0111     6.5022     7.3785     8.9155    10.7651    12.8249    14.8183    16.1663    19.4691 
2028     4.6940     6.1826     7.0685     8.5749    10.4868    12.5997    14.5829    15.8886    19.4340 
2029     4.5146     5.9820     6.8819     8.4043    10.3188    12.4722    14.4610    15.7960    19.3058 
2030     4.2173     5.8252     6.6741     8.2625    10.2402    12.3033    14.3481    15.6886    18.8015 
2031     4.1137     5.6533     6.5249     8.1594    10.1282    12.2035    14.1935    15.6685    18.9150 
2032     4.0241     5.4930     6.4163     8.0983    10.0332    12.0969    14.1593    15.4246    18.9805 
2033     3.8771     5.5452     6.4409     8.0929    10.0274    12.0935    14.1484    15.5149    18.9587 
2034     3.8332     5.6159     6.4867     8.0932    10.0046    12.1704    14.2182    15.6070    18.8506 

Mean Biomass  x       1000 MT

Year       Average        StdDev
2021        9.0632        1.6949
2022       10.1674        2.1440
2023       10.8244        2.4513
2024       10.8997        2.6743
2025       10.5572        2.8409
2026       10.1841        2.9614
2027        9.8568        3.0148
2028        9.6465        3.0553
2029        9.4913        3.0669
2030        9.3689        3.0719
2031        9.2635        3.0733
2032        9.2221        3.0752
2033        9.2402        3.0961
2034        9.2656        3.0993

Mean Biomass Distribution

Year       1%         5%         10%        25%        50%        75%        90%        95%        99%    
2021     5.8808     6.5668     7.0205     7.8399     8.9292     9.9896    11.4889    12.2349    13.7702 
2022     6.0886     7.0027     7.5694     8.6356     9.9626    11.4821    13.0098    13.9032    15.8816 
2023     6.0296     7.1701     7.8395     9.0840    10.6596    12.3115    14.0087    15.1135    17.2674 
2024     5.6649     6.8751     7.6478     9.0323    10.7325    12.5170    14.3496    15.5123    18.1331 
2025     5.0290     6.3105     7.0916     8.5381    10.3724    12.3091    14.1339    15.3956    18.3928 
2026     4.4886     5.8400     6.6055     8.1336     9.9857    11.9658    13.9034    15.1751    18.6253 
2027     3.8902     5.4017     6.2687     7.7748     9.6383    11.6253    13.6257    14.9551    18.3523 
2028     3.6916     5.1610     6.0006     7.5494     9.3999    11.4718    13.4960    14.8735    18.2275 
2029     3.5041     4.9847     5.8533     7.3734     9.2633    11.3314    13.3273    14.6664    18.0714 
2030     3.2203     4.7834     5.6374     7.2473     9.1827    11.2217    13.2107    14.5338    17.6774 
2031     3.1652     4.6716     5.5444     7.1255     9.0700    11.1174    13.1140    14.4603    17.8037 
2032     3.1409     4.5948     5.4998     7.1217     9.0240    11.0727    13.0957    14.4257    17.7164 
2033     3.0302     4.6433     5.5103     7.1313     8.9998    11.0835    13.1018    14.5029    17.9367 
2034     3.0273     4.7277     5.5413     7.1488     9.0036    11.1558    13.2183    14.5311    17.6730 

Combined Catch Biomass  x       1000 MT

Year       Average        StdDev
2021        1.5398        0.0000
2022        1.4739        0.0000
2023        1.6854        0.0000
2024        2.1567        0.0000
2025        2.4000        0.0000
2026        2.4000        0.0000
2027        2.3998        0.0240
2028        2.2998        0.0230
2029        2.2993        0.0398
2030        2.2979        0.0690
2031        2.2977        0.0727
2032        2.1976        0.0729
2033        2.1971        0.0793
2034        2.1967        0.0851

Combined Catch Distribution

Year       1%         5%         10%        25%        50%        75%        90%        95%        99%    
2021     1.5398     1.5398     1.5398     1.5398     1.5398     1.5398     1.5398     1.5398     1.5398 
2022     1.4739     1.4739     1.4739     1.4739     1.4739     1.4739     1.4739     1.4739     1.4739 
2023     1.6854     1.6854     1.6854     1.6854     1.6854     1.6854     1.6854     1.6854     1.6854 
2024     2.1567     2.1567     2.1567     2.1567     2.1567     2.1567     2.1567     2.1567     2.1567 
2025     2.4000     2.4000     2.4000     2.4000     2.4000     2.4000     2.4000     2.4000     2.4000 
2026     2.4000     2.4000     2.4000     2.4000     2.4000     2.4000     2.4000     2.4000     2.4000 
2027     2.4000     2.4000     2.4000     2.4000     2.4000     2.4000     2.4000     2.4000     2.4000 
2028     2.3000     2.3000     2.3000     2.3000     2.3000     2.3000     2.3000     2.3000     2.3000 
2029     2.3000     2.3000     2.3000     2.3000     2.3000     2.3000     2.3000     2.3000     2.3000 
2030     2.3000     2.3000     2.3000     2.3000     2.3000     2.3000     2.3000     2.3000     2.3000 
2031     2.3000     2.3000     2.3000     2.3000     2.3000     2.3000     2.3000     2.3000     2.3000 
2032     2.2000     2.2000     2.2000     2.2000     2.2000     2.2000     2.2000     2.2000     2.2000 
2033     2.2000     2.2000     2.2000     2.2000     2.2000     2.2000     2.2000     2.2000     2.2000 
2034     2.2000     2.2000     2.2000     2.2000     2.2000     2.2000     2.2000     2.2000     2.2000 

Landings  x       1000 MT

Year       Average        StdDev
2021        1.5398        0.0000
2022        1.4739        0.0000
2023        1.6854        0.0000
2024        2.1567        0.0000
2025        2.4000        0.0000
2026        2.4000        0.0000
2027        2.3998        0.0240
2028        2.2998        0.0230
2029        2.2993        0.0398
2030        2.2979        0.0690
2031        2.2977        0.0727
2032        2.1976        0.0729
2033        2.1971        0.0793
2034        2.1967        0.0851

Landings Distribution

Year       1%         5%         10%        25%        50%        75%        90%        95%        99%    
2021     1.5398     1.5398     1.5398     1.5398     1.5398     1.5398     1.5398     1.5398     1.5398 
2022     1.4739     1.4739     1.4739     1.4739     1.4739     1.4739     1.4739     1.4739     1.4739 
2023     1.6854     1.6854     1.6854     1.6854     1.6854     1.6854     1.6854     1.6854     1.6854 
2024     2.1567     2.1567     2.1567     2.1567     2.1567     2.1567     2.1567     2.1567     2.1567 
2025     2.4000     2.4000     2.4000     2.4000     2.4000     2.4000     2.4000     2.4000     2.4000 
2026     2.4000     2.4000     2.4000     2.4000     2.4000     2.4000     2.4000     2.4000     2.4000 
2027     2.4000     2.4000     2.4000     2.4000     2.4000     2.4000     2.4000     2.4000     2.4000 
2028     2.3000     2.3000     2.3000     2.3000     2.3000     2.3000     2.3000     2.3000     2.3000 
2029     2.3000     2.3000     2.3000     2.3000     2.3000     2.3000     2.3000     2.3000     2.3000 
2030     2.3000     2.3000     2.3000     2.3000     2.3000     2.3000     2.3000     2.3000     2.3000 
2031     2.3000     2.3000     2.3000     2.3000     2.3000     2.3000     2.3000     2.3000     2.3000 
2032     2.2000     2.2000     2.2000     2.2000     2.2000     2.2000     2.2000     2.2000     2.2000 
2033     2.2000     2.2000     2.2000     2.2000     2.2000     2.2000     2.2000     2.2000     2.2000 
2034     2.2000     2.2000     2.2000     2.2000     2.2000     2.2000     2.2000     2.2000     2.2000 

Total Fishing Mortality

Year       Average        StdDev
2021        0.5269        0.0947
2022        0.3727        0.0749
2023        0.3817        0.0900
2024        0.4242        0.1190
2025        0.4855        0.1710
2026        0.5340        0.2367
2027        0.5816        0.3320
2028        0.5862        0.3973
2029        0.6099        0.4327
2030        0.6292        0.4636
2031        0.6500        0.4957
2032        0.6293        0.4648
2033        0.6305        0.4825
2034        0.6302        0.4857

Total Fishing Mortality Distribution

Year       1%         5%         10%        25%        50%        75%        90%        95%        99%    
2021     0.2845     0.3852     0.4185     0.4633     0.5254     0.5817     0.6379     0.6736     0.8304 
2022     0.2248     0.2615     0.2808     0.3244     0.3640     0.4142     0.4723     0.5098     0.5895 
2023     0.2236     0.2561     0.2773     0.3181     0.3702     0.4317     0.5018     0.5488     0.6489 
2024     0.2331     0.2712     0.2958     0.3404     0.4033     0.4856     0.5765     0.6452     0.8011 
2025     0.2430     0.2884     0.3172     0.3708     0.4486     0.5567     0.6989     0.7995     1.0604 
2026     0.2412     0.2961     0.3258     0.3876     0.4774     0.6145     0.7976     0.9464     1.3620 
2027     0.2424     0.3014     0.3354     0.4023     0.5065     0.6677     0.8924     1.0718     1.7044 
2028     0.2322     0.2901     0.3248     0.3929     0.5009     0.6661     0.8960     1.1152     1.8800 
2029     0.2299     0.2921     0.3275     0.3994     0.5143     0.6896     0.9392     1.1843     2.1084 
2030     0.2336     0.2962     0.3339     0.4054     0.5247     0.7133     0.9819     1.2496     2.2791 
2031     0.2390     0.2998     0.3371     0.4110     0.5316     0.7289     1.0285     1.3393     2.4881 
2032     0.2273     0.2883     0.3238     0.3962     0.5109     0.7018     1.0054     1.3268     2.4865 
2033     0.2244     0.2879     0.3217     0.3941     0.5112     0.6978     1.0209     1.3384     2.4561 
2034     0.2247     0.2866     0.3209     0.3946     0.5132     0.6977     1.0138     1.3186     2.5590 

JAN-1 Stock Numbers at Age  -       1000  Fish

2021

Age        1%         5%         10%        25%        50%        75%        90%        95%        99%    
1      140.2370   175.0900   184.8320   216.7130   261.1480   317.3690   385.6290   409.5080   464.9250
2       58.9389    77.9477    80.8620    85.4451   100.4175   112.5240   125.3470   138.4980   148.4390
3       34.1986    41.3466    43.5177    47.9381    54.8765    60.4455    67.3245    74.4817    84.8335
4        4.4701     6.3288     7.3712     8.3369     9.5330    10.8358    12.5169    14.0136    20.6054
5        1.2938     1.6031     1.7337     2.2441     2.6907     3.2695     4.2092     4.8898     7.4995
6        0.2917     0.4842     0.6024     0.6936     0.9665     1.2287     1.8234     2.1765     5.0518
7        0.0278     0.0584     0.0739     0.1025     0.1591     0.2261     0.3164     0.3996     1.3049
8        0.0082     0.0292     0.0370     0.0584     0.1092     0.1670     0.2575     0.4456     2.1858
9        0.0003     0.0014     0.0021     0.0035     0.0085     0.0144     0.0223     0.0334     0.2402
10        0.0001     0.0005     0.0007     0.0015     0.0043     0.0069     0.0143     0.0242     0.2609
11        0.0000     0.0001     0.0002     0.0004     0.0014     0.0028     0.0051     0.0082     0.1988
12        0.0000     0.0000     0.0000     0.0000     0.0001     0.0003     0.0005     0.0008     0.0280
13        0.0000     0.0000     0.0000     0.0000     0.0000     0.0002     0.0003     0.0005     0.0316
14        0.0000     0.0000     0.0000     0.0000     0.0000     0.0000     0.0001     0.0001     0.0183
15+       0.0000     0.0000     0.0000     0.0000     0.0000     0.0000     0.0000     0.0000     0.0127

2022

Age        1%         5%         10%        25%        50%        75%        90%        95%        99%    
1       68.6313    70.5648    78.9157   105.0921   168.2935   235.5066   278.4554   305.5411   330.8087
2       87.3267   104.5169   110.9867   128.2507   156.1839   191.5597   232.5438   252.7684   288.8739
3       29.9111    40.6728    43.1079    46.8725    54.1741    62.6615    71.5418    77.9743    89.4165
4       15.1195    18.6653    20.5971    23.1240    26.5610    30.8041    35.4993    39.8231    50.5970
5        1.9811     2.7567     3.2415     3.7770     4.4812     5.2447     6.4255     7.1016    11.8310
6        0.5395     0.6584     0.7378     1.0031     1.2057     1.5414     2.0852     2.4428     4.3321
7        0.1291     0.2168     0.2512     0.3112     0.4193     0.5844     0.8871     1.0814     2.9908
8        0.0133     0.0256     0.0324     0.0452     0.0696     0.1064     0.1604     0.2067     0.7687
9        0.0039     0.0127     0.0166     0.0269     0.0489     0.0800     0.1295     0.2195     1.3183
10        0.0001     0.0006     0.0009     0.0017     0.0038     0.0069     0.0111     0.0177     0.1484
11        0.0000     0.0002     0.0003     0.0007     0.0020     0.0033     0.0076     0.0123     0.1600
12        0.0000     0.0000     0.0001     0.0002     0.0007     0.0013     0.0026     0.0042     0.1194
13        0.0000     0.0000     0.0000     0.0000     0.0001     0.0001     0.0003     0.0004     0.0171
14        0.0000     0.0000     0.0000     0.0000     0.0000     0.0001     0.0001     0.0003     0.0195
15+       0.0000     0.0000     0.0000     0.0000     0.0000     0.0000     0.0001     0.0001     0.0196

2023

Age        1%         5%         10%        25%        50%        75%        90%        95%        99%    
1       68.6738    70.5876    79.1859   105.6776   168.7321   237.9936   279.4021   306.5253   325.3768
2       39.8633    43.1850    47.4753    62.8116   101.2185   142.3604   170.9373   186.0686   209.9932
3       48.2133    58.2022    62.5703    72.7435    90.4190   112.3801   137.3958   151.1177   173.7450
4       14.7693    20.6241    22.4508    25.0288    29.4169    34.9023    40.6060    44.4284    51.4856
5        7.0972     9.0602    10.3504    11.9367    13.9234    16.6914    19.5081    22.3942    29.2632
6        0.8848     1.3495     1.6024     1.9143     2.2961     2.7662     3.4827     3.9037     6.7781
7        0.2485     0.3030     0.3697     0.4979     0.6174     0.8069     1.1208     1.3144     2.6994
8        0.0596     0.1072     0.1200     0.1575     0.2181     0.3028     0.4830     0.5836     1.7674
9        0.0067     0.0128     0.0163     0.0232     0.0357     0.0554     0.0861     0.1120     0.4660
10        0.0019     0.0063     0.0084     0.0141     0.0250     0.0424     0.0709     0.1148     0.7994
11        0.0001     0.0003     0.0004     0.0009     0.0019     0.0037     0.0061     0.0098     0.0869
12        0.0000     0.0001     0.0002     0.0004     0.0010     0.0018     0.0042     0.0067     0.0982
13        0.0000     0.0000     0.0000     0.0001     0.0003     0.0007     0.0014     0.0023     0.0736
14        0.0000     0.0000     0.0000     0.0000     0.0000     0.0001     0.0002     0.0002     0.0105
15+       0.0000     0.0000     0.0000     0.0000     0.0000     0.0001     0.0001     0.0002     0.0237

2024

Age        1%         5%         10%        25%        50%        75%        90%        95%        99%    
1       68.5921    69.8898    78.9363   104.8648   168.3756   235.9817   278.6634   305.5490   336.8208
2       39.7975    43.4733    47.9152    63.6602   102.6434   144.8949   172.7895   187.1535   210.7479
3       21.9907    24.6512    27.1676    36.0789    58.4775    83.3886   101.4218   110.9719   129.9105
4       24.0540    29.4812    32.5634    38.9362    49.8194    63.0973    79.2636    88.1826   103.2652
5        6.8787     9.7531    11.1964    12.9872    15.7366    18.9674    22.6438    25.1168    29.6815
6        3.1424     4.3279     4.9306     5.9916     7.2474     8.8518    10.6282    12.2400    16.2752
7        0.3796     0.6380     0.7672     0.9494     1.1675     1.4517     1.8719     2.1665     3.8012
8        0.1111     0.1411     0.1790     0.2440     0.3170     0.4194     0.5911     0.7207     1.5385
9        0.0277     0.0509     0.0574     0.0785     0.1128     0.1565     0.2598     0.3134     1.0100
10        0.0032     0.0063     0.0079     0.0117     0.0182     0.0286     0.0456     0.0606     0.2862
11        0.0010     0.0031     0.0042     0.0073     0.0127     0.0221     0.0391     0.0594     0.4684
12        0.0000     0.0001     0.0002     0.0005     0.0010     0.0019     0.0034     0.0053     0.0510
13        0.0000     0.0001     0.0001     0.0002     0.0005     0.0009     0.0023     0.0037     0.0588
14        0.0000     0.0000     0.0000     0.0001     0.0002     0.0004     0.0008     0.0013     0.0443
15+       0.0000     0.0000     0.0000     0.0000     0.0000     0.0001     0.0001     0.0002     0.0203

2025

Age        1%         5%         10%        25%        50%        75%        90%        95%        99%    
1       68.6155    70.8545    79.5034   104.9587   168.6239   237.5894   282.7227   308.1512   376.0391
2       38.8939    42.5027    46.5509    61.9916    99.3922   140.5548   168.0318   182.3515   209.6416
3       20.0914    23.2459    25.8822    34.6540    56.5565    81.7572    99.1595   107.9807   125.3962
4        9.6316    11.7463    13.3681    18.1549    30.1044    44.3623    55.7487    61.5813    74.9495
5        9.8639    13.0347    15.1009    18.9575    25.2026    33.1608    42.9987    48.6654    58.4598
6        2.7717     4.1094     4.9655     6.2354     7.8333     9.7700    12.0597    13.4556    16.2816
7        1.2669     1.8556     2.2256     2.8689     3.6321     4.5333     5.6410     6.5476     8.8383
8        0.1557     0.2726     0.3510     0.4584     0.5840     0.7541     0.9908     1.1800     2.0598
9        0.0468     0.0646     0.0827     0.1186     0.1615     0.2175     0.3113     0.3890     0.8432
10        0.0128     0.0230     0.0274     0.0388     0.0575     0.0813     0.1383     0.1704     0.5576
11        0.0014     0.0030     0.0039     0.0059     0.0093     0.0149     0.0244     0.0320     0.1650
12        0.0006     0.0015     0.0021     0.0037     0.0066     0.0115     0.0216     0.0316     0.2723
13        0.0000     0.0001     0.0001     0.0002     0.0005     0.0010     0.0019     0.0028     0.0290
14        0.0000     0.0000     0.0000     0.0001     0.0003     0.0005     0.0013     0.0020     0.0326
15+       0.0000     0.0000     0.0000     0.0000     0.0001     0.0002     0.0005     0.0008     0.0397

2026

Age        1%         5%         10%        25%        50%        75%        90%        95%        99%    
1       68.6487    70.2719    79.3941   105.5663   169.2750   238.6075   281.1592   308.2196   355.9910
2       39.4502    43.1634    47.2235    62.5683   100.8665   142.9344   171.5368   186.4734   227.8125
3       18.5184    22.1441    24.5537    32.9577    53.8260    77.2554    95.5620   105.0574   123.4668
4        7.2633     9.8813    11.6247    16.1709    27.5229    41.2894    52.7892    58.7367    70.1779
5        3.1028     4.6110     5.5999     8.1688    14.0874    21.6731    28.7283    32.6099    41.3395
6        3.0385     4.9027     6.0477     8.3729    11.7363    16.2863    21.7794    25.3361    31.5006
7        0.9451     1.5561     1.9929     2.7644     3.7072     4.8338     6.1002     7.0237     8.7284
8        0.4482     0.7265     0.9259     1.2826     1.7373     2.2711     2.9058     3.4061     4.7106
9        0.0595     0.1089     0.1489     0.2102     0.2844     0.3800     0.5183     0.6284     1.1026
10        0.0175     0.0280     0.0367     0.0558     0.0798     0.1112     0.1606     0.2067     0.4464
11        0.0053     0.0096     0.0125     0.0186     0.0286     0.0419     0.0715     0.0913     0.3009
12        0.0006     0.0013     0.0018     0.0029     0.0046     0.0076     0.0129     0.0170     0.0913
13        0.0002     0.0007     0.0010     0.0018     0.0033     0.0059     0.0115     0.0167     0.1506
14        0.0000     0.0000     0.0001     0.0001     0.0003     0.0005     0.0010     0.0015     0.0161
15+       0.0000     0.0000     0.0000     0.0001     0.0002     0.0004     0.0009     0.0015     0.0401

2027

Age        1%         5%         10%        25%        50%        75%        90%        95%        99%    
1       68.6832    71.1138    79.7125   105.3926   168.6309   235.0326   280.4700   307.1682   344.1067
2       38.8383    42.7822    46.9272    62.4383   101.2351   142.9230   170.7359   185.7098   211.1170
3       17.9077    21.8929    24.3943    32.7496    53.8755    77.8086    96.7941   105.5345   130.6101
4        5.5997     8.7041    10.4918    15.0730    25.3345    38.4636    50.2523    56.5184    69.7832
5        1.8697     3.4989     4.5984     7.0093    12.5316    20.0037    27.0112    30.9149    38.8536
6        0.8063     1.5900     2.1740     3.5062     6.2848    10.3018    14.3682    16.7719    22.1548
7        0.7441     1.6586     2.2864     3.5573     5.3960     7.8950    10.9807    13.1381    16.9254
8        0.2614     0.5440     0.7578     1.1825     1.7298     2.3940     3.1147     3.6283     4.6934
9        0.1253     0.2684     0.3615     0.5616     0.8243     1.1439     1.5042     1.7925     2.5213
10        0.0190     0.0416     0.0590     0.0936     0.1377     0.1936     0.2705     0.3349     0.5840
11        0.0056     0.0112     0.0157     0.0253     0.0391     0.0571     0.0834     0.1090     0.2339
12        0.0019     0.0038     0.0054     0.0088     0.0141     0.0216     0.0368     0.0489     0.1593
13        0.0002     0.0005     0.0008     0.0014     0.0023     0.0039     0.0066     0.0090     0.0482
14        0.0001     0.0003     0.0005     0.0009     0.0016     0.0030     0.0059     0.0088     0.0790
15+       0.0000     0.0000     0.0000     0.0001     0.0002     0.0005     0.0010     0.0016     0.0305

2028

Age        1%         5%         10%        25%        50%        75%        90%        95%        99%    
1       68.6799    71.1309    79.4623   104.9617   168.5993   236.7648   279.2927   307.3772   367.9057
2       39.0009    42.8805    47.2731    62.2377   100.1770   140.2768   168.9649   184.2968   212.0295
3       16.3740    21.1183    23.7558    32.2620    53.2905    77.2343    95.2617   104.8621   125.5505
4        4.4333     8.0501    10.0154    14.4398    25.0519    38.3888    50.3067    56.3453    73.2729
5        1.1699     2.8216     3.8679     6.3468    11.2281    18.3686    25.5215    29.4248    37.9144
6        0.4098     1.0691     1.6116     2.8797     5.4785     9.4481    13.4783    15.9180    21.0295
7        0.1664     0.4991     0.7780     1.4302     2.7828     4.8441     7.1131     8.5716    11.8850
8        0.1692     0.5228     0.8178     1.4750     2.4720     3.8420     5.5147     6.7418     8.9920
9        0.0569     0.1793     0.2795     0.5009     0.8058     1.1817     1.5988     1.9048     2.5344
10        0.0311     0.0900     0.1369     0.2436     0.3893     0.5728     0.7831     0.9436     1.3764
11        0.0050     0.0148     0.0224     0.0408     0.0665     0.0989     0.1414     0.1779     0.3050
12        0.0015     0.0041     0.0063     0.0113     0.0189     0.0292     0.0433     0.0575     0.1247
13        0.0006     0.0015     0.0022     0.0040     0.0069     0.0111     0.0186     0.0258     0.0826
14        0.0001     0.0002     0.0003     0.0006     0.0011     0.0020     0.0034     0.0048     0.0245
15+       0.0000     0.0001     0.0002     0.0004     0.0009     0.0018     0.0035     0.0054     0.0581

2029

Age        1%         5%         10%        25%        50%        75%        90%        95%        99%    
1       68.5926    70.7171    79.1522   104.7336   168.3617   236.3244   280.4636   307.4817   350.9507
2       38.2167    42.2247    46.4963    61.4102    99.1797   140.0308   167.6671   183.6790   222.6310
3       15.4157    20.8592    23.6017    31.8542    52.2903    75.3087    94.4077   103.3804   124.3259
4        3.8270     7.6279     9.8027    14.4244    24.7674    38.2506    50.3904    56.4394    70.2065
5        0.8067     2.5712     3.6786     6.1273    11.2380    18.6346    25.7126    29.8580    40.9886
6        0.2031     0.8651     1.3713     2.6094     4.9698     8.7626    12.7836    15.3456    20.8175
7        0.0685     0.3364     0.5669     1.1975     2.4634     4.5170     6.7932     8.3204    11.3567
8        0.0319     0.1636     0.2808     0.6036     1.2691     2.3552     3.6303     4.4895     6.4440
9        0.0304     0.1713     0.3001     0.6310     1.1634     1.9181     2.8814     3.5549     4.8814
10        0.0113     0.0582     0.1031     0.2161     0.3841     0.5983     0.8466     1.0167     1.4000
11        0.0066     0.0304     0.0528     0.1064     0.1893     0.2952     0.4147     0.5072     0.7546
12        0.0011     0.0051     0.0088     0.0183     0.0326     0.0510     0.0757     0.0948     0.1668
13        0.0003     0.0015     0.0026     0.0051     0.0093     0.0151     0.0230     0.0310     0.0659
14        0.0001     0.0005     0.0009     0.0018     0.0034     0.0057     0.0097     0.0138     0.0433
15+       0.0000     0.0001     0.0002     0.0005     0.0010     0.0019     0.0036     0.0054     0.0438

2030

Age        1%         5%         10%        25%        50%        75%        90%        95%        99%    
1       68.6758    70.3649    79.3834   105.0999   168.5698   236.6005   280.0923   306.9957   331.3172
2       38.0727    42.1336    46.0607    60.9965    98.3183   139.6822   168.4447   182.4650   214.3500
3       14.4889    20.1642    22.9282    31.0994    51.5363    74.2073    93.7496   103.3294   128.8488
4        2.9658     7.3755     9.4290    14.1308    24.0845    36.9965    49.2981    55.5797    70.1011
5        0.6327     2.3152     3.5447     5.9796    10.9813    18.3406    25.6914    29.6514    38.8856
6        0.1234     0.7165     1.2509     2.4958     4.9215     8.7965    12.9091    15.5226    22.2728
7        0.0302     0.2507     0.4709     1.0472     2.2221     4.1695     6.3639     7.9619    11.5327
8        0.0110     0.0980     0.2004     0.4932     1.1029     2.1741     3.4476     4.3149     6.2725
9        0.0053     0.0497     0.1016     0.2580     0.5827     1.1501     1.8690     2.3505     3.5282
10        0.0052     0.0515     0.1091     0.2643     0.5434     0.9666     1.4961     1.8816     2.7198
11        0.0019     0.0189     0.0381     0.0933     0.1834     0.3047     0.4524     0.5460     0.7861
12        0.0011     0.0097     0.0198     0.0470     0.0909     0.1512     0.2222     0.2738     0.4219
13        0.0002     0.0018     0.0034     0.0081     0.0158     0.0263     0.0401     0.0504     0.0882
14        0.0001     0.0005     0.0010     0.0023     0.0045     0.0079     0.0123     0.0165     0.0348
15+       0.0000     0.0002     0.0005     0.0011     0.0022     0.0040     0.0070     0.0102     0.0459

2031

Age        1%         5%         10%        25%        50%        75%        90%        95%        99%    
1       68.6135    70.5501    79.2615   105.9946   168.4989   235.9589   278.5670   305.9759   336.3965
2       37.8564    42.0347    46.0132    61.2323    98.8244   139.5577   168.2062   182.3614   208.8853
3       13.8949    19.5381    22.7511    30.5431    50.7730    74.0877    93.4967   102.3477   125.0903
4        2.6785     6.8037     8.8665    13.5918    23.7251    36.4307    48.9061    55.4694    71.6369
5        0.4250     2.1178     3.2593     5.8167    10.5918    17.8138    24.9684    29.1395    38.6076
6        0.0829     0.6239     1.1644     2.3929     4.7598     8.6687    12.9061    15.4017    20.9632
7        0.0188     0.1892     0.4140     1.0017     2.1527     4.1687     6.4526     8.0699    12.1645
8        0.0043     0.0702     0.1583     0.4312     0.9938     1.9870     3.2011     4.1549     6.3604
9        0.0017     0.0290     0.0697     0.2062     0.5042     1.0541     1.7857     2.2751     3.4768
10        0.0010     0.0151     0.0362     0.1090     0.2698     0.5672     0.9626     1.2421     1.9701
11        0.0010     0.0157     0.0392     0.1139     0.2561     0.4874     0.7784     1.0067     1.5220
12        0.0005     0.0058     0.0138     0.0400     0.0874     0.1550     0.2396     0.2963     0.4399
13        0.0003     0.0031     0.0074     0.0203     0.0436     0.0776     0.1181     0.1482     0.2333
14        0.0000     0.0006     0.0013     0.0035     0.0076     0.0136     0.0213     0.0272     0.0465
15+       0.0000     0.0003     0.0006     0.0015     0.0033     0.0061     0.0101     0.0141     0.0397

2032

Age        1%         5%         10%        25%        50%        75%        90%        95%        99%    
1       68.6693    70.6625    78.6770   105.0061   168.5867   236.0902   279.0313   306.1907   325.4562
2       37.5647    41.6929    45.9294    61.6750    98.5363   139.4011   167.0242   180.9523   209.6671
3       12.0549    19.3629    22.4673    30.8623    50.8438    74.3107    93.4366   102.2349   121.8993
4        2.0797     6.2470     8.6595    13.3766    23.0659    36.2963    48.6522    54.6569    69.6648
5        0.3253     1.8199     3.0227     5.5092    10.4298    17.4468    24.8325    29.1474    39.6829
6        0.0545     0.5438     1.0358     2.2776     4.6124     8.3594    12.4800    14.9955    21.2410
7        0.0101     0.1536     0.3754     0.9426     2.0824     4.1092     6.4778     7.9933    11.3075
8        0.0021     0.0495     0.1381     0.3959     0.9539     1.9904     3.2769     4.1533     6.5796
9        0.0009     0.0187     0.0522     0.1747     0.4513     0.9590     1.6349     2.1712     3.4959
10        0.0003     0.0084     0.0245     0.0856     0.2307     0.5176     0.9156     1.2006     1.9298
11        0.0002     0.0044     0.0133     0.0464     0.1245     0.2822     0.5020     0.6567     1.0629
12        0.0002     0.0046     0.0141     0.0474     0.1209     0.2462     0.4070     0.5361     0.8469
13        0.0001     0.0017     0.0051     0.0172     0.0418     0.0792     0.1266     0.1600     0.2458
14        0.0000     0.0010     0.0027     0.0087     0.0210     0.0398     0.0628     0.0801     0.1275
15+       0.0000     0.0003     0.0007     0.0022     0.0053     0.0101     0.0168     0.0221     0.0461

2033

Age        1%         5%         10%        25%        50%        75%        90%        95%        99%    
1       68.6255    70.3708    78.7415   105.3676   168.5344   236.3292   280.2677   306.3170   334.1378
2       37.6425    41.8946    45.6869    61.0562    98.7030   139.3151   167.2151   181.7295   205.5412
3       12.5527    19.3057    22.4687    31.0795    51.2205    74.3486    92.7960   102.4775   124.7534
4        1.9698     6.3627     8.6925    13.5156    23.6257    36.7529    49.1881    55.4447    68.7830
5        0.2349     1.6766     2.9351     5.5220    10.2679    17.5656    24.7654    28.7551    38.6583
6        0.0323     0.4662     0.9436     2.1998     4.5958     8.3803    12.5476    15.1161    21.4559
7        0.0046     0.1356     0.3327     0.9110     2.0600     3.9983     6.2709     7.8435    11.5604
8        0.0012     0.0379     0.1236     0.3781     0.9361     1.9801     3.2922     4.2258     6.2497
9        0.0004     0.0136     0.0474     0.1641     0.4346     0.9772     1.6792     2.1920     3.5884
10        0.0001     0.0053     0.0181     0.0731     0.2112     0.4807     0.8486     1.1530     1.9540
11        0.0001     0.0024     0.0088     0.0365     0.1087     0.2592     0.4801     0.6383     1.0594
12        0.0000     0.0013     0.0049     0.0196     0.0596     0.1421     0.2625     0.3551     0.5854
13        0.0000     0.0014     0.0052     0.0206     0.0584     0.1255     0.2180     0.2932     0.4722
14        0.0000     0.0006     0.0019     0.0074     0.0203     0.0406     0.0676     0.0884     0.1374
15+       0.0000     0.0004     0.0013     0.0049     0.0128     0.0260     0.0430     0.0556     0.0932

2034

Age        1%         5%         10%        25%        50%        75%        90%        95%        99%    
1       68.6608    70.7589    79.7325   105.1839   168.3591   237.0880   280.6036   306.0951   328.3044
2       37.1863    41.7647    45.7578    61.1468    99.0233   139.5506   167.8882   182.1042   209.3238
3       12.3987    19.3074    22.6497    30.8221    51.4055    74.5332    93.5853   102.5747   121.1504
4        2.1304     6.0443     8.6475    13.7027    23.7947    36.9913    48.8498    55.4675    69.7717
5        0.2075     1.6746     2.9186     5.6241    10.5734    17.8018    25.1146    29.3679    38.6373
6        0.0217     0.4031     0.9444     2.2116     4.5383     8.4123    12.4342    15.1001    21.1568
7        0.0039     0.1086     0.2998     0.8713     2.0563     4.0058     6.3484     7.8739    11.9993
8        0.0007     0.0338     0.1084     0.3650     0.9408     1.9395     3.1687     4.1444     6.3453
9        0.0002     0.0103     0.0405     0.1572     0.4356     0.9693     1.6932     2.2485     3.4880
10        0.0001     0.0038     0.0158     0.0693     0.2043     0.4818     0.8694     1.1616     1.9778
11        0.0000     0.0016     0.0064     0.0310     0.0992     0.2392     0.4464     0.6187     1.0819
12        0.0000     0.0008     0.0031     0.0155     0.0514     0.1315     0.2515     0.3434     0.5959
13        0.0000     0.0004     0.0018     0.0085     0.0286     0.0723     0.1383     0.1934     0.3246
14        0.0000     0.0005     0.0019     0.0089     0.0283     0.0643     0.1167     0.1584     0.2631
15+       0.0000     0.0003     0.0012     0.0055     0.0162     0.0349     0.0595     0.0789     0.1244

Probability Spawning Stock Biomass Exceeds Threshold      3.660 (1000 MT)

Year    Probability

2021    0.058600
2022    0.669100
2023    0.941400
2024    0.921000
2025    0.851100
2026    0.769300
2027    0.707500
2028    0.670700
2029    0.644700
2030    0.625200
2031    0.605700
2032    0.602900
2033    0.608200
2034    0.607100

Probability Threshold Exceeded at Least Once =     0.9883

Probability Total Fishing Mortality Exceeds Threshold     0.8413 

Year    Probability

2021    0.007600
2022    0.000000
2023    0.000200
2024    0.007100
2025    0.040200
2026    0.080100
2027    0.121600
2028    0.122200
2029    0.139600
2030    0.157800
2031    0.173500
2032    0.161700
2033    0.159000
2034    0.155900

Probability Threshold Exceeded at Least Once =     0.3441


Requested Percentile Report

Percentile =    40.00 %

                                 2021       2022       2023       2024       2025       2026       2027       2028       2029       2030       2031       2032       2033       2034 

Recruits                     144.2389   148.1771   145.5698   147.4253   149.1879   147.3916   145.4188   143.7067   147.8934   146.4557   146.6837   145.9424   146.1442   147.2619 
Spawning Stock Biomass         2.5139     3.7887     5.1561     5.2939     4.9443     4.5469     4.2042     4.0155     3.8898     3.7769     3.6854     3.6770     3.6995     3.6960 
Jan-1 Stock Biomass            8.8128     9.9237    10.7701    11.1534    10.9011    10.4582    10.0385     9.7512     9.5629     9.4700     9.3958     9.2852     9.2878     9.3028 
Mean Biomass                   8.5358     9.4186    10.0456    10.0745     9.7154     9.2631     8.9245     8.6723     8.5453     8.4329     8.3131     8.2923     8.3002     8.3110 
Combined Catch Biomass         1.5398     1.4739     1.6854     2.1567     2.4000     2.4000     2.4000     2.3000     2.3000     2.3000     2.3000     2.2000     2.2000     2.2000 
Landings                       1.5398     1.4739     1.6854     2.1567     2.4000     2.4000     2.4000     2.3000     2.3000     2.3000     2.3000     2.2000     2.2000     2.2000 
FMort                          0.5038     0.3497     0.3500     0.3777     0.4156     0.4410     0.4627     0.4554     0.4650     0.4732     0.4803     0.4622     0.4613     0.4608 

Stock Numbers at Age
Age 1                        244.9740   144.2389   148.1771   145.5698   147.4253   149.1879   147.3916   145.4188   143.7067   147.8934   146.4557   146.6837   145.9424   146.1442 
Age 2                         93.8626   145.2671    87.1777    89.3260    86.0045    88.2493    88.0611    87.1513    85.4545    84.1866    86.3610    84.5942    85.4166    84.8264 
Age 3                         51.2273    51.0349    82.9897    50.1113    48.7172    45.8514    45.4352    45.0011    43.6093    42.9254    41.8016    42.4633    42.4964    42.3770 
Age 4                          9.1703    24.9158    27.5688    45.2736    25.3055    22.9425    20.9462    20.2150    20.2585    19.5055    18.9962    18.5964    19.0957    19.1138 
Age 5                          2.4696     4.2331    13.0611    14.5843    22.6356    11.5034    10.1002     8.9758     8.8789     8.7323     8.3921     8.1491     8.1703     8.3398 
Age 6                          0.8492     1.1141     2.1457     6.7508     7.1814    10.3538     5.0231     4.3132     3.9109     3.8251     3.6916     3.5503     3.4968     3.5203 
Age 7                          0.1227     0.3792     0.5681     1.0798     3.3303     3.3228     4.6270     2.1838     1.8798     1.6921     1.6264     1.5608     1.5354     1.5147 
Age 8                          0.0902     0.0562     0.1927     0.2891     0.5338     1.5558     1.5114     2.0468     0.9744     0.8272     0.7339     0.7054     0.6806     0.6793 
Age 9                          0.0063     0.0409     0.0287     0.0985     0.1455     0.2545     0.7235     0.6789     0.9322     0.4385     0.3653     0.3201     0.3159     0.3025 
Age 10                          0.0032     0.0030     0.0206     0.0147     0.0501     0.0705     0.1206     0.3323     0.3147     0.4246     0.1969     0.1609     0.1462     0.1421 
Age 11                          0.0009     0.0015     0.0015     0.0103     0.0076     0.0246     0.0337     0.0563     0.1558     0.1458     0.1947     0.0885     0.0736     0.0672 
Age 12                          0.0001     0.0004     0.0008     0.0008     0.0052     0.0038     0.0119     0.0159     0.0268     0.0723     0.0663     0.0888     0.0405     0.0342 
Age 13                          0.0000     0.0000     0.0002     0.0004     0.0004     0.0026     0.0019     0.0057     0.0076     0.0127     0.0336     0.0305     0.0415     0.0189 
Age 14                          0.0000     0.0000     0.0000     0.0001     0.0002     0.0002     0.0013     0.0009     0.0027     0.0036     0.0059     0.0156     0.0143     0.0195 
Age 15                          0.0000     0.0000     0.0000     0.0000     0.0001     0.0001     0.0002     0.0007     0.0008     0.0017     0.0025     0.0040     0.0093     0.0114 
