AGEPRO VERSION 4.2

2025_MLS_scenario1

Date & Time of Run: 08 May 2025  15:00

Input File Name:    2025_MLS_scenario1-data-flag.inp

First Age Class:                         1
Number of Age Classes:                  15
Number of Years in Projection:          14
Number of Fleets:                        9
Number of Recruitment Models:            3
Number of Bootstraps:                  100
Number of Simulations:                  10

Bootstrap File Name:            C:\Users\jon.brodziak\Desktop\2024 WCNPO MLS Rebuilding\Bootstrap-numbers-at-age\2023_WCNPOMLS.bsn

Number of Feasible Solutions:       1000  of       1000 Realizations

Input Harvest Scenario

Year  Type        Fleet-1    Fleet-2    Fleet-3    Fleet-4    Fleet-5    Fleet-6    Fleet-7    Fleet-8    Fleet-9    

2021  Landings        118        100        551         72         89         37         58        265        249 
2022  Landings         75         99        464         36         80         54         84        298        284 
2023  Landings        129         80        526         28        110         54         84        214        461 
2024  Landings         83        176        578         27        110         54         84        584        461 
2025  Landings        316        125        904         58        191         85        166        228        326 
2026  Landings        316        125        904         58        191         85        166        228        326 
2027  Landings        316        125        904         58        191         85        166        228        326 
2028  Landings        198        130        740         71        169         94        180        399        318 
2029  Landings        198        130        740         71        169         94        180        399        318 
2030  Landings        198        130        740         71        169         94        180        399        318 
2031  Landings        198        130        740         71        169         94        180        399        318 
2032  Landings        189        125        708         68        162         90        173        381        304 
2033  Landings        189        125        708         68        162         90        173        381        304 
2034  Landings        189        125        708         68        162         90        173        381        304 

Recruitment Selection Distribution

Year  Selection-1 Selection-2 Selection-3 

2021      0.1240     0.8420     0.0340 
2022      0.1290     0.8320     0.0390 
2023      0.1070     0.8490     0.0440 
2024      0.1230     0.8500     0.0270 
2025      0.1100     0.8490     0.0410 
2026      0.1120     0.8440     0.0440 
2027      0.1250     0.8400     0.0350 
2028      0.1320     0.8210     0.0470 
2029      0.1150     0.8490     0.0360 
2030      0.1250     0.8220     0.0530 
2031      0.1290     0.8280     0.0430 
2032      0.1280     0.8370     0.0350 
2033      0.1070     0.8520     0.0410 
2034      0.1330     0.8140     0.0530 

Recruits        1000  Fish

Year Class   Average        StdDev
2021        170.8934       78.9120
2022        171.4356       87.7442
2023        177.6786       95.6156
2024        172.5027       80.4620
2025        180.0083       89.1475
2026        171.2794       83.3028
2027        170.0269       78.7143
2028        173.5149       89.4336
2029        172.7255       80.4142
2030        179.0528       83.4358
2031        176.6238       83.9187
2032        173.6434       79.3255
2033        180.0121      109.7267
2034        176.7025       81.7414

Recruits Distribution

Year Class 1%         5%         10%        25%        50%        75%        90%        95%        99%    
2021    68.5422    70.7927    77.6089   102.6314   168.2484   234.6856   281.1696   307.8819   323.0169
2022    68.6492    70.2327    76.9984   101.4388   167.9359   232.8650   275.7358   301.9935   324.7099
2023    68.6996    71.2724    78.7544   103.4822   168.2335   246.1212   283.0143   306.5150   370.7888
2024    68.8527    70.2043    78.7595   101.7218   168.5496   235.1568   283.9619   306.9260   323.8649
2025    68.6750    70.4909    78.6238   103.7485   169.1781   249.4081   288.5191   311.2887   463.6868
2026    68.5945    71.4719    79.0559   102.1514   167.2813   234.5803   275.2898   305.9778   324.9266
2027    68.5805    69.8545    78.0380   102.3174   167.8750   230.1690   276.5763   299.2005   325.4501
2028    68.6129    69.8182    76.4417   101.2661   168.1383   234.0225   278.2375   308.0464   443.7420
2029    68.6826    71.1734    79.1484   104.5951   168.0070   234.3130   277.4873   302.5833   325.6175
2030    68.8256    73.9202    81.0229   109.2574   172.5489   240.8545   288.2853   311.3767   389.8597
2031    68.6129    69.6960    78.3577   105.9197   170.7102   238.2278   282.0845   310.4916   343.3182
2032    68.5859    73.0449    80.8955   104.2651   167.8387   236.4621   284.0273   305.6526   323.4153
2033    68.6186    69.8277    79.9314   104.0248   169.4420   242.3333   287.2581   311.5497   423.8499
2034    68.7649    71.6648    79.9633   107.4574   168.5824   241.8134   283.6131   307.6184   341.1035

Spawning Stock Biomass  x       1000 MT

Year       Average        StdDev
2021        2.7295        0.6127
2022        4.0469        0.8570
2023        5.6221        1.4062
2024        5.8087        1.7026
2025        5.4973        1.9238
2026        5.1502        2.1668
2027        4.8599        2.1757
2028        4.7252        2.2132
2029        4.5538        2.2081
2030        4.4068        2.2278
2031        4.3291        2.3058
2032        4.3146        2.2535
2033        4.4019        2.2440
2034        4.4505        2.2416

Spawning Stock Biomass Distribution

Year        1%         5%         10%        25%        50%        75%        90%        95%        99%   
2021     1.6944     1.9516     2.1218     2.3236     2.6341     3.0277     3.4146     3.6697     5.2506 
2022     2.3824     2.7217     3.0170     3.4606     4.0051     4.5115     5.1614     5.5567     6.5665 
2023     3.0025     3.5043     3.8376     4.6622     5.5142     6.4466     7.4481     8.1035     9.5713 
2024     2.6444     3.2331     3.6784     4.5480     5.7531     6.8140     8.0296     8.8683    10.2356 
2025     1.9665     2.7100     3.1393     4.1615     5.3997     6.5835     7.8666     8.9276    10.6727 
2026     1.3306     2.0396     2.6283     3.7416     5.0297     6.2976     7.6885     8.6229    10.8863 
2027     0.9470     1.7196     2.3270     3.4026     4.6683     6.1206     7.4007     8.4553    10.6617 
2028     0.6890     1.5515     2.1620     3.1483     4.4576     6.0475     7.4743     8.4561    10.6900 
2029     0.6762     1.4819     1.9430     2.9342     4.3203     5.8500     7.5098     8.2346    10.8845 
2030     0.5715     1.3777     1.8271     2.8362     4.1518     5.5897     7.2986     8.2966    11.2895 
2031     0.5180     1.2820     1.6427     2.7691     4.0720     5.5527     7.2304     8.3064    12.0633 
2032     0.5075     1.2691     1.6913     2.7344     4.0166     5.5419     7.0772     8.2363    11.5419 
2033     0.5410     1.3000     1.7846     2.8304     4.1584     5.6156     7.0106     8.2167    11.3828 
2034     0.4794     1.3033     1.8468     2.8292     4.2761     5.7261     7.1997     8.4074    11.2794 

JAN-1 Stock Biomass  x       1000 MT

Year       Average        StdDev
2021        9.2789        1.5972
2022       10.5661        2.0547
2023       11.4436        2.4500
2024       11.9312        2.7909
2025       11.7122        3.0031
2026       11.3539        3.0869
2027       10.9649        3.1468
2028       10.6121        3.1575
2029       10.4323        3.2965
2030       10.2839        3.2785
2031       10.2454        3.3066
2032       10.2233        3.2411
2033       10.2643        3.2270
2034       10.3701        3.4308

JAN-1 Stock Biomass Distribution

Year       1%         5%         10%        25%        50%        75%        90%        95%        99%    
2021     6.3991     6.9064     7.3332     8.1734     9.1723    10.0838    11.5839    12.3160    13.5630 
2022     6.7836     7.4163     7.9885     9.1099    10.4053    11.7304    13.1756    14.3198    15.9930 
2023     6.8160     7.7759     8.4895     9.7450    11.2139    12.9216    14.4670    15.5265    17.8462 
2024     6.6537     7.8791     8.5463     9.9622    11.8403    13.5016    15.3608    16.4838    19.2608 
2025     5.9971     7.2465     8.0279     9.8012    11.4668    13.4272    15.2556    16.8567    19.3738 
2026     5.0972     6.6630     7.5654     9.2443    11.1980    13.1289    15.3395    16.7068    18.9190 
2027     4.8094     6.2163     7.1487     8.7153    10.7131    12.9094    14.9627    16.5297    19.4684 
2028     4.1802     6.0560     6.8362     8.4189    10.3606    12.5153    14.7001    16.2853    18.8479 
2029     4.4744     5.7587     6.5878     8.1089    10.1614    12.1630    14.6058    16.1580    20.3083 
2030     4.0444     5.6151     6.3306     7.9666    10.0209    12.1353    14.4119    15.7983    19.6517 
2031     4.2329     5.5487     6.3450     7.8955     9.9503    12.0559    14.3209    15.7819    20.3467 
2032     3.9273     5.4535     6.4300     8.0340     9.9923    12.0230    14.1591    15.7906    19.3033 
2033     3.8748     5.5902     6.3799     7.9017    10.0794    12.0903    14.1504    15.7209    19.3050 
2034     4.2173     5.3672     6.3076     8.1472    10.2031    12.1629    14.2101    16.1179    20.6160 

Mean Biomass  x       1000 MT

Year       Average        StdDev
2021        9.0448        1.6908
2022       10.1209        2.1016
2023       10.7204        2.5110
2024       10.8387        2.8108
2025       10.4725        2.9799
2026       10.1770        3.0878
2027        9.8160        3.1746
2028        9.5326        3.1623
2029        9.3489        3.2586
2030        9.2119        3.2502
2031        9.2153        3.2479
2032        9.2554        3.1975
2033        9.2693        3.1824
2034        9.3914        3.5467

Mean Biomass Distribution

Year       1%         5%         10%        25%        50%        75%        90%        95%        99%    
2021     5.9031     6.5508     6.9900     7.7807     8.9471     9.9885    11.3947    12.0622    13.4118 
2022     6.1029     7.0008     7.3963     8.5424    10.0181    11.5532    12.7865    13.7491    15.4020 
2023     6.0156     6.9147     7.6346     9.0169    10.4963    12.2688    13.8467    14.8993    17.6271 
2024     5.5659     6.8545     7.5661     8.7900    10.6203    12.4782    14.1551    15.4689    18.2541 
2025     4.9170     5.9796     6.8103     8.6257    10.2394    12.1536    13.9755    15.2240    18.1340 
2026     4.0189     5.5382     6.6275     8.0387     9.9586    11.7856    14.1138    15.4320    18.2378 
2027     3.6569     5.1909     6.0787     7.5396     9.4857    11.8183    13.8771    15.0875    18.6036 
2028     3.2972     4.9577     5.8453     7.3081     9.2188    11.2943    13.4371    14.9441    18.2239 
2029     3.3671     4.7087     5.4489     7.0707     9.1134    11.0785    13.2808    14.8370    19.0271 
2030     3.1560     4.6191     5.4033     6.8795     8.8803    11.2010    13.2240    14.7848    18.7067 
2031     3.2909     4.5319     5.4418     6.9769     8.8759    11.0403    13.2185    14.5535    19.1035 
2032     2.9911     4.5505     5.4664     7.0787     9.0132    10.9778    13.1360    14.8881    19.0813 
2033     3.1341     4.7315     5.4226     6.9437     9.1218    11.0216    13.2899    14.6745    18.5068 
2034     3.3223     4.4509     5.4186     7.1668     9.2325    11.0876    13.2154    14.9350    19.2275 

Combined Catch Biomass  x       1000 MT

Year       Average        StdDev
2021        1.5398        0.0000
2022        1.4739        0.0000
2023        1.6854        0.0000
2024        2.1567        0.0000
2025        2.4000        0.0000
2026        2.4000        0.0000
2027        2.4000        0.0000
2028        2.3000        0.0000
2029        2.3000        0.0000
2030        2.3000        0.0000
2031        2.3000        0.0000
2032        2.2000        0.0000
2033        2.2000        0.0000
2034        2.2000        0.0000

Combined Catch Distribution

Year       1%         5%         10%        25%        50%        75%        90%        95%        99%    
2021     1.5398     1.5398     1.5398     1.5398     1.5398     1.5398     1.5398     1.5398     1.5398 
2022     1.4739     1.4739     1.4739     1.4739     1.4739     1.4739     1.4739     1.4739     1.4739 
2023     1.6854     1.6854     1.6854     1.6854     1.6854     1.6854     1.6854     1.6854     1.6854 
2024     2.1567     2.1567     2.1567     2.1567     2.1567     2.1567     2.1567     2.1567     2.1567 
2025     2.4000     2.4000     2.4000     2.4000     2.4000     2.4000     2.4000     2.4000     2.4000 
2026     2.4000     2.4000     2.4000     2.4000     2.4000     2.4000     2.4000     2.4000     2.4000 
2027     2.4000     2.4000     2.4000     2.4000     2.4000     2.4000     2.4000     2.4000     2.4000 
2028     2.3000     2.3000     2.3000     2.3000     2.3000     2.3000     2.3000     2.3000     2.3000 
2029     2.3000     2.3000     2.3000     2.3000     2.3000     2.3000     2.3000     2.3000     2.3000 
2030     2.3000     2.3000     2.3000     2.3000     2.3000     2.3000     2.3000     2.3000     2.3000 
2031     2.3000     2.3000     2.3000     2.3000     2.3000     2.3000     2.3000     2.3000     2.3000 
2032     2.2000     2.2000     2.2000     2.2000     2.2000     2.2000     2.2000     2.2000     2.2000 
2033     2.2000     2.2000     2.2000     2.2000     2.2000     2.2000     2.2000     2.2000     2.2000 
2034     2.2000     2.2000     2.2000     2.2000     2.2000     2.2000     2.2000     2.2000     2.2000 

Landings  x       1000 MT

Year       Average        StdDev
2021        1.5398        0.0000
2022        1.4739        0.0000
2023        1.6854        0.0000
2024        2.1567        0.0000
2025        2.4000        0.0000
2026        2.4000        0.0000
2027        2.4000        0.0000
2028        2.3000        0.0000
2029        2.3000        0.0000
2030        2.3000        0.0000
2031        2.3000        0.0000
2032        2.2000        0.0000
2033        2.2000        0.0000
2034        2.2000        0.0000

Landings Distribution

Year       1%         5%         10%        25%        50%        75%        90%        95%        99%    
2021     1.5398     1.5398     1.5398     1.5398     1.5398     1.5398     1.5398     1.5398     1.5398 
2022     1.4739     1.4739     1.4739     1.4739     1.4739     1.4739     1.4739     1.4739     1.4739 
2023     1.6854     1.6854     1.6854     1.6854     1.6854     1.6854     1.6854     1.6854     1.6854 
2024     2.1567     2.1567     2.1567     2.1567     2.1567     2.1567     2.1567     2.1567     2.1567 
2025     2.4000     2.4000     2.4000     2.4000     2.4000     2.4000     2.4000     2.4000     2.4000 
2026     2.4000     2.4000     2.4000     2.4000     2.4000     2.4000     2.4000     2.4000     2.4000 
2027     2.4000     2.4000     2.4000     2.4000     2.4000     2.4000     2.4000     2.4000     2.4000 
2028     2.3000     2.3000     2.3000     2.3000     2.3000     2.3000     2.3000     2.3000     2.3000 
2029     2.3000     2.3000     2.3000     2.3000     2.3000     2.3000     2.3000     2.3000     2.3000 
2030     2.3000     2.3000     2.3000     2.3000     2.3000     2.3000     2.3000     2.3000     2.3000 
2031     2.3000     2.3000     2.3000     2.3000     2.3000     2.3000     2.3000     2.3000     2.3000 
2032     2.2000     2.2000     2.2000     2.2000     2.2000     2.2000     2.2000     2.2000     2.2000 
2033     2.2000     2.2000     2.2000     2.2000     2.2000     2.2000     2.2000     2.2000     2.2000 
2034     2.2000     2.2000     2.2000     2.2000     2.2000     2.2000     2.2000     2.2000     2.2000 

Total Fishing Mortality

Year       Average        StdDev
2021        0.5274        0.0963
2022        0.3736        0.0771
2023        0.3839        0.0929
2024        0.4287        0.1227
2025        0.4925        0.1773
2026        0.5422        0.2395
2027        0.5907        0.3140
2028        0.5988        0.3688
2029        0.6371        0.5471
2030        0.6604        0.5082
2031        0.6732        0.4445
2032        0.6435        0.4380
2033        0.6384        0.4815
2034        0.6324        0.4689

Total Fishing Mortality Distribution

Year       1%         5%         10%        25%        50%        75%        90%        95%        99%    
2021     0.2780     0.3827     0.4196     0.4625     0.5272     0.5846     0.6423     0.6733     0.8337 
2022     0.2186     0.2599     0.2798     0.3256     0.3651     0.4120     0.4767     0.5175     0.5991 
2023     0.2204     0.2544     0.2777     0.3201     0.3689     0.4311     0.5157     0.5678     0.6436 
2024     0.2360     0.2709     0.2909     0.3430     0.4046     0.4969     0.5874     0.6659     0.8148 
2025     0.2426     0.2879     0.3160     0.3730     0.4491     0.5692     0.7228     0.8269     1.0840 
2026     0.2477     0.2920     0.3236     0.3924     0.4831     0.6120     0.8386     1.0414     1.4003 
2027     0.2443     0.2982     0.3291     0.4056     0.5084     0.6747     0.9122     1.1755     1.8736 
2028     0.2284     0.2847     0.3175     0.3893     0.5033     0.6802     0.9520     1.1802     2.0728 
2029     0.2215     0.2920     0.3217     0.4032     0.5234     0.7216     0.9897     1.2640     2.2984 
2030     0.2248     0.2887     0.3248     0.4144     0.5371     0.7427     1.0782     1.3871     2.4332 
2031     0.2222     0.2883     0.3324     0.4220     0.5521     0.7567     1.1709     1.4155     2.6931 
2032     0.2119     0.2789     0.3193     0.3948     0.5212     0.7255     1.0726     1.3615     2.5130 
2033     0.2050     0.2766     0.3233     0.3939     0.5090     0.7150     1.0405     1.3118     2.4423 
2034     0.2084     0.2728     0.3179     0.3901     0.4970     0.7129     1.0256     1.3242     2.4245 

JAN-1 Stock Numbers at Age  -       1000  Fish

2021

Age        1%         5%         10%        25%        50%        75%        90%        95%        99%    
1      140.2370   175.0900   184.8320   216.7130   261.1480   317.3690   385.6290   409.5080   464.9250
2       58.9389    77.9477    80.8620    85.4451   100.4175   112.5240   125.3470   138.4980   148.4390
3       34.1986    41.3466    43.5177    47.9381    54.8765    60.4455    67.3245    74.4817    84.8335
4        4.4701     6.3288     7.3712     8.3369     9.5330    10.8358    12.5169    14.0136    20.6054
5        1.2938     1.6031     1.7337     2.2441     2.6907     3.2695     4.2092     4.8898     7.4995
6        0.2917     0.4842     0.6024     0.6936     0.9665     1.2287     1.8234     2.1765     5.0518
7        0.0278     0.0584     0.0739     0.1025     0.1591     0.2261     0.3164     0.3996     1.3049
8        0.0082     0.0292     0.0370     0.0584     0.1092     0.1670     0.2575     0.4456     2.1858
9        0.0003     0.0014     0.0021     0.0035     0.0085     0.0144     0.0223     0.0334     0.2402
10        0.0001     0.0005     0.0007     0.0015     0.0043     0.0069     0.0143     0.0242     0.2609
11        0.0000     0.0001     0.0002     0.0004     0.0014     0.0028     0.0051     0.0082     0.1988
12        0.0000     0.0000     0.0000     0.0000     0.0001     0.0003     0.0005     0.0008     0.0280
13        0.0000     0.0000     0.0000     0.0000     0.0000     0.0002     0.0003     0.0005     0.0316
14        0.0000     0.0000     0.0000     0.0000     0.0000     0.0000     0.0001     0.0001     0.0183
15+       0.0000     0.0000     0.0000     0.0000     0.0000     0.0000     0.0000     0.0000     0.0127

2022

Age        1%         5%         10%        25%        50%        75%        90%        95%        99%    
1       68.5422    70.7927    77.6089   102.6314   168.2484   234.6856   281.1696   307.8819   323.0169
2       88.0210   102.7796   110.0903   127.9826   156.9239   190.6049   233.1415   252.0109   287.2961
3       30.0121    40.1132    42.8145    46.7852    54.2933    62.9933    71.2289    78.3221    89.9676
4       15.1874    18.7423    20.6453    23.1025    26.4215    30.8956    36.1254    40.4075    49.0255
5        1.9180     2.7190     3.2249     3.7683     4.4651     5.2449     6.4000     7.1005    11.7791
6        0.5324     0.6617     0.7419     0.9959     1.1997     1.5394     2.1025     2.4330     4.4956
7        0.1304     0.2166     0.2522     0.3086     0.4220     0.5763     0.8834     1.0625     2.8905
8        0.0119     0.0255     0.0321     0.0455     0.0692     0.1067     0.1618     0.2095     0.7662
9        0.0037     0.0127     0.0164     0.0266     0.0492     0.0811     0.1315     0.2225     1.2588
10        0.0001     0.0006     0.0009     0.0016     0.0037     0.0069     0.0111     0.0176     0.1424
11        0.0000     0.0002     0.0003     0.0007     0.0020     0.0033     0.0077     0.0122     0.1550
12        0.0000     0.0000     0.0001     0.0002     0.0007     0.0013     0.0026     0.0042     0.1181
13        0.0000     0.0000     0.0000     0.0000     0.0001     0.0001     0.0003     0.0004     0.0169
14        0.0000     0.0000     0.0000     0.0000     0.0000     0.0001     0.0001     0.0003     0.0189
15+       0.0000     0.0000     0.0000     0.0000     0.0000     0.0000     0.0001     0.0001     0.0193

2023

Age        1%         5%         10%        25%        50%        75%        90%        95%        99%    
1       68.6492    70.2327    76.9984   101.4388   167.9359   232.8650   275.7358   301.9935   324.7099
2       39.4577    42.9269    46.7552    61.3586    99.6131   143.5364   172.9519   187.4538   200.7827
3       47.3637    57.4853    61.8672    72.0912    90.9310   110.5026   137.4253   149.5498   175.3041
4       14.6031    20.3301    22.3519    24.9273    29.6960    35.0590    40.2620    44.4140    52.0913
5        6.8638     9.0008    10.3140    11.9252    13.9325    16.7171    19.8820    22.6800    29.1584
6        0.8476     1.3239     1.5990     1.9004     2.2831     2.7784     3.4921     3.9093     6.8553
7        0.2502     0.3014     0.3670     0.4976     0.6155     0.8099     1.1307     1.2895     2.6854
8        0.0594     0.1079     0.1198     0.1552     0.2181     0.3054     0.4867     0.5741     1.8162
9        0.0060     0.0125     0.0162     0.0235     0.0355     0.0562     0.0877     0.1121     0.4672
10        0.0018     0.0062     0.0083     0.0142     0.0250     0.0423     0.0703     0.1151     0.7746
11        0.0001     0.0003     0.0005     0.0009     0.0019     0.0037     0.0061     0.0096     0.0887
12        0.0000     0.0001     0.0002     0.0004     0.0010     0.0018     0.0042     0.0066     0.0915
13        0.0000     0.0000     0.0000     0.0001     0.0003     0.0007     0.0014     0.0023     0.0737
14        0.0000     0.0000     0.0000     0.0000     0.0000     0.0001     0.0002     0.0002     0.0102
15+       0.0000     0.0000     0.0000     0.0000     0.0000     0.0001     0.0001     0.0002     0.0230

2024

Age        1%         5%         10%        25%        50%        75%        90%        95%        99%    
1       68.6996    71.2724    78.7544   103.4822   168.2335   246.1212   283.0143   306.5150   370.7888
2       39.9179    43.3024    46.8839    61.3117   100.6482   141.2438   169.4651   182.4265   211.5505
3       22.0612    24.9403    27.0462    34.7927    56.9820    83.6994   102.5152   110.6420   121.4106
4       22.7867    28.6524    32.2969    38.4870    50.5754    62.7241    79.6776    87.7847   104.9111
5        6.8175     9.4679    10.9513    12.9328    15.6261    19.0888    22.7067    24.9579    30.0595
6        3.0478     4.1249     4.8888     5.9760     7.2007     8.9062    10.9568    12.4747    17.0703
7        0.3692     0.6219     0.7540     0.9351     1.1672     1.4407     1.8528     2.1643     3.8381
8        0.1137     0.1361     0.1784     0.2436     0.3142     0.4194     0.5945     0.7084     1.4867
9        0.0274     0.0513     0.0568     0.0773     0.1137     0.1579     0.2621     0.3096     1.0184
10        0.0031     0.0061     0.0080     0.0117     0.0180     0.0288     0.0453     0.0582     0.2879
11        0.0009     0.0031     0.0041     0.0072     0.0129     0.0223     0.0386     0.0601     0.4775
12        0.0000     0.0001     0.0002     0.0004     0.0010     0.0019     0.0034     0.0053     0.0514
13        0.0000     0.0000     0.0001     0.0002     0.0005     0.0010     0.0023     0.0036     0.0570
14        0.0000     0.0000     0.0000     0.0001     0.0002     0.0004     0.0008     0.0012     0.0449
15+       0.0000     0.0000     0.0000     0.0000     0.0000     0.0001     0.0001     0.0002     0.0196

2025

Age        1%         5%         10%        25%        50%        75%        90%        95%        99%    
1       68.8527    70.2043    78.7595   101.7218   168.5496   235.1568   283.9619   306.9260   323.8649
2       39.3623    42.5893    46.1996    61.5788   100.1818   145.9995   171.6715   184.7178   221.6959
3       20.0386    23.1183    25.3147    32.8515    55.0522    79.7163    97.3926   105.8941   125.6962
4        9.6658    11.8975    13.2337    17.6043    29.3240    44.3066    56.4208    61.6695    69.9523
5        9.6744    12.3640    14.4232    18.8185    25.6344    32.5326    43.0047    48.7461    58.6877
6        2.7618     3.8800     4.6837     6.2052     7.8755     9.7607    11.9655    13.4519    16.5022
7        1.2795     1.7239     2.1716     2.8215     3.5719     4.5325     5.7776     6.5431     9.3945
8        0.1521     0.2616     0.3334     0.4511     0.5865     0.7530     0.9746     1.2018     2.2022
9        0.0474     0.0603     0.0806     0.1186     0.1601     0.2167     0.3203     0.3920     0.8679
10        0.0127     0.0226     0.0265     0.0382     0.0580     0.0820     0.1382     0.1728     0.5791
11        0.0014     0.0029     0.0037     0.0059     0.0091     0.0152     0.0243     0.0323     0.1768
12        0.0005     0.0015     0.0021     0.0036     0.0067     0.0115     0.0213     0.0319     0.2837
13        0.0000     0.0001     0.0001     0.0002     0.0005     0.0010     0.0018     0.0029     0.0303
14        0.0000     0.0000     0.0000     0.0001     0.0003     0.0005     0.0013     0.0019     0.0345
15+       0.0000     0.0000     0.0000     0.0000     0.0001     0.0002     0.0005     0.0008     0.0372

2026

Age        1%         5%         10%        25%        50%        75%        90%        95%        99%    
1       68.6750    70.4909    78.6238   103.7485   169.1781   249.4081   288.5191   311.2887   463.6868
2       39.6531    42.8147    46.8321    60.9826   100.5586   140.6314   172.7467   185.5825   205.4042
3       18.5586    21.8892    24.2705    33.4489    53.7612    81.0275    97.1623   105.8032   132.3504
4        7.3337     9.7461    11.2878    15.2937    26.6915    40.7172    51.0904    57.7786    71.7094
5        3.0466     4.6332     5.5940     7.6687    13.6448    22.0251    29.0598    33.0297    38.5714
6        3.0497     4.4623     5.6645     8.2821    11.6964    15.8797    21.3011    25.5986    31.3704
7        0.8542     1.3623     1.8106     2.7131     3.6634     4.8184     6.0844     6.8687     8.8243
8        0.4488     0.6337     0.8392     1.2616     1.7263     2.3001     2.9598     3.4926     5.0955
9        0.0563     0.0995     0.1351     0.2051     0.2847     0.3818     0.5165     0.6587     1.1849
10        0.0167     0.0249     0.0341     0.0568     0.0786     0.1099     0.1690     0.2116     0.4822
11        0.0051     0.0091     0.0116     0.0181     0.0287     0.0427     0.0735     0.0903     0.3170
12        0.0006     0.0012     0.0017     0.0028     0.0046     0.0077     0.0127     0.0174     0.0990
13        0.0003     0.0007     0.0010     0.0017     0.0033     0.0060     0.0113     0.0166     0.1642
14        0.0000     0.0000     0.0001     0.0001     0.0002     0.0005     0.0010     0.0015     0.0170
15+       0.0000     0.0000     0.0000     0.0001     0.0002     0.0004     0.0009     0.0015     0.0403

2027

Age        1%         5%         10%        25%        50%        75%        90%        95%        99%    
1       68.5945    71.4719    79.0559   102.1514   167.2813   234.5803   275.2898   305.9778   324.9266
2       39.7453    42.5586    46.2282    62.0544   101.4670   147.4743   172.7999   188.9265   270.5812
3       17.1895    21.4401    24.2358    31.7474    52.6124    76.6122    96.9611   105.6896   124.3125
4        5.3158     8.2162    10.3979    14.9526    25.8693    40.6012    50.7278    57.5198    70.3818
5        1.6940     3.2741     4.2723     6.7396    11.8827    19.5137    26.3009    30.7066    39.1078
6        0.8225     1.5449     1.9769     3.2919     6.0675    10.2834    14.5196    17.1703    21.3108
7        0.6813     1.3978     2.1303     3.4566     5.4472     7.7402    10.7072    13.1417    16.6861
8        0.2106     0.4664     0.6827     1.1547     1.7375     2.4315     3.1181     3.6653     4.8187
9        0.1015     0.2302     0.3317     0.5443     0.8259     1.1812     1.5470     1.8527     2.6362
10        0.0153     0.0343     0.0526     0.0914     0.1394     0.1951     0.2694     0.3601     0.6271
11        0.0051     0.0097     0.0138     0.0251     0.0390     0.0568     0.0862     0.1143     0.2661
12        0.0019     0.0035     0.0049     0.0086     0.0141     0.0215     0.0376     0.0487     0.1688
13        0.0002     0.0005     0.0007     0.0013     0.0023     0.0040     0.0067     0.0090     0.0536
14        0.0001     0.0003     0.0004     0.0008     0.0016     0.0030     0.0059     0.0089     0.0873
15+       0.0000     0.0000     0.0000     0.0001     0.0002     0.0005     0.0010     0.0016     0.0325

2028

Age        1%         5%         10%        25%        50%        75%        90%        95%        99%    
1       68.5805    69.8545    78.0380   102.3174   167.8750   230.1690   276.5763   299.2005   325.4501
2       38.3150    42.9835    46.5735    60.9535    97.6906   140.7279   167.6618   182.3752   203.9123
3       15.6008    20.9808    23.2177    31.9930    53.2712    78.8932    97.1437   109.3571   147.3106
4        4.1399     7.3985     9.5165    14.1274    24.4481    38.1465    50.0251    56.3860    70.0673
5        1.0509     2.4902     3.5918     6.0774    11.3503    19.3853    25.6460    29.6182    39.9173
6        0.2789     0.8877     1.4957     2.7867     5.2206     9.1377    12.9334    15.5431    21.2221
7        0.1136     0.4328     0.6869     1.3934     2.7243     4.8437     7.1217     8.8159    11.2801
8        0.1073     0.4200     0.7156     1.3934     2.4618     3.7627     5.3996     6.9215     9.1926
9        0.0379     0.1418     0.2469     0.4749     0.8005     1.1932     1.6234     1.9248     2.7048
10        0.0202     0.0708     0.1255     0.2273     0.3877     0.5886     0.8344     0.9913     1.4268
11        0.0027     0.0115     0.0201     0.0391     0.0669     0.0982     0.1491     0.1925     0.3357
12        0.0012     0.0035     0.0055     0.0108     0.0186     0.0284     0.0453     0.0627     0.1358
13        0.0004     0.0011     0.0019     0.0038     0.0068     0.0111     0.0193     0.0255     0.0945
14        0.0001     0.0002     0.0003     0.0006     0.0011     0.0021     0.0034     0.0048     0.0275
15+       0.0000     0.0001     0.0002     0.0004     0.0009     0.0018     0.0037     0.0054     0.0637

2029

Age        1%         5%         10%        25%        50%        75%        90%        95%        99%    
1       68.6129    69.8182    76.4417   101.2661   168.1383   234.0225   278.2375   308.0464   443.7420
2       38.2867    41.4523    46.2106    60.1425    96.9946   135.0822   163.9681   180.8650   204.1245
3       15.1871    20.0158    22.8572    30.4383    50.9012    74.3206    93.6893   104.7597   119.6056
4        2.6918     7.3662     9.5882    14.1356    24.7672    39.4638    51.3244    59.0172    74.8699
5        0.5340     2.1343     3.3369     6.0571    10.7197    18.4679    25.5894    29.7331    37.3805
6        0.1391     0.6868     1.2160     2.5109     5.0093     9.1746    13.1455    15.5216    21.9508
7        0.0341     0.2640     0.5318     1.1442     2.3226     4.2385     6.5765     8.2295    11.2474
8        0.0136     0.1237     0.2479     0.5810     1.2123     2.2638     3.6545     4.6704     6.3023
9        0.0147     0.1164     0.2467     0.5992     1.1564     1.9132     2.8106     3.6308     4.9702
10        0.0057     0.0431     0.0907     0.2059     0.3778     0.6043     0.8761     1.0472     1.4835
11        0.0036     0.0220     0.0493     0.1009     0.1892     0.2980     0.4380     0.5342     0.7923
12        0.0005     0.0037     0.0075     0.0169     0.0320     0.0511     0.0778     0.1029     0.1885
13        0.0002     0.0011     0.0023     0.0047     0.0091     0.0148     0.0242     0.0339     0.0748
14        0.0001     0.0004     0.0008     0.0017     0.0033     0.0058     0.0101     0.0142     0.0525
15+       0.0000     0.0001     0.0002     0.0005     0.0010     0.0020     0.0038     0.0053     0.0526

2030

Age        1%         5%         10%        25%        50%        75%        90%        95%        99%    
1       68.6826    71.1734    79.1484   104.5951   168.0070   234.3130   277.4873   302.5833   325.6175
2       37.7138    41.0890    44.6245    58.8402    97.2737   139.6786   169.4192   184.7360   263.3897
3       12.5936    19.3511    23.0198    30.6032    49.7224    71.2276    91.1885   103.5210   122.6070
4        2.9120     6.4149     8.6956    13.1203    22.9082    36.4177    48.9522    55.1259    67.0571
5        0.3910     1.9679     3.3317     5.6548    10.7072    19.1432    26.0649    31.0261    40.1867
6        0.0600     0.5758     1.1129     2.3931     4.5793     8.6338    13.0276    15.5914    19.6781
7        0.0133     0.1977     0.3856     1.0010     2.1564     4.3635     6.7500     8.3321    12.3523
8        0.0062     0.0832     0.1759     0.4708     1.0588     2.0421     3.3347     4.3298     6.1001
9        0.0026     0.0380     0.0862     0.2457     0.5522     1.1076     1.8482     2.4601     3.5026
10        0.0026     0.0386     0.0965     0.2511     0.5305     0.9618     1.4889     1.9324     2.8403
11        0.0008     0.0132     0.0336     0.0895     0.1771     0.3118     0.4591     0.5614     0.8290
12        0.0006     0.0070     0.0185     0.0430     0.0906     0.1528     0.2342     0.2923     0.4422
13        0.0001     0.0012     0.0030     0.0076     0.0153     0.0270     0.0418     0.0558     0.1006
14        0.0000     0.0004     0.0009     0.0021     0.0044     0.0078     0.0132     0.0186     0.0418
15+       0.0000     0.0002     0.0004     0.0010     0.0021     0.0041     0.0073     0.0108     0.0538

2031

Age        1%         5%         10%        25%        50%        75%        90%        95%        99%    
1       68.8256    73.9202    81.0229   109.2574   172.5489   240.8545   288.2853   311.3767   389.8597
2       37.3718    41.5277    47.4125    61.0767    97.6992   137.2350   165.8640   182.3113   207.0878
3       12.6083    17.9037    21.5351    28.5954    49.3427    74.8896    93.4148   104.0968   141.1151
4        2.1320     6.5327     8.7842    12.8179    22.4132    34.5844    47.0530    55.4858    67.0404
5        0.3267     1.6845     2.8474     5.2161    10.2584    17.2227    24.6807    28.9394    37.8818
6        0.0464     0.5355     0.9648     2.2416     4.6721     8.9688    12.9551    15.8894    21.7845
7        0.0077     0.1765     0.3452     0.9035     2.0088     4.0641     6.5139     8.0233    11.0467
8        0.0020     0.0574     0.1241     0.3849     0.9550     2.1559     3.4049     4.5396     6.5924
9        0.0006     0.0248     0.0573     0.1843     0.4765     1.0149     1.7606     2.2394     3.4649
10        0.0003     0.0103     0.0314     0.0982     0.2578     0.5334     0.9550     1.3060     2.0057
11        0.0003     0.0132     0.0360     0.1002     0.2514     0.4778     0.8031     1.0460     1.5457
12        0.0001     0.0046     0.0128     0.0350     0.0845     0.1597     0.2421     0.3010     0.4560
13        0.0001     0.0022     0.0062     0.0179     0.0423     0.0767     0.1245     0.1572     0.2482
14        0.0000     0.0004     0.0011     0.0032     0.0072     0.0138     0.0227     0.0302     0.0543
15+       0.0000     0.0002     0.0005     0.0013     0.0032     0.0061     0.0109     0.0152     0.0488

2032

Age        1%         5%         10%        25%        50%        75%        90%        95%        99%    
1       68.6129    69.6960    78.3577   105.9197   170.7102   238.2278   282.0845   310.4916   343.3182
2       38.7563    43.0768    47.2964    63.3426   101.1196   141.8102   169.7603   185.0644   230.3379
3       12.7926    18.9968    22.8180    30.6319    49.2238    72.6453    92.0704   101.8291   121.0176
4        1.8119     5.3985     7.9299    12.0889    22.5560    35.9037    48.6774    55.6793    78.3191
5        0.2264     1.6185     2.6374     5.1956     9.3848    16.4212    24.4952    29.6968    35.7029
6        0.0475     0.3545     0.8143     1.9730     4.3605     7.8301    12.4201    15.4761    20.8261
7        0.0052     0.1239     0.2922     0.8274     2.0376     4.2095     6.6034     8.3571    12.0984
8        0.0010     0.0356     0.1011     0.3385     0.8966     1.9585     3.2661     4.2145     6.0783
9        0.0003     0.0166     0.0393     0.1417     0.4250     1.0007     1.7473     2.3237     3.7129
10        0.0001     0.0070     0.0168     0.0730     0.2122     0.4876     0.8961     1.2259     1.9165
11        0.0000     0.0029     0.0100     0.0400     0.1188     0.2677     0.4794     0.7197     1.1955
12        0.0001     0.0036     0.0116     0.0422     0.1133     0.2384     0.4214     0.5494     0.8761
13        0.0000     0.0015     0.0040     0.0146     0.0398     0.0810     0.1280     0.1648     0.2797
14        0.0000     0.0007     0.0021     0.0075     0.0200     0.0386     0.0662     0.0898     0.1392
15+       0.0000     0.0002     0.0005     0.0019     0.0050     0.0101     0.0175     0.0242     0.0510

2033

Age        1%         5%         10%        25%        50%        75%        90%        95%        99%    
1       68.5859    73.0449    80.8955   104.2651   167.8387   236.4621   284.0273   305.6526   323.4153
2       37.4541    41.0607    44.7648    61.4211   100.6375   141.7302   169.0202   185.2331   211.2279
3       14.0081    19.6448    23.2113    31.4399    53.1437    74.7730    94.2749   105.2774   128.1868
4        1.8972     5.8359     8.1612    13.1801    23.0712    35.5147    48.5296    55.4325    69.9459
5        0.2015     1.3505     2.4724     5.0342    10.0496    17.3867    25.3963    30.0808    47.3837
6        0.0356     0.3742     0.7470     2.0106     4.1149     7.7006    12.8299    15.2860    20.6372
7        0.0082     0.0909     0.2391     0.7838     1.9238     3.7339     6.2087     8.3271    11.8233
8        0.0010     0.0319     0.0964     0.3281     0.9017     2.0763     3.4106     4.2779     6.7893
9        0.0002     0.0103     0.0323     0.1331     0.4123     0.9422     1.6963     2.2750     3.4185
10        0.0000     0.0038     0.0140     0.0608     0.1972     0.4849     0.9158     1.2299     2.0098
11        0.0000     0.0019     0.0055     0.0313     0.1016     0.2377     0.4687     0.6497     1.0718
12        0.0000     0.0009     0.0030     0.0173     0.0540     0.1310     0.2519     0.3858     0.6801
13        0.0000     0.0010     0.0035     0.0174     0.0545     0.1222     0.2243     0.2905     0.5259
14        0.0000     0.0004     0.0013     0.0064     0.0197     0.0410     0.0699     0.0897     0.1619
15+       0.0000     0.0003     0.0009     0.0040     0.0122     0.0252     0.0457     0.0610     0.1095

2034

Age        1%         5%         10%        25%        50%        75%        90%        95%        99%    
1       68.6186    69.8277    79.9314   104.0248   169.4420   242.3333   287.2581   311.5497   423.8499
2       38.4564    42.7325    46.5042    60.4883    99.4440   141.8150   167.8362   183.3207   202.7977
3       11.4828    18.6941    22.1252    30.9784    52.8625    75.0536    93.9989   103.5221   125.8763
4        1.9991     6.0533     8.9255    13.8598    24.7058    37.1190    49.1587    57.9207    71.8295
5        0.2569     1.5443     2.8635     5.3157    10.4993    17.1873    25.2387    28.9415    38.0037
6        0.0241     0.3570     0.8101     2.0234     4.3362     8.2859    12.7683    16.0860    27.1157
7        0.0026     0.0936     0.2555     0.7977     1.7908     3.7482     6.6205     8.2448    11.9112
8        0.0006     0.0242     0.0733     0.3169     0.8695     1.8351     3.1395     4.4430     6.8564
9        0.0001     0.0065     0.0312     0.1298     0.4202     1.0142     1.7709     2.2841     3.8725
10        0.0000     0.0027     0.0111     0.0561     0.1986     0.4653     0.8808     1.2809     1.8734
11        0.0000     0.0010     0.0044     0.0255     0.0932     0.2445     0.4949     0.6820     1.1256
12        0.0000     0.0004     0.0022     0.0127     0.0482     0.1197     0.2432     0.3543     0.6312
13        0.0000     0.0002     0.0011     0.0071     0.0257     0.0665     0.1332     0.2174     0.3752
14        0.0000     0.0002     0.0013     0.0074     0.0267     0.0631     0.1171     0.1595     0.2919
15+       0.0000     0.0002     0.0008     0.0046     0.0159     0.0340     0.0632     0.0817     0.1434

Probability Spawning Stock Biomass Exceeds Threshold      3.660 (1000 MT)

Year    Probability

2021    0.053000
2022    0.667000
2023    0.926000
2024    0.905000
2025    0.824000
2026    0.772000
2027    0.705000
2028    0.662000
2029    0.630000
2030    0.607000
2031    0.571000
2032    0.569000
2033    0.596000
2034    0.610000

Probability Threshold Exceeded at Least Once =     0.9830

Probability Total Fishing Mortality Exceeds Threshold     0.8413 

Year    Probability

2021    0.010000
2022    0.000000
2023    0.000000
2024    0.005000
2025    0.044000
2026    0.100000
2027    0.136000
2028    0.141000
2029    0.172000
2030    0.185000
2031    0.200000
2032    0.184000
2033    0.173000
2034    0.174000

Probability Threshold Exceeded at Least Once =     0.3820


Requested Percentile Report

Percentile =    40.00 %

                                 2021       2022       2023       2024       2025       2026       2027       2028       2029       2030       2031       2032       2033       2034 

Recruits                     139.5901   137.8885   148.0238   143.5318   154.8433   133.5501   143.5920   137.1368   149.7824   157.8707   154.2303   143.1873   149.8221   147.1189 
Spawning Stock Biomass         2.5154     3.8030     5.1658     5.2092     4.9439     4.4743     4.2021     3.9195     3.7889     3.6983     3.5033     3.5126     3.6392     3.7469 
Jan-1 Stock Biomass            8.7830     9.8953    10.6479    11.2434    10.9115    10.3948     9.9942     9.5524     9.3881     9.2059     9.2362     9.2269     9.2498     9.3170 
Mean Biomass                   8.5426     9.4578     9.9227    10.0589     9.5619     9.1824     8.7801     8.5232     8.3572     8.0484     8.1068     8.2213     8.2972     8.5070 
Combined Catch Biomass         1.5398     1.4739     1.6854     2.1567     2.4000     2.4000     2.4000     2.3000     2.3000     2.3000     2.3000     2.2000     2.2000     2.2000 
Landings                       1.5398     1.4739     1.6854     2.1567     2.4000     2.4000     2.4000     2.3000     2.3000     2.3000     2.3000     2.2000     2.2000     2.2000 
FMort                          0.5031     0.3489     0.3495     0.3801     0.4187     0.4427     0.4675     0.4582     0.4666     0.4925     0.4952     0.4718     0.4599     0.4561 

Stock Numbers at Age
Age 1                        244.9740   139.5901   137.8885   148.0238   143.5318   154.8433   133.5501   143.5920   137.1368   149.7824   157.8707   154.2303   143.1873   149.8221 
Age 2                         93.8626   146.3375    83.5177    83.7818    86.4818    85.6636    89.6178    78.8992    83.4045    78.8403    85.5079    90.0696    88.9574    82.9032 
Age 3                         51.2273    50.8946    84.5069    47.9336    46.2313    45.8089    44.2024    46.0430    40.8496    40.9103    40.3469    41.1050    45.4208    44.5417 
Age 4                          9.1703    24.9893    27.4803    45.8016    24.0322    21.9666    21.3742    19.8655    20.3841    18.7149    18.3311    18.0102    18.5333    20.1630 
Age 5                          2.4696     4.2246    13.0461    14.5135    22.9160    10.8673     9.4912     9.2039     8.6593     8.6951     7.9557     7.6280     7.7776     8.1427 
Age 6                          0.8492     1.1053     2.1353     6.6777     7.2671    10.5467     4.7454     4.0452     3.9203     3.5408     3.5340     3.3824     3.1979     3.3047 
Age 7                          0.1227     0.3807     0.5624     1.0694     3.2864     3.3157     4.6975     2.0869     1.8273     1.6584     1.5165     1.5219     1.4235     1.4186 
Age 8                          0.0902     0.0563     0.1926     0.2883     0.5305     1.5406     1.4833     2.1258     0.9318     0.8098     0.6779     0.6458     0.6450     0.6214 
Age 9                          0.0063     0.0406     0.0288     0.0977     0.1452     0.2536     0.7157     0.6836     0.9578     0.4061     0.3590     0.2905     0.2878     0.2814 
Age 10                          0.0032     0.0029     0.0207     0.0148     0.0493     0.0702     0.1196     0.3283     0.3120     0.4246     0.1838     0.1561     0.1312     0.1346 
Age 11                          0.0009     0.0015     0.0015     0.0102     0.0076     0.0246     0.0332     0.0557     0.1514     0.1390     0.1910     0.0833     0.0699     0.0589 
Age 12                          0.0001     0.0004     0.0008     0.0008     0.0052     0.0038     0.0118     0.0160     0.0264     0.0700     0.0641     0.0851     0.0384     0.0319 
Age 13                          0.0000     0.0000     0.0002     0.0004     0.0004     0.0026     0.0018     0.0055     0.0076     0.0122     0.0319     0.0290     0.0401     0.0175 
Age 14                          0.0000     0.0000     0.0000     0.0001     0.0002     0.0002     0.0013     0.0009     0.0026     0.0035     0.0058     0.0151     0.0134     0.0179 
Age 15                          0.0000     0.0000     0.0000     0.0000     0.0001     0.0001     0.0002     0.0007     0.0007     0.0016     0.0024     0.0038     0.0089     0.0104 
