AGEPRO VERSION 4.2

2025_MLS_scenario2

Date & Time of Run: 17 Mar 2025  14:05

Input File Name:    2025_MLS_scenario2.inp

First Age Class:                         1
Number of Age Classes:                  15
Number of Years in Projection:          14
Number of Fleets:                        9
Number of Recruitment Models:            3
Number of Bootstraps:                  100
Number of Simulations:                1000

Bootstrap File Name:            C:\Users\jon.brodziak\Desktop\2024 WCNPO MLS Rebuilding\Bootstrap-numbers-at-age\2023_WCNPOMLS.bsn

Number of Feasible Solutions:      99850  of     100000 Realizations

Input Harvest Scenario

Year  Type        Fleet-1    Fleet-2    Fleet-3    Fleet-4    Fleet-5    Fleet-6    Fleet-7    Fleet-8    Fleet-9    

2021  Landings        118        100        551         72         89         37         58        265        249 
2022  Landings         75         99        464         36         80         54         84        298        284 
2023  Landings        129         80        526         28        110         54         84        214        461 
2024  Landings         83        176        578         27        110         54         84        584        461 
2025  Landings        226        149       1378         84        196        107        215        393        476 
2026  Landings        203        134        978         75        176         96        183        228        326 
2027  Landings        203        134        978         75        176         96        183        228        326 
2028  Landings        189        125        708         68        162         90        173        381        304 
2029  Landings        189        125        708         68        162         90        173        381        304 
2030  Landings        189        125        708         68        162         90        173        381        304 
2031  Landings        189        125        708         68        162         90        173        381        304 
2032  Landings        189        125        708         68        162         90        173        381        304 
2033  Landings        189        125        708         68        162         90        173        381        304 
2034  Landings        189        125        708         68        162         90        173        381        304 

Recruitment Selection Distribution

Year  Selection-1 Selection-2 Selection-3 

2021      0.1199     0.8403     0.0398 
2022      0.1198     0.8408     0.0394 
2023      0.1213     0.8390     0.0397 
2024      0.1189     0.8416     0.0395 
2025      0.1225     0.8373     0.0402 
2026      0.1183     0.8427     0.0390 
2027      0.1197     0.8397     0.0406 
2028      0.1190     0.8416     0.0395 
2029      0.1199     0.8401     0.0399 
2030      0.1194     0.8407     0.0399 
2031      0.1200     0.8392     0.0408 
2032      0.1191     0.8406     0.0403 
2033      0.1191     0.8403     0.0406 
2034      0.1194     0.8403     0.0403 

Recruits        1000  Fish

Year Class   Average        StdDev
2021        173.3092       80.3508
2022        174.4098       82.9471
2023        174.5386       84.4980
2024        174.8241       83.7524
2025        174.1670       83.5252
2026        174.3737       82.7863
2027        174.1730       82.4343
2028        174.0885       83.0623
2029        173.8264       83.0739
2030        174.1870       82.7511
2031        173.8744       82.8697
2032        174.3144       83.1449
2033        174.0019       83.0780
2034        173.5065       82.3320

Recruits Distribution

Year Class 1%         5%         10%        25%        50%        75%        90%        95%        99%    
2021    68.6255    70.5974    79.1309   104.7516   168.5484   236.2485   278.2079   305.6867   325.3290
2022    68.6522    70.7106    79.0074   104.7086   168.6440   237.3488   280.4012   307.0879   334.7809
2023    68.6710    70.5509    79.0150   104.6783   168.6130   236.9028   280.2603   307.4847   350.3207
2024    68.6618    70.7881    79.1042   105.0640   168.6310   237.3368   281.3037   307.5199   357.5038
2025    68.6619    70.5448    78.9319   104.7484   168.5315   236.7678   279.6436   306.9123   351.3229
2026    68.6633    70.8355    79.0177   104.8671   168.5818   237.3892   280.5426   307.1554   338.0995
2027    68.6684    70.8262    79.0169   105.0189   168.5983   237.0869   279.8336   307.0389   333.7548
2028    68.6585    70.7667    79.0926   104.2775   168.5263   237.1784   280.9983   307.5542   326.3816
2029    68.6598    70.7322    78.9714   104.3804   168.4978   236.7998   279.5267   306.7893   331.8717
2030    68.6300    70.5946    79.0662   104.9687   168.5678   236.9728   280.0261   306.6370   336.3490
2031    68.6588    70.7740    78.9858   104.5647   168.5560   236.8372   278.9340   306.1585   333.4189
2032    68.6589    70.7669    79.2359   105.2966   168.5504   236.6272   279.9392   306.7008   335.1346
2033    68.6250    70.4956    78.9570   105.0198   168.5338   236.5362   280.3674   307.1860   340.9164
2034    68.6459    70.6585    78.9354   104.7035   168.4282   236.1049   279.0695   306.0551   329.5234

Spawning Stock Biomass  x       1000 MT

Year       Average        StdDev
2021        2.7365        0.6268
2022        4.0561        0.8627
2023        5.6532        1.4194
2024        5.8733        1.7167
2025        5.2307        1.8916
2026        4.6396        1.9778
2027        4.4332        2.0364
2028        4.3876        2.0731
2029        4.4156        2.1000
2030        4.4312        2.1194
2031        4.4403        2.1336
2032        4.4459        2.1457
2033        4.4521        2.1509
2034        4.4554        2.1517

Spawning Stock Biomass Distribution

Year        1%         5%         10%        25%        50%        75%        90%        95%        99%   
2021     1.6043     1.9805     2.1176     2.3331     2.6396     3.0254     3.4241     3.7320     5.3769 
2022     2.3042     2.8142     3.0385     3.4781     3.9724     4.5146     5.2052     5.6439     6.6004 
2023     3.0321     3.5941     3.9434     4.6283     5.5137     6.4802     7.6021     8.2887     9.5447 
2024     2.6272     3.3499     3.7911     4.6449     5.7176     6.9391     8.1253     8.8946    10.4508 
2025     1.6273     2.4373     2.9430     3.8927     5.0845     6.3846     7.6601     8.4939    10.3162 
2026     0.9885     1.7883     2.2856     3.2418     4.4641     5.8182     7.1505     8.0220    10.1225 
2027     0.7345     1.5225     2.0321     2.9934     4.2370     5.6246     7.0134     7.9354    10.1664 
2028     0.6609     1.4396     1.9386     2.9251     4.1821     5.5933     7.0124     7.9564    10.3174 
2029     0.6484     1.4233     1.9409     2.9329     4.2087     5.6349     7.0837     8.0597    10.3900 
2030     0.6040     1.4073     1.9331     2.9318     4.2195     5.6608     7.1345     8.0840    10.4200 
2031     0.5726     1.3931     1.9271     2.9348     4.2286     5.6820     7.1501     8.1253    10.4173 
2032     0.5755     1.3846     1.9229     2.9345     4.2424     5.6970     7.1517     8.1488    10.5192 
2033     0.5796     1.3791     1.9158     2.9344     4.2469     5.6990     7.1680     8.1741    10.4908 
2034     0.5618     1.3712     1.9107     2.9389     4.2480     5.7131     7.1782     8.1639    10.5119 

JAN-1 Stock Biomass  x       1000 MT

Year       Average        StdDev
2021        9.2942        1.5938
2022       10.6208        2.0384
2023       11.5509        2.4036
2024       11.9890        2.6689
2025       11.7899        2.8414
2026       10.6637        2.9527
2027       10.4303        3.0212
2028       10.2606        3.0595
2029       10.2789        3.0965
2030       10.2891        3.1203
2031       10.3023        3.1390
2032       10.3069        3.1477
2033       10.3158        3.1571
2034       10.3210        3.1677

JAN-1 Stock Biomass Distribution

Year       1%         5%         10%        25%        50%        75%        90%        95%        99%    
2021     6.3351     6.9536     7.3707     8.1695     9.1689    10.1330    11.5384    12.2859    13.7262 
2022     6.7101     7.5812     8.1358     9.1887    10.4365    11.8716    13.2976    14.2388    16.0747 
2023     6.8534     7.9571     8.6242     9.8580    11.3820    13.0342    14.6313    15.7065    17.8955 
2024     6.7591     8.0046     8.7444    10.1214    11.8049    13.6170    15.3862    16.5261    19.1551 
2025     6.1885     7.5681     8.3646     9.8057    11.5859    13.5227    15.3829    16.6186    19.4810 
2026     4.8525     6.2782     7.1115     8.6184    10.4495    12.4405    14.3984    15.6620    18.8041 
2027     4.4848     5.9558     6.8123     8.3486    10.2127    12.2259    14.2452    15.5626    18.8303 
2028     4.2610     5.7339     6.5924     8.1496    10.0384    12.0908    14.1124    15.4629    18.6916 
2029     4.1835     5.7002     6.5802     8.1440    10.0531    12.1200    14.1947    15.5285    18.7351 
2030     4.1018     5.6867     6.5733     8.1429    10.0601    12.1614    14.2064    15.5798    18.8054 
2031     4.1203     5.6642     6.5628     8.1415    10.0931    12.1696    14.2338    15.6118    18.9069 
2032     4.1009     5.6481     6.5408     8.1382    10.0906    12.1835    14.2472    15.6398    18.9848 
2033     4.0725     5.6495     6.5426     8.1587    10.0894    12.2102    14.2623    15.6511    18.9687 
2034     4.0375     5.6268     6.5239     8.1574    10.1028    12.2167    14.2834    15.6696    19.0252 

Mean Biomass  x       1000 MT

Year       Average        StdDev
2021        9.0583        1.7030
2022       10.1698        2.1329
2023       10.8233        2.4647
2024       10.9096        2.6975
2025       10.1610        2.8626
2026        9.5209        2.9412
2027        9.3208        2.9970
2028        9.2608        3.0257
2029        9.2786        3.0554
2030        9.2881        3.0755
2031        9.2987        3.0902
2032        9.3030        3.0974
2033        9.3132        3.1081
2034        9.3136        3.1101

Mean Biomass Distribution

Year       1%         5%         10%        25%        50%        75%        90%        95%        99%    
2021     5.9366     6.5620     6.9951     7.8303     8.9209     9.9762    11.4909    12.2404    13.7012 
2022     6.1082     6.9940     7.5720     8.6562     9.9820    11.4931    12.9672    13.9212    15.8476 
2023     6.0259     7.1398     7.8213     9.0805    10.6485    12.3453    13.9912    15.0464    17.3264 
2024     5.6270     6.8831     7.6365     9.0250    10.7280    12.5579    14.3363    15.4790    18.1117 
2025     4.5256     5.9162     6.7209     8.1669     9.9617    11.8904    13.7665    15.0026    17.9581 
2026     3.7343     5.1658     5.9849     7.4865     9.3117    11.2796    13.1965    14.5164    17.6681 
2027     3.4575     4.8974     5.7303     7.2536     9.1023    11.1089    13.0899    14.4198    17.6222 
2028     3.3415     4.7860     5.6385     7.1792     9.0288    11.0673    13.0745    14.3699    17.6931 
2029     3.2730     4.7490     5.6348     7.1812     9.0542    11.0952    13.1275    14.4578    17.6131 
2030     3.1877     4.7502     5.6198     7.1685     9.0763    11.1165    13.1468    14.4776    17.6851 
2031     3.1940     4.7289     5.6038     7.1710     9.0830    11.1272    13.1765    14.5504    17.8117 
2032     3.2044     4.7177     5.5947     7.1764     9.0855    11.1562    13.1726    14.5547    17.8474 
2033     3.1697     4.7080     5.6030     7.1889     9.0922    11.1743    13.2002    14.5538    17.8074 
2034     3.1464     4.7034     5.5799     7.1861     9.1078    11.1891    13.2001    14.5569    17.8368 

Combined Catch Biomass  x       1000 MT

Year       Average        StdDev
2021        1.5398        0.0001
2022        1.4739        0.0000
2023        1.6853        0.0107
2024        2.1565        0.0216
2025        3.2246        0.0338
2026        2.3997        0.0252
2027        2.3995        0.0339
2028        2.1994        0.0361
2029        2.1989        0.0487
2030        2.1985        0.0565
2031        2.1982        0.0634
2032        2.1977        0.0713
2033        2.1972        0.0790
2034        2.1967        0.0851

Combined Catch Distribution

Year       1%         5%         10%        25%        50%        75%        90%        95%        99%    
2021     1.5398     1.5398     1.5398     1.5398     1.5398     1.5398     1.5398     1.5398     1.5398 
2022     1.4739     1.4739     1.4739     1.4739     1.4739     1.4739     1.4739     1.4739     1.4739 
2023     1.6854     1.6854     1.6854     1.6854     1.6854     1.6854     1.6854     1.6854     1.6854 
2024     2.1567     2.1567     2.1567     2.1567     2.1567     2.1567     2.1567     2.1567     2.1567 
2025     3.2250     3.2250     3.2250     3.2250     3.2250     3.2250     3.2250     3.2250     3.2250 
2026     2.4000     2.4000     2.4000     2.4000     2.4000     2.4000     2.4000     2.4000     2.4000 
2027     2.4000     2.4000     2.4000     2.4000     2.4000     2.4000     2.4000     2.4000     2.4000 
2028     2.2000     2.2000     2.2000     2.2000     2.2000     2.2000     2.2000     2.2000     2.2000 
2029     2.2000     2.2000     2.2000     2.2000     2.2000     2.2000     2.2000     2.2000     2.2000 
2030     2.2000     2.2000     2.2000     2.2000     2.2000     2.2000     2.2000     2.2000     2.2000 
2031     2.2000     2.2000     2.2000     2.2000     2.2000     2.2000     2.2000     2.2000     2.2000 
2032     2.2000     2.2000     2.2000     2.2000     2.2000     2.2000     2.2000     2.2000     2.2000 
2033     2.2000     2.2000     2.2000     2.2000     2.2000     2.2000     2.2000     2.2000     2.2000 
2034     2.2000     2.2000     2.2000     2.2000     2.2000     2.2000     2.2000     2.2000     2.2000 

Landings  x       1000 MT

Year       Average        StdDev
2021        1.5398        0.0001
2022        1.4739        0.0000
2023        1.6853        0.0107
2024        2.1565        0.0216
2025        3.2246        0.0338
2026        2.3997        0.0252
2027        2.3995        0.0339
2028        2.1994        0.0361
2029        2.1989        0.0487
2030        2.1985        0.0565
2031        2.1982        0.0634
2032        2.1977        0.0713
2033        2.1972        0.0790
2034        2.1967        0.0851

Landings Distribution

Year       1%         5%         10%        25%        50%        75%        90%        95%        99%    
2021     1.5398     1.5398     1.5398     1.5398     1.5398     1.5398     1.5398     1.5398     1.5398 
2022     1.4739     1.4739     1.4739     1.4739     1.4739     1.4739     1.4739     1.4739     1.4739 
2023     1.6854     1.6854     1.6854     1.6854     1.6854     1.6854     1.6854     1.6854     1.6854 
2024     2.1567     2.1567     2.1567     2.1567     2.1567     2.1567     2.1567     2.1567     2.1567 
2025     3.2250     3.2250     3.2250     3.2250     3.2250     3.2250     3.2250     3.2250     3.2250 
2026     2.4000     2.4000     2.4000     2.4000     2.4000     2.4000     2.4000     2.4000     2.4000 
2027     2.4000     2.4000     2.4000     2.4000     2.4000     2.4000     2.4000     2.4000     2.4000 
2028     2.2000     2.2000     2.2000     2.2000     2.2000     2.2000     2.2000     2.2000     2.2000 
2029     2.2000     2.2000     2.2000     2.2000     2.2000     2.2000     2.2000     2.2000     2.2000 
2030     2.2000     2.2000     2.2000     2.2000     2.2000     2.2000     2.2000     2.2000     2.2000 
2031     2.2000     2.2000     2.2000     2.2000     2.2000     2.2000     2.2000     2.2000     2.2000 
2032     2.2000     2.2000     2.2000     2.2000     2.2000     2.2000     2.2000     2.2000     2.2000 
2033     2.2000     2.2000     2.2000     2.2000     2.2000     2.2000     2.2000     2.2000     2.2000 
2034     2.2000     2.2000     2.2000     2.2000     2.2000     2.2000     2.2000     2.2000     2.2000 

Total Fishing Mortality

Year       Average        StdDev
2021        0.5270        0.0949
2022        0.3726        0.0750
2023        0.3814        0.0908
2024        0.4239        0.1202
2025        0.6983        0.2712
2026        0.6105        0.3359
2027        0.6602        0.4432
2028        0.6159        0.4411
2029        0.6156        0.4396
2030        0.6170        0.4485
2031        0.6188        0.4643
2032        0.6194        0.4782
2033        0.6185        0.4711
2034        0.6181        0.4659

Total Fishing Mortality Distribution

Year       1%         5%         10%        25%        50%        75%        90%        95%        99%    
2021     0.2836     0.3862     0.4181     0.4631     0.5245     0.5834     0.6374     0.6723     0.8285 
2022     0.2258     0.2604     0.2801     0.3249     0.3638     0.4149     0.4725     0.5097     0.5879 
2023     0.2238     0.2553     0.2765     0.3177     0.3694     0.4315     0.5028     0.5509     0.6495 
2024     0.2328     0.2710     0.2945     0.3397     0.4028     0.4843     0.5798     0.6488     0.8104 
2025     0.3348     0.4023     0.4416     0.5205     0.6376     0.8042     1.0208     1.1927     1.6589 
2026     0.2550     0.3141     0.3491     0.4199     0.5311     0.6997     0.9369     1.1456     1.8333 
2027     0.2527     0.3181     0.3556     0.4332     0.5559     0.7472     1.0357     1.3050     2.2787 
2028     0.2303     0.2896     0.3248     0.3972     0.5116     0.6930     0.9761     1.2383     2.2179 
2029     0.2286     0.2874     0.3223     0.3953     0.5100     0.6939     0.9765     1.2531     2.2666 
2030     0.2279     0.2861     0.3206     0.3935     0.5084     0.6933     0.9792     1.2614     2.3419 
2031     0.2279     0.2854     0.3202     0.3922     0.5072     0.6940     0.9828     1.2673     2.3986 
2032     0.2259     0.2843     0.3195     0.3913     0.5065     0.6942     0.9847     1.2704     2.3608 
2033     0.2254     0.2836     0.3188     0.3906     0.5062     0.6940     0.9862     1.2735     2.3346 
2034     0.2251     0.2839     0.3186     0.3901     0.5055     0.6915     0.9898     1.2772     2.3503 

JAN-1 Stock Numbers at Age  -       1000  Fish

2021

Age        1%         5%         10%        25%        50%        75%        90%        95%        99%    
1      140.2370   175.0900   184.8320   216.7130   261.1480   317.3690   385.6290   409.5080   464.9250
2       58.9389    77.9477    80.8620    85.4451   100.4175   112.5240   125.3470   138.4980   148.4390
3       34.1986    41.3466    43.5177    47.9381    54.8765    60.4455    67.3245    74.4817    84.8335
4        4.4701     6.3288     7.3712     8.3369     9.5330    10.8358    12.5169    14.0136    20.6054
5        1.2938     1.6031     1.7337     2.2441     2.6907     3.2695     4.2092     4.8898     7.4995
6        0.2917     0.4842     0.6024     0.6936     0.9665     1.2287     1.8234     2.1765     5.0518
7        0.0278     0.0584     0.0739     0.1025     0.1591     0.2261     0.3164     0.3996     1.3049
8        0.0082     0.0292     0.0370     0.0584     0.1092     0.1670     0.2575     0.4456     2.1858
9        0.0003     0.0014     0.0021     0.0035     0.0085     0.0144     0.0223     0.0334     0.2402
10        0.0001     0.0005     0.0007     0.0015     0.0043     0.0069     0.0143     0.0242     0.2609
11        0.0000     0.0001     0.0002     0.0004     0.0014     0.0028     0.0051     0.0082     0.1988
12        0.0000     0.0000     0.0000     0.0000     0.0001     0.0003     0.0005     0.0008     0.0280
13        0.0000     0.0000     0.0000     0.0000     0.0000     0.0002     0.0003     0.0005     0.0316
14        0.0000     0.0000     0.0000     0.0000     0.0000     0.0000     0.0001     0.0001     0.0183
15+       0.0000     0.0000     0.0000     0.0000     0.0000     0.0000     0.0000     0.0000     0.0127

2022

Age        1%         5%         10%        25%        50%        75%        90%        95%        99%    
1       68.6255    70.5974    79.1309   104.7516   168.5484   236.2485   278.2079   305.6867   325.3290
2       87.8064   104.1025   110.9385   128.1154   156.3830   191.5311   232.7850   253.6212   289.2211
3       30.1592    40.6891    43.0875    46.7912    54.2278    62.7601    71.6211    78.5499    89.3361
4       15.1746    18.6152    20.5834    23.1258    26.5423    30.7363    35.5064    40.0180    49.9051
5        1.9767     2.7492     3.2518     3.7739     4.4690     5.2525     6.4303     7.0868    11.8762
6        0.5407     0.6572     0.7418     1.0001     1.2053     1.5435     2.0818     2.4497     4.5867
7        0.1300     0.2168     0.2514     0.3102     0.4196     0.5828     0.8890     1.0815     3.1030
8        0.0132     0.0255     0.0325     0.0452     0.0695     0.1067     0.1605     0.2069     0.7951
9        0.0039     0.0128     0.0165     0.0270     0.0490     0.0802     0.1299     0.2196     1.3305
10        0.0001     0.0006     0.0009     0.0017     0.0038     0.0069     0.0111     0.0178     0.1469
11        0.0000     0.0002     0.0003     0.0007     0.0020     0.0033     0.0076     0.0123     0.1629
12        0.0000     0.0000     0.0001     0.0002     0.0007     0.0013     0.0026     0.0042     0.1273
13        0.0000     0.0000     0.0000     0.0000     0.0001     0.0001     0.0003     0.0004     0.0177
14        0.0000     0.0000     0.0000     0.0000     0.0000     0.0001     0.0001     0.0003     0.0202
15+       0.0000     0.0000     0.0000     0.0000     0.0000     0.0000     0.0001     0.0001     0.0199

2023

Age        1%         5%         10%        25%        50%        75%        90%        95%        99%    
1       68.6522    70.7106    79.0074   104.7086   168.6440   237.3488   280.4012   307.0879   334.7809
2       39.8467    43.3124    47.4646    62.9263   101.5624   143.1456   170.6848   185.3424   207.3891
3       48.2464    57.8117    62.3249    72.7106    90.7222   112.1565   137.7940   151.9672   175.0930
4       14.8029    20.5673    22.3568    24.9745    29.4862    34.9505    40.5714    44.7193    51.7408
5        7.0436     9.0315    10.3081    11.9151    13.9065    16.6680    19.5441    22.4875    29.2080
6        0.8847     1.3466     1.6078     1.9070     2.2914     2.7695     3.4961     3.9009     6.8133
7        0.2513     0.3042     0.3684     0.4963     0.6176     0.8054     1.1197     1.3155     2.7528
8        0.0602     0.1074     0.1201     0.1574     0.2182     0.3036     0.4835     0.5779     1.7900
9        0.0068     0.0128     0.0163     0.0232     0.0357     0.0556     0.0866     0.1114     0.4875
10        0.0021     0.0063     0.0084     0.0142     0.0250     0.0423     0.0712     0.1160     0.8073
11        0.0001     0.0003     0.0004     0.0009     0.0019     0.0037     0.0061     0.0098     0.0903
12        0.0000     0.0001     0.0002     0.0004     0.0010     0.0018     0.0042     0.0067     0.1015
13        0.0000     0.0000     0.0000     0.0001     0.0003     0.0007     0.0014     0.0023     0.0780
14        0.0000     0.0000     0.0000     0.0000     0.0000     0.0001     0.0002     0.0002     0.0111
15+       0.0000     0.0000     0.0000     0.0000     0.0000     0.0001     0.0001     0.0002     0.0238

2024

Age        1%         5%         10%        25%        50%        75%        90%        95%        99%    
1       68.6710    70.5509    79.0150   104.6783   168.6130   236.9028   280.2603   307.4847   350.3207
2       40.0647    43.5777    47.7354    63.1857   102.2910   144.7905   172.4631   187.1172   212.9058
3       21.9529    24.7315    27.1852    36.1227    58.8433    83.7558   101.8095   110.9052   127.0727
4       23.7943    29.3405    32.4040    38.7657    50.0759    63.1516    79.3763    88.7631   103.9619
5        6.9490     9.7358    11.0593    12.9603    15.7558    19.0492    22.7070    25.1612    29.8021
6        3.1609     4.2839     4.9355     5.9791     7.2431     8.8492    10.6575    12.3460    16.5420
7        0.3783     0.6345     0.7696     0.9496     1.1648     1.4573     1.8857     2.1603     3.8341
8        0.1120     0.1412     0.1782     0.2431     0.3168     0.4177     0.5934     0.7143     1.5258
9        0.0281     0.0510     0.0575     0.0782     0.1127     0.1566     0.2604     0.3117     1.0081
10        0.0032     0.0063     0.0079     0.0117     0.0181     0.0287     0.0459     0.0600     0.2895
11        0.0011     0.0031     0.0042     0.0073     0.0127     0.0220     0.0392     0.0602     0.4832
12        0.0000     0.0001     0.0002     0.0004     0.0010     0.0019     0.0034     0.0053     0.0516
13        0.0000     0.0001     0.0001     0.0002     0.0005     0.0009     0.0023     0.0037     0.0584
14        0.0000     0.0000     0.0000     0.0001     0.0002     0.0004     0.0008     0.0013     0.0473
15+       0.0000     0.0000     0.0000     0.0000     0.0000     0.0001     0.0001     0.0002     0.0207

2025

Age        1%         5%         10%        25%        50%        75%        90%        95%        99%    
1       68.6618    70.7881    79.1042   105.0640   168.6310   237.3368   281.3037   307.5199   357.5038
2       39.0019    42.5688    46.6177    61.8395    99.9893   141.5799   169.2742   184.0356   213.2227
3       20.3101    23.3814    25.7948    34.4212    56.4444    81.3120    99.2974   107.9991   126.5994
4        9.5768    11.7761    13.3649    18.1452    30.3549    44.5533    56.2221    61.9244    73.3473
5        9.7282    12.9555    14.9141    18.8630    25.3389    33.2124    42.9632    48.8995    58.7967
6        2.8460     4.0891     4.9078     6.2133     7.8679     9.7969    12.0266    13.4983    16.4422
7        1.3043     1.8586     2.2114     2.8472     3.6189     4.5480     5.6592     6.5863     8.9463
8        0.1546     0.2736     0.3509     0.4563     0.5834     0.7559     1.0011     1.1831     2.0857
9        0.0477     0.0652     0.0823     0.1188     0.1612     0.2176     0.3121     0.3884     0.8429
10        0.0131     0.0229     0.0275     0.0387     0.0574     0.0814     0.1391     0.1699     0.5595
11        0.0015     0.0030     0.0038     0.0059     0.0092     0.0149     0.0246     0.0321     0.1690
12        0.0006     0.0015     0.0021     0.0037     0.0066     0.0115     0.0216     0.0319     0.2746
13        0.0000     0.0001     0.0001     0.0002     0.0005     0.0010     0.0019     0.0028     0.0292
14        0.0000     0.0000     0.0000     0.0001     0.0003     0.0005     0.0013     0.0020     0.0330
15+       0.0000     0.0000     0.0000     0.0000     0.0001     0.0002     0.0005     0.0008     0.0402

2026

Age        1%         5%         10%        25%        50%        75%        90%        95%        99%    
1       68.6619    70.5448    78.9319   104.7484   168.5315   236.7678   279.6436   306.9123   351.3229
2       38.2481    42.0098    45.9564    60.9881    98.7312   139.9164   167.5466   181.9773   213.4980
3       15.7471    19.8809    22.4523    30.2825    50.1424    72.9579    91.0247   100.0432   120.9089
4        5.2362     8.0189     9.7429    14.0269    24.2126    37.0347    48.3130    54.0117    66.8584
5        2.0680     3.5417     4.5333     6.9011    12.1620    19.2264    26.0873    29.7661    37.5013
6        1.9473     3.6136     4.7083     6.8863    10.1495    14.3941    19.4745    22.9330    29.1053
7        0.6049     1.1531     1.5368     2.2570     3.1805     4.2612     5.4678     6.3129     8.0041
8        0.2866     0.5443     0.7178     1.0538     1.4862     1.9998     2.6136     3.0867     4.2261
9        0.0398     0.0822     0.1147     0.1734     0.2446     0.3380     0.4653     0.5722     0.9838
10        0.0120     0.0220     0.0293     0.0464     0.0689     0.0984     0.1444     0.1865     0.4029
11        0.0039     0.0074     0.0101     0.0157     0.0247     0.0372     0.0644     0.0828     0.2689
12        0.0005     0.0010     0.0015     0.0024     0.0040     0.0067     0.0115     0.0154     0.0813
13        0.0002     0.0006     0.0008     0.0015     0.0028     0.0052     0.0103     0.0151     0.1353
14        0.0000     0.0000     0.0000     0.0001     0.0002     0.0005     0.0009     0.0013     0.0144
15+       0.0000     0.0000     0.0000     0.0001     0.0002     0.0003     0.0008     0.0014     0.0366

2027

Age        1%         5%         10%        25%        50%        75%        90%        95%        99%    
1       68.6633    70.8355    79.0177   104.8671   168.5818   237.3892   280.5426   307.1554   338.0995
2       38.6882    42.4427    46.4012    61.6266    99.6711   141.0271   168.8359   183.5885   214.1175
3       15.1670    20.1985    23.0269    31.1414    51.4706    74.8788    93.5012   102.5693   124.4541
4        3.7107     6.9792     8.9094    13.1924    22.9554    35.5683    47.1575    53.1766    67.3991
5        0.9897     2.4555     3.4623     5.7512    10.5498    17.4243    24.2109    28.0184    36.4016
6        0.3639     1.0490     1.5633     2.7793     5.2002     8.8966    12.8199    15.1393    20.0080
7        0.3330     1.0486     1.5810     2.7313     4.4677     6.8058     9.6273    11.6023    15.4071
8        0.1116     0.3452     0.5219     0.9011     1.4234     2.0482     2.7375     3.2360     4.2500
9        0.0560     0.1671     0.2523     0.4306     0.6765     0.9780     1.3273     1.5908     2.2259
10        0.0087     0.0267     0.0409     0.0722     0.1135     0.1668     0.2384     0.2988     0.5089
11        0.0027     0.0076     0.0112     0.0197     0.0323     0.0489     0.0735     0.0972     0.2058
12        0.0009     0.0026     0.0039     0.0069     0.0116     0.0187     0.0323     0.0435     0.1401
13        0.0001     0.0004     0.0006     0.0011     0.0019     0.0033     0.0058     0.0080     0.0427
14        0.0001     0.0002     0.0003     0.0007     0.0013     0.0026     0.0052     0.0078     0.0710
15+       0.0000     0.0000     0.0000     0.0001     0.0002     0.0004     0.0009     0.0014     0.0273

2028

Age        1%         5%         10%        25%        50%        75%        90%        95%        99%    
1       68.6684    70.8262    79.0169   105.0189   168.5983   237.0869   279.8336   307.0389   333.7548
2       38.4273    42.3857    46.3396    61.4576    99.3931   141.2782   169.0681   183.7218   210.0341
3       13.8531    19.9257    22.8458    30.9656    51.5088    75.0446    93.8722   103.1864   124.4913
4        2.7791     6.5840     8.7640    13.2472    23.1728    36.0499    48.1463    54.2657    69.5317
5        0.5218     1.9073     2.9453     5.2434     9.8227    16.6468    23.4543    27.4029    36.6726
6        0.1249     0.6405     1.1053     2.2229     4.4366     7.9819    11.8095    14.1411    19.5279
7        0.0471     0.2756     0.4978     1.0781     2.1966     4.0790     6.2362     7.6353    10.6590
8        0.0442     0.2758     0.4999     1.0535     1.9552     3.2081     4.7661     5.8939     8.2019
9        0.0156     0.0933     0.1692     0.3524     0.6333     0.9855     1.3843     1.6678     2.2773
10        0.0081     0.0476     0.0844     0.1731     0.3068     0.4783     0.6766     0.8263     1.1816
11        0.0014     0.0079     0.0141     0.0294     0.0523     0.0824     0.1221     0.1552     0.2606
12        0.0005     0.0023     0.0040     0.0082     0.0150     0.0243     0.0376     0.0504     0.1058
13        0.0002     0.0008     0.0014     0.0029     0.0054     0.0093     0.0162     0.0227     0.0716
14        0.0000     0.0001     0.0002     0.0005     0.0009     0.0017     0.0029     0.0042     0.0218
15+       0.0000     0.0001     0.0001     0.0003     0.0007     0.0015     0.0030     0.0048     0.0505

2029

Age        1%         5%         10%        25%        50%        75%        90%        95%        99%    
1       68.6585    70.7667    79.0926   104.2775   168.5263   237.1784   280.9983   307.5542   326.3816
2       38.0985    42.1020    46.0571    61.1386    99.0051   140.4089   167.9178   182.7109   208.7229
3       13.9945    20.0537    22.9679    31.1416    51.7290    75.5732    94.5703   103.7164   123.7842
4        2.6470     6.7615     8.9949    13.6311    23.8584    37.0629    49.4196    55.6939    70.4282
5        0.4010     1.9153     3.0371     5.5191    10.3198    17.4065    24.6353    28.7350    38.4887
6        0.0678     0.5223     0.9804     2.1226     4.3244     7.9313    11.7968    14.2927    20.0056
7        0.0165     0.1794     0.3694     0.9007     1.9728     3.8147     5.9427     7.3641    10.6871
8        0.0064     0.0793     0.1704     0.4422     0.9958     1.9683     3.1567     4.0013     5.8325
9        0.0062     0.0800     0.1723     0.4344     0.9049     1.5938     2.4707     3.1093     4.4994
10        0.0024     0.0280     0.0605     0.1482     0.2973     0.4983     0.7291     0.8974     1.2696
11        0.0013     0.0147     0.0308     0.0740     0.1462     0.2446     0.3589     0.4459     0.6559
12        0.0002     0.0025     0.0053     0.0127     0.0252     0.0424     0.0651     0.0838     0.1412
13        0.0001     0.0008     0.0015     0.0036     0.0073     0.0126     0.0199     0.0272     0.0563
14        0.0000     0.0003     0.0006     0.0013     0.0027     0.0048     0.0085     0.0122     0.0372
15+       0.0000     0.0001     0.0002     0.0004     0.0008     0.0016     0.0031     0.0048     0.0378

2030

Age        1%         5%         10%        25%        50%        75%        90%        95%        99%    
1       68.6598    70.7322    78.9714   104.3804   168.4978   236.7998   279.5267   306.7893   331.8717
2       38.0453    42.1459    46.0668    60.8662    98.7882   140.6427   168.5536   183.3767   207.2255
3       13.5594    19.8729    22.8614    31.0999    51.5814    74.8687    94.0740   103.3304   122.2878
4        2.6843     6.7510     9.0870    13.7316    24.0236    37.3832    49.8525    56.2899    70.0558
5        0.3714     1.9424     3.1347     5.6807    10.6334    17.9474    25.3459    29.4794    39.3530
6        0.0535     0.5202     1.0061     2.2303     4.5532     8.3213    12.4402    15.0483    21.0481
7        0.0092     0.1438     0.3237     0.8558     1.9279     3.7856     5.9627     7.4464    10.9482
8        0.0023     0.0506     0.1250     0.3674     0.8914     1.8423     3.0223     3.8608     5.8672
9        0.0010     0.0231     0.0594     0.1831     0.4597     0.9648     1.6261     2.1186     3.2224
10        0.0010     0.0239     0.0608     0.1825     0.4256     0.8015     1.2941     1.6655     2.5059
11        0.0004     0.0085     0.0218     0.0632     0.1415     0.2541     0.3880     0.4859     0.7109
12        0.0002     0.0046     0.0113     0.0319     0.0703     0.1255     0.1916     0.2423     0.3648
13        0.0000     0.0008     0.0020     0.0056     0.0123     0.0220     0.0348     0.0455     0.0772
14        0.0000     0.0003     0.0006     0.0016     0.0036     0.0065     0.0106     0.0146     0.0299
15+       0.0000     0.0001     0.0003     0.0008     0.0017     0.0033     0.0061     0.0091     0.0389

2031

Age        1%         5%         10%        25%        50%        75%        90%        95%        99%    
1       68.6300    70.5946    79.0662   104.9687   168.5678   236.9728   280.0261   306.6370   336.3490
2       37.7235    42.0144    45.9528    60.9158    98.8394   140.0855   168.0604   182.6434   208.9226
3       13.2411    19.8857    22.8886    30.8790    51.4411    75.3127    94.4776   103.6317   122.3691
4        2.3582     6.6490     9.0013    13.7405    23.9865    37.0840    49.6003    55.8111    69.2948
5        0.3438     1.8936     3.1517     5.7430    10.7207    18.1165    25.6130    29.8783    39.0847
6        0.0451     0.5163     1.0328     2.2987     4.7003     8.5668    12.7807    15.4279    21.4617
7        0.0069     0.1401     0.3309     0.8988     2.0240     3.9801     6.3078     7.8707    11.4887
8        0.0012     0.0396     0.1091     0.3503     0.8763     1.8309     3.0407     3.9106     5.9979
9        0.0004     0.0145     0.0435     0.1524     0.4119     0.9026     1.5587     2.0450     3.2435
10        0.0002     0.0068     0.0213     0.0776     0.2147     0.4793     0.8446     1.1302     1.7889
11        0.0002     0.0071     0.0221     0.0781     0.2018     0.4071     0.6818     0.8976     1.3990
12        0.0001     0.0026     0.0080     0.0272     0.0678     0.1302     0.2072     0.2645     0.3997
13        0.0000     0.0014     0.0042     0.0140     0.0340     0.0645     0.1030     0.1324     0.2046
14        0.0000     0.0003     0.0008     0.0024     0.0060     0.0114     0.0186     0.0247     0.0423
15+       0.0000     0.0001     0.0003     0.0011     0.0026     0.0051     0.0089     0.0128     0.0349

2032

Age        1%         5%         10%        25%        50%        75%        90%        95%        99%    
1       68.6588    70.7740    78.9858   104.5647   168.5560   236.8372   278.9340   306.1585   333.4189
2       37.7528    42.0147    46.0152    61.2340    98.9584   140.1601   168.0256   182.8217   208.8684
3       13.0823    19.7150    22.8015    30.9058    51.4013    74.9402    94.2572   103.2490   123.0230
4        2.2202     6.6311     8.9924    13.6442    23.8554    37.3112    49.8892    55.9728    69.3396
5        0.2998     1.8727     3.1219     5.7406    10.6842    18.0114    25.4210    29.6492    38.8226
6        0.0403     0.5095     1.0297     2.3144     4.7364     8.6652    12.9446    15.5989    21.4025
7        0.0052     0.1381     0.3363     0.9267     2.1035     4.0998     6.4815     8.0461    11.7891
8        0.0010     0.0383     0.1119     0.3661     0.9224     1.9263     3.2225     4.1420     6.3285
9        0.0002     0.0112     0.0376     0.1451     0.4053     0.8972     1.5690     2.0693     3.3130
10        0.0001     0.0043     0.0154     0.0645     0.1926     0.4475     0.8129     1.0922     1.7992
11        0.0000     0.0021     0.0078     0.0334     0.1017     0.2404     0.4437     0.6050     0.9960
12        0.0000     0.0022     0.0081     0.0337     0.0964     0.2078     0.3618     0.4848     0.7838
13        0.0000     0.0009     0.0030     0.0119     0.0327     0.0671     0.1113     0.1447     0.2255
14        0.0000     0.0005     0.0016     0.0061     0.0166     0.0334     0.0554     0.0723     0.1157
15+       0.0000     0.0001     0.0004     0.0016     0.0043     0.0087     0.0149     0.0202     0.0405

2033

Age        1%         5%         10%        25%        50%        75%        90%        95%        99%    
1       68.6589    70.7669    79.2359   105.2966   168.5504   236.6272   279.9392   306.7008   335.1346
2       37.9309    42.0458    45.9304    60.9297    98.7714   140.2247   167.5877   182.0642   208.6646
3       13.0721    19.7470    22.8430    31.0428    51.6008    74.8766    94.1549   103.4061   123.5597
4        2.2250     6.5550     8.9504    13.6938    23.8597    37.1391    49.7046    55.9149    69.8344
5        0.2791     1.8402     3.1061     5.7087    10.6474    18.1402    25.6649    29.7393    38.5940
6        0.0347     0.4937     1.0259     2.3207     4.7348     8.6155    12.8337    15.5054    21.3402
7        0.0048     0.1350     0.3383     0.9305     2.1197     4.1677     6.5732     8.1700    11.7560
8        0.0009     0.0377     0.1127     0.3759     0.9546     1.9902     3.3055     4.2375     6.4271
9        0.0002     0.0110     0.0384     0.1509     0.4258     0.9447     1.6578     2.1933     3.5089
10        0.0000     0.0033     0.0133     0.0613     0.1894     0.4470     0.8181     1.1022     1.8447
11        0.0000     0.0013     0.0056     0.0276     0.0912     0.2245     0.4277     0.5874     1.0048
12        0.0000     0.0007     0.0029     0.0145     0.0485     0.1217     0.2341     0.3255     0.5560
13        0.0000     0.0008     0.0030     0.0146     0.0466     0.1067     0.1929     0.2635     0.4397
14        0.0000     0.0003     0.0011     0.0052     0.0159     0.0346     0.0597     0.0793     0.1263
15+       0.0000     0.0002     0.0008     0.0034     0.0102     0.0219     0.0379     0.0506     0.0860

2034

Age        1%         5%         10%        25%        50%        75%        90%        95%        99%    
1       68.6250    70.4956    78.9570   105.0198   168.5338   236.5362   280.3674   307.1860   340.9164
2       37.7019    42.0006    46.1418    61.3520    98.9119   140.1040   167.9251   182.6050   209.2537
3       12.9158    19.7663    22.8140    30.9282    51.5178    74.8723    93.9302   103.2542   122.9913
4        2.2115     6.5417     8.9684    13.7065    23.9765    37.1271    49.6234    55.9729    70.0228
5        0.2787     1.8246     3.0742     5.7203    10.6577    18.0431    25.5533    29.7200    38.9832
6        0.0336     0.4877     1.0129     2.3057     4.7365     8.6900    12.9791    15.5558    21.2678
7        0.0041     0.1306     0.3333     0.9343     2.1231     4.1444     6.5019     8.1141    11.7371
8        0.0009     0.0367     0.1122     0.3794     0.9634     2.0234     3.3659     4.2931     6.4936
9        0.0001     0.0109     0.0388     0.1554     0.4410     0.9788     1.7076     2.2434     3.5746
10        0.0000     0.0033     0.0135     0.0633     0.1991     0.4706     0.8633     1.1721     1.9309
11        0.0000     0.0011     0.0048     0.0261     0.0896     0.2243     0.4293     0.5931     1.0293
12        0.0000     0.0005     0.0021     0.0119     0.0435     0.1134     0.2256     0.3166     0.5612
13        0.0000     0.0002     0.0011     0.0063     0.0233     0.0618     0.1238     0.1762     0.3106
14        0.0000     0.0002     0.0011     0.0064     0.0226     0.0546     0.1031     0.1440     0.2473
15+       0.0000     0.0002     0.0007     0.0038     0.0128     0.0295     0.0527     0.0712     0.1165

Probability Spawning Stock Biomass Exceeds Threshold      3.660 (1000 MT)

Year    Probability

2021    0.058510
2022    0.668930
2023    0.942000
2024    0.916980
2025    0.792910
2026    0.668500
2027    0.619700
2028    0.606740
2029    0.609520
2030    0.612360
2031    0.612560
2032    0.613010
2033    0.615360
2034    0.614580

Probability Threshold Exceeded at Least Once =     0.9865

Probability Total Fishing Mortality Exceeds Threshold     0.8413 

Year    Probability

2021    0.007470
2022    0.000000
2023    0.000070
2024    0.007040
2025    0.213620
2026    0.141720
2027    0.182530
2028    0.150260
2029    0.150980
2030    0.151270
2031    0.150980
2032    0.152300
2033    0.152300
2034    0.151310

Probability Threshold Exceeded at Least Once =     0.4205


Requested Percentile Report

Percentile =    40.00 %

                                 2021       2022       2023       2024       2025       2026       2027       2028       2029       2030       2031       2032       2033       2034 

Recruits                     145.9751   146.1738   145.5683   146.4943   144.7260   145.5754   146.3253   145.1004   144.1926   145.8508   145.1010   146.4873   144.9565   144.8774 
Spawning Stock Biomass         2.5122     3.7914     5.1777     5.3005     4.6209     3.9883     3.7530     3.6948     3.7067     3.7212     3.7262     3.7264     3.7385     3.7339 
Jan-1 Stock Biomass            8.8086     9.9516    10.7971    11.1683    10.8993     9.7481     9.4909     9.3057     9.3161     9.3168     9.3340     9.3445     9.3399     9.3513 
Mean Biomass                   8.5298     9.4640    10.0478    10.0711     9.2734     8.6141     8.3914     8.3129     8.3288     8.3420     8.3492     8.3531     8.3579     8.3595 
Combined Catch Biomass         1.5398     1.4739     1.6854     2.1567     3.2250     2.4000     2.4000     2.2000     2.2000     2.2000     2.2000     2.2000     2.2000     2.2000 
Landings                       1.5398     1.4739     1.6854     2.1567     3.2250     2.4000     2.4000     2.2000     2.2000     2.2000     2.2000     2.2000     2.2000     2.2000 
FMort                          0.5037     0.3489     0.3494     0.3773     0.5895     0.4844     0.5034     0.4630     0.4612     0.4594     0.4579     0.4566     0.4565     0.4555 

Stock Numbers at Age
Age 1                        244.9740   145.9751   146.1738   145.5683   146.4943   144.7260   145.5754   146.3253   145.1004   144.1926   145.8508   145.1010   146.4873   144.9565 
Age 2                         93.8626   145.4854    87.9103    88.4860    86.1288    85.4136    85.5389    85.4378    85.4455    84.5838    84.3069    84.8487    84.6392    85.2259 
Age 3                         51.2273    51.0395    83.4628    50.6836    48.3216    41.9703    43.0156    42.5411    42.9087    42.7831    42.5121    42.4648    42.7526    42.4655 
Age 4                          9.1703    24.9782    27.6188    45.4661    25.4983    19.7133    18.5742    18.6773    19.1798    19.3671    19.2575    19.1825    19.2113    19.3153 
Age 5                          2.4696     4.2309    13.0638    14.6191    22.6909     9.7818     8.3659     7.7217     8.1183     8.3724     8.4421     8.4269     8.3963     8.3983 
Age 6                          0.8492     1.1153     2.1412     6.7329     7.2099     8.7959     4.1001     3.4354     3.3221     3.5000     3.6225     3.6454     3.6484     3.6329 
Age 7                          0.1227     0.3797     0.5682     1.0769     3.3200     2.8152     3.7464     1.6942     1.4894     1.4451     1.5228     1.5772     1.5819     1.5897 
Age 8                          0.0902     0.0563     0.1930     0.2898     0.5323     1.3162     1.2151     1.5764     0.7449     0.6538     0.6362     0.6685     0.6942     0.6960 
Age 9                          0.0063     0.0410     0.0287     0.0984     0.1453     0.2162     0.5792     0.5182     0.7049     0.3334     0.2919     0.2843     0.2982     0.3108 
Age 10                          0.0032     0.0030     0.0206     0.0147     0.0501     0.0600     0.0971     0.2520     0.2352     0.3193     0.1513     0.1320     0.1292     0.1354 
Age 11                          0.0009     0.0015     0.0015     0.0103     0.0076     0.0210     0.0272     0.0429     0.1162     0.1077     0.1468     0.0696     0.0606     0.0592 
Age 12                          0.0001     0.0004     0.0008     0.0008     0.0052     0.0033     0.0096     0.0122     0.0201     0.0541     0.0499     0.0681     0.0322     0.0279 
Age 13                          0.0000     0.0000     0.0002     0.0004     0.0004     0.0023     0.0015     0.0044     0.0057     0.0094     0.0253     0.0233     0.0316     0.0150 
Age 14                          0.0000     0.0000     0.0000     0.0001     0.0002     0.0002     0.0011     0.0007     0.0021     0.0027     0.0044     0.0119     0.0109     0.0148 
Age 15                          0.0000     0.0000     0.0000     0.0000     0.0001     0.0001     0.0001     0.0005     0.0006     0.0013     0.0019     0.0031     0.0071     0.0086 
