AGEPRO VERSION 4.2

2025_MLS_scenario2-auxiliary

Date & Time of Run: 29 Apr 2025  15:52

Input File Name:    2025_MLS_scenario2-auxiliary.inp

First Age Class:                         1
Number of Age Classes:                  15
Number of Years in Projection:          14
Number of Fleets:                        9
Number of Recruitment Models:            3
Number of Bootstraps:                  100
Number of Simulations:                 100

Bootstrap File Name:            C:\Users\jon.brodziak\Desktop\2024 WCNPO MLS Rebuilding\Bootstrap-numbers-at-age\2023_WCNPOMLS.bsn

Number of Feasible Solutions:       9987  of      10000 Realizations

Input Harvest Scenario

Year  Type        Fleet-1    Fleet-2    Fleet-3    Fleet-4    Fleet-5    Fleet-6    Fleet-7    Fleet-8    Fleet-9    

2021  Landings        118        100        551         72         89         37         58        265        249 
2022  Landings         75         99        464         36         80         54         84        298        284 
2023  Landings        129         80        526         28        110         54         84        214        461 
2024  Landings         83        176        578         27        110         54         84        584        461 
2025  Landings        351        139       1296         65        213         95        197        393        476 
2026  Landings        316        125        904         58        191         85        166        228        326 
2027  Landings        316        125        904         58        191         85        166        228        326 
2028  Landings        189        125        708         68        162         90        173        381        304 
2029  Landings        189        125        708         68        162         90        173        381        304 
2030  Landings        189        125        708         68        162         90        173        381        304 
2031  Landings        189        125        708         68        162         90        173        381        304 
2032  Landings        189        125        708         68        162         90        173        381        304 
2033  Landings        189        125        708         68        162         90        173        381        304 
2034  Landings        189        125        708         68        162         90        173        381        304 

Recruitment Selection Distribution

Year  Selection-1 Selection-2 Selection-3 

2021      0.1224     0.8381     0.0395 
2022      0.1185     0.8444     0.0371 
2023      0.1231     0.8388     0.0381 
2024      0.1193     0.8421     0.0386 
2025      0.1194     0.8396     0.0410 
2026      0.1208     0.8377     0.0415 
2027      0.1230     0.8361     0.0409 
2028      0.1207     0.8418     0.0375 
2029      0.1181     0.8412     0.0407 
2030      0.1172     0.8414     0.0414 
2031      0.1219     0.8393     0.0388 
2032      0.1235     0.8330     0.0435 
2033      0.1183     0.8457     0.0360 
2034      0.1159     0.8439     0.0402 

Recruits        1000  Fish

Year Class   Average        StdDev
2021        172.5839       80.5506
2022        173.2156       80.7429
2023        172.3033       82.5028
2024        173.1864       82.4714
2025        173.3852       82.4812
2026        174.4398       84.1836
2027        172.3394       81.0334
2028        174.7451       84.3688
2029        173.3111       80.7476
2030        174.7226       83.3970
2031        174.3785       84.3464
2032        175.1822       86.5612
2033        172.7579       81.4452
2034        173.9662       83.7187

Recruits Distribution

Year Class 1%         5%         10%        25%        50%        75%        90%        95%        99%    
2021    68.6893    70.6328    78.7361   103.7296   168.3992   234.4981   280.5869   306.7692   325.6814
2022    68.6731    70.3914    78.6852   104.6916   168.4151   235.6122   279.5633   305.3712   325.7273
2023    68.6418    69.8739    78.1821   102.7895   168.2715   235.0624   278.0607   305.6089   332.9733
2024    68.6734    70.8520    78.8842   103.8205   168.3297   235.4312   279.8084   307.5190   334.1963
2025    68.6480    70.6757    79.3727   105.0300   168.2949   235.4209   278.3239   306.0781   340.6320
2026    68.6476    70.3103    78.6256   105.1620   168.5977   236.1774   280.9419   307.9369   370.0864
2027    68.6007    70.7129    78.7880   103.7182   168.2821   234.7101   278.0860   306.5998   331.2734
2028    68.7153    71.2889    79.2195   105.3615   168.7414   237.5229   282.4598   308.5686   335.4962
2029    68.7202    70.7862    78.9937   105.2253   168.3990   236.2549   278.5484   308.3014   335.4133
2030    68.6062    71.2905    79.3351   105.2840   168.7955   237.4483   280.3665   306.9263   341.7418
2031    68.6057    71.1376    79.2099   104.4602   168.4887   237.8805   280.5693   307.1306   364.6088
2032    68.6777    71.4026    79.5930   106.0409   168.6035   236.5915   281.8582   307.7581   340.7112
2033    68.6529    70.7983    78.8835   105.0302   168.5353   234.6027   277.2401   303.7394   325.1352
2034    68.6476    70.1918    78.6439   105.0059   168.5901   236.4566   278.5511   307.5021   327.6026

Spawning Stock Biomass  x       1000 MT

Year       Average        StdDev
2021        2.7372        0.6298
2022        4.0570        0.8659
2023        5.6542        1.4338
2024        5.8629        1.7359
2025        5.1982        1.8921
2026        4.5826        1.9482
2027        4.3684        1.9975
2028        4.3296        2.0341
2029        4.3690        2.0725
2030        4.3795        2.0620
2031        4.4016        2.0775
2032        4.4151        2.1078
2033        4.4328        2.1317
2034        4.4508        2.1587

Spawning Stock Biomass Distribution

Year        1%         5%         10%        25%        50%        75%        90%        95%        99%   
2021     1.5945     1.9744     2.1147     2.3336     2.6402     3.0187     3.4292     3.7460     5.4037 
2022     2.2858     2.8030     3.0443     3.4695     3.9769     4.5232     5.2116     5.6110     6.5997 
2023     3.0197     3.5708     3.9337     4.6192     5.5134     6.4979     7.6295     8.2798     9.5804 
2024     2.6421     3.3391     3.7754     4.6181     5.6979     6.9348     8.1385     8.8713    10.3995 
2025     1.5770     2.4662     2.9327     3.8601     5.0411     6.3477     7.6389     8.4856    10.2837 
2026     0.9493     1.7277     2.2570     3.2132     4.4137     5.7396     7.0653     7.9362     9.9887 
2027     0.7108     1.4832     1.9820     2.9424     4.1709     5.5767     6.9260     7.7497    10.0227 
2028     0.6113     1.3660     1.8836     2.8767     4.1276     5.5449     6.9459     7.8225     9.9486 
2029     0.6050     1.3616     1.9014     2.8911     4.1857     5.5817     7.0263     7.9754    10.3665 
2030     0.5789     1.3557     1.8926     2.9065     4.2153     5.5932     6.9894     7.9696    10.2707 
2031     0.5876     1.3621     1.8827     2.9613     4.2462     5.6251     7.0786     7.9707    10.1363 
2032     0.5406     1.3628     1.8870     2.9561     4.2346     5.6514     7.1019     8.0622    10.1668 
2033     0.5727     1.3430     1.9258     2.9331     4.2399     5.6835     7.1534     8.1523    10.1755 
2034     0.5349     1.3661     1.8971     2.9331     4.2346     5.7186     7.1939     8.0598    10.5289 

JAN-1 Stock Biomass  x       1000 MT

Year       Average        StdDev
2021        9.2933        1.5909
2022       10.6064        2.0424
2023       11.5149        2.3678
2024       11.9242        2.6149
2025       11.7000        2.7902
2026       10.5703        2.8886
2027       10.3424        2.9739
2028       10.1669        2.9961
2029       10.2007        3.0084
2030       10.2140        3.0179
2031       10.2494        3.0712
2032       10.2806        3.1204
2033       10.3074        3.1643
2034       10.3030        3.1943

JAN-1 Stock Biomass Distribution

Year       1%         5%         10%        25%        50%        75%        90%        95%        99%    
2021     6.3479     6.9544     7.3770     8.1839     9.1491    10.1437    11.5669    12.3127    13.6461 
2022     6.7212     7.5874     8.1208     9.1631    10.4082    11.8470    13.2796    14.2516    16.0915 
2023     6.8461     7.9307     8.6266     9.8327    11.3510    12.9516    14.6111    15.6617    17.6059 
2024     6.6104     7.9673     8.7299    10.0925    11.7491    13.5113    15.2612    16.4247    18.8139 
2025     6.1169     7.4919     8.3100     9.7705    11.5193    13.4064    15.2441    16.4239    19.2270 
2026     4.8072     6.2041     7.0683     8.5527    10.4016    12.3364    14.2246    15.4547    18.3537 
2027     4.3701     5.8604     6.7061     8.3159    10.1424    12.1361    14.1283    15.3659    18.6336 
2028     4.1612     5.6257     6.5541     8.1025     9.9940    11.9811    13.9238    15.1908    18.6609 
2029     4.1734     5.5686     6.5180     8.1460    10.0240    12.0325    13.9456    15.2820    18.3212 
2030     4.1144     5.6149     6.5437     8.1378    10.0572    12.0366    14.0237    15.3102    18.2667 
2031     4.0722     5.6110     6.5493     8.1673    10.0734    12.1013    14.1527    15.4218    18.3626 
2032     4.0820     5.6111     6.5549     8.1398    10.0875    12.1688    14.1871    15.4471    18.6813 
2033     3.9951     5.6156     6.5359     8.1564    10.0958    12.1932    14.2523    15.5532    19.0107 
2034     3.9035     5.6215     6.5582     8.1536    10.0554    12.2030    14.2374    15.5848    19.0277 

Mean Biomass  x       1000 MT

Year       Average        StdDev
2021        9.0576        1.7008
2022       10.1561        2.1483
2023       10.7954        2.4516
2024       10.8481        2.6726
2025       10.0813        2.8267
2026        9.4323        2.8871
2027        9.2431        2.9598
2028        9.1740        2.9600
2029        9.2106        2.9766
2030        9.2290        2.9927
2031        9.2550        3.0350
2032        9.2786        3.0806
2033        9.3145        3.1433
2034        9.3048        3.1453

Mean Biomass Distribution

Year       1%         5%         10%        25%        50%        75%        90%        95%        99%    
2021     5.9501     6.5700     6.9954     7.8430     8.9407     9.9592    11.5014    12.2703    13.7394 
2022     6.0801     6.9672     7.5423     8.6361     9.9567    11.4889    12.9604    13.9649    15.9222 
2023     5.9978     7.1839     7.7943     9.0628    10.6051    12.3189    13.9498    15.0904    17.3048 
2024     5.5071     6.8632     7.6226     8.9807    10.6491    12.4922    14.2776    15.4054    18.0381 
2025     4.4507     5.8496     6.6615     8.1217     9.8697    11.7963    13.6161    14.8956    17.8130 
2026     3.6922     5.0905     5.9248     7.4363     9.2379    11.1903    13.0978    14.2404    17.4987 
2027     3.2851     4.7445     5.6315     7.2321     9.0401    11.0358    13.0111    14.2359    17.4884 
2028     3.2528     4.7238     5.5785     7.1252     8.9881    10.9649    12.8924    14.1522    17.3918 
2029     3.2608     4.6733     5.5791     7.1678     9.0540    11.0270    12.8884    14.1620    17.4006 
2030     3.2273     4.6860     5.5518     7.1865     9.0506    11.0277    12.9754    14.3139    17.2978 
2031     3.1426     4.7014     5.6127     7.1808     9.0744    11.0632    13.1008    14.4036    17.1530 
2032     3.1804     4.6611     5.5949     7.1683     9.0974    11.1405    13.1175    14.4435    17.5846 
2033     3.0173     4.6651     5.5699     7.2006     9.1068    11.1715    13.1469    14.5196    17.4393 
2034     2.9716     4.6985     5.5863     7.2001     9.0688    11.1750    13.2242    14.5276    17.9187 

Combined Catch Biomass  x       1000 MT

Year       Average        StdDev
2021        1.5398        0.0000
2022        1.4739        0.0000
2023        1.6854        0.0000
2024        2.1567        0.0000
2025        3.2250        0.0000
2026        2.3998        0.0240
2027        2.3990        0.0480
2028        2.1991        0.0440
2029        2.1989        0.0492
2030        2.1985        0.0582
2031        2.1982        0.0622
2032        2.1980        0.0660
2033        2.1974        0.0762
2034        2.1971        0.0793

Combined Catch Distribution

Year       1%         5%         10%        25%        50%        75%        90%        95%        99%    
2021     1.5398     1.5398     1.5398     1.5398     1.5398     1.5398     1.5398     1.5398     1.5398 
2022     1.4739     1.4739     1.4739     1.4739     1.4739     1.4739     1.4739     1.4739     1.4739 
2023     1.6854     1.6854     1.6854     1.6854     1.6854     1.6854     1.6854     1.6854     1.6854 
2024     2.1567     2.1567     2.1567     2.1567     2.1567     2.1567     2.1567     2.1567     2.1567 
2025     3.2250     3.2250     3.2250     3.2250     3.2250     3.2250     3.2250     3.2250     3.2250 
2026     2.4000     2.4000     2.4000     2.4000     2.4000     2.4000     2.4000     2.4000     2.4000 
2027     2.4000     2.4000     2.4000     2.4000     2.4000     2.4000     2.4000     2.4000     2.4000 
2028     2.2000     2.2000     2.2000     2.2000     2.2000     2.2000     2.2000     2.2000     2.2000 
2029     2.2000     2.2000     2.2000     2.2000     2.2000     2.2000     2.2000     2.2000     2.2000 
2030     2.2000     2.2000     2.2000     2.2000     2.2000     2.2000     2.2000     2.2000     2.2000 
2031     2.2000     2.2000     2.2000     2.2000     2.2000     2.2000     2.2000     2.2000     2.2000 
2032     2.2000     2.2000     2.2000     2.2000     2.2000     2.2000     2.2000     2.2000     2.2000 
2033     2.2000     2.2000     2.2000     2.2000     2.2000     2.2000     2.2000     2.2000     2.2000 
2034     2.2000     2.2000     2.2000     2.2000     2.2000     2.2000     2.2000     2.2000     2.2000 

Landings  x       1000 MT

Year       Average        StdDev
2021        1.5398        0.0000
2022        1.4739        0.0000
2023        1.6854        0.0000
2024        2.1567        0.0000
2025        3.2250        0.0000
2026        2.3998        0.0240
2027        2.3990        0.0480
2028        2.1991        0.0440
2029        2.1989        0.0492
2030        2.1985        0.0582
2031        2.1982        0.0622
2032        2.1980        0.0660
2033        2.1974        0.0762
2034        2.1971        0.0793

Landings Distribution

Year       1%         5%         10%        25%        50%        75%        90%        95%        99%    
2021     1.5398     1.5398     1.5398     1.5398     1.5398     1.5398     1.5398     1.5398     1.5398 
2022     1.4739     1.4739     1.4739     1.4739     1.4739     1.4739     1.4739     1.4739     1.4739 
2023     1.6854     1.6854     1.6854     1.6854     1.6854     1.6854     1.6854     1.6854     1.6854 
2024     2.1567     2.1567     2.1567     2.1567     2.1567     2.1567     2.1567     2.1567     2.1567 
2025     3.2250     3.2250     3.2250     3.2250     3.2250     3.2250     3.2250     3.2250     3.2250 
2026     2.4000     2.4000     2.4000     2.4000     2.4000     2.4000     2.4000     2.4000     2.4000 
2027     2.4000     2.4000     2.4000     2.4000     2.4000     2.4000     2.4000     2.4000     2.4000 
2028     2.2000     2.2000     2.2000     2.2000     2.2000     2.2000     2.2000     2.2000     2.2000 
2029     2.2000     2.2000     2.2000     2.2000     2.2000     2.2000     2.2000     2.2000     2.2000 
2030     2.2000     2.2000     2.2000     2.2000     2.2000     2.2000     2.2000     2.2000     2.2000 
2031     2.2000     2.2000     2.2000     2.2000     2.2000     2.2000     2.2000     2.2000     2.2000 
2032     2.2000     2.2000     2.2000     2.2000     2.2000     2.2000     2.2000     2.2000     2.2000 
2033     2.2000     2.2000     2.2000     2.2000     2.2000     2.2000     2.2000     2.2000     2.2000 
2034     2.2000     2.2000     2.2000     2.2000     2.2000     2.2000     2.2000     2.2000     2.2000 

Total Fishing Mortality

Year       Average        StdDev
2021        0.5268        0.0953
2022        0.3727        0.0754
2023        0.3820        0.0908
2024        0.4253        0.1202
2025        0.7043        0.2843
2026        0.6192        0.3631
2027        0.6685        0.4444
2028        0.6260        0.4479
2029        0.6266        0.4587
2030        0.6246        0.4625
2031        0.6231        0.4629
2032        0.6216        0.4527
2033        0.6209        0.4643
2034        0.6251        0.5077

Total Fishing Mortality Distribution

Year       1%         5%         10%        25%        50%        75%        90%        95%        99%    
2021     0.2842     0.3873     0.4169     0.4625     0.5241     0.5832     0.6370     0.6728     0.8267 
2022     0.2253     0.2600     0.2789     0.3250     0.3630     0.4156     0.4728     0.5128     0.5881 
2023     0.2242     0.2543     0.2751     0.3182     0.3699     0.4318     0.5035     0.5511     0.6467 
2024     0.2355     0.2700     0.2952     0.3413     0.4040     0.4875     0.5798     0.6500     0.8134 
2025     0.3389     0.4038     0.4440     0.5240     0.6429     0.8073     1.0259     1.1976     1.7056 
2026     0.2569     0.3190     0.3544     0.4241     0.5352     0.7059     0.9481     1.1820     1.8685 
2027     0.2551     0.3237     0.3619     0.4352     0.5604     0.7560     1.0515     1.3271     2.2910 
2028     0.2323     0.2956     0.3281     0.4007     0.5167     0.6986     1.0018     1.2770     2.3447 
2029     0.2289     0.2913     0.3274     0.3990     0.5121     0.6995     0.9923     1.2968     2.2945 
2030     0.2314     0.2919     0.3274     0.3967     0.5081     0.6956     0.9967     1.3008     2.3638 
2031     0.2356     0.2910     0.3232     0.3947     0.5070     0.6928     1.0008     1.2974     2.3803 
2032     0.2306     0.2879     0.3209     0.3924     0.5074     0.6915     0.9943     1.3025     2.4929 
2033     0.2278     0.2862     0.3203     0.3907     0.5055     0.6946     0.9946     1.2982     2.4853 
2034     0.2248     0.2860     0.3180     0.3899     0.5046     0.6971     0.9920     1.2946     2.4815 

JAN-1 Stock Numbers at Age  -       1000  Fish

2021

Age        1%         5%         10%        25%        50%        75%        90%        95%        99%    
1      140.2370   175.0900   184.8320   216.7130   261.1480   317.3690   385.6290   409.5080   464.9250
2       58.9389    77.9477    80.8620    85.4451   100.4175   112.5240   125.3470   138.4980   148.4390
3       34.1986    41.3466    43.5177    47.9381    54.8765    60.4455    67.3245    74.4817    84.8335
4        4.4701     6.3288     7.3712     8.3369     9.5330    10.8358    12.5169    14.0136    20.6054
5        1.2938     1.6031     1.7337     2.2441     2.6907     3.2695     4.2092     4.8898     7.4995
6        0.2917     0.4842     0.6024     0.6936     0.9665     1.2287     1.8234     2.1765     5.0518
7        0.0278     0.0584     0.0739     0.1025     0.1591     0.2261     0.3164     0.3996     1.3049
8        0.0082     0.0292     0.0370     0.0584     0.1092     0.1670     0.2575     0.4456     2.1858
9        0.0003     0.0014     0.0021     0.0035     0.0085     0.0144     0.0223     0.0334     0.2402
10        0.0001     0.0005     0.0007     0.0015     0.0043     0.0069     0.0143     0.0242     0.2609
11        0.0000     0.0001     0.0002     0.0004     0.0014     0.0028     0.0051     0.0082     0.1988
12        0.0000     0.0000     0.0000     0.0000     0.0001     0.0003     0.0005     0.0008     0.0280
13        0.0000     0.0000     0.0000     0.0000     0.0000     0.0002     0.0003     0.0005     0.0316
14        0.0000     0.0000     0.0000     0.0000     0.0000     0.0000     0.0001     0.0001     0.0183
15+       0.0000     0.0000     0.0000     0.0000     0.0000     0.0000     0.0000     0.0000     0.0127

2022

Age        1%         5%         10%        25%        50%        75%        90%        95%        99%    
1       68.6893    70.6328    78.7361   103.7296   168.3992   234.4981   280.5869   306.7692   325.6814
2       87.9931   103.5442   110.7008   128.0951   156.3630   192.2481   232.7937   253.6604   288.3333
3       30.0523    40.7730    43.1018    46.7709    54.2533    62.6760    71.6551    78.5493    88.6624
4       15.1494    18.6040    20.6434    23.1576    26.4717    30.7285    35.6863    40.1763    50.3794
5        1.9723     2.7540     3.2553     3.7738     4.4804     5.2583     6.4373     7.0864    11.8578
6        0.5377     0.6574     0.7418     1.0003     1.2039     1.5395     2.0797     2.4569     4.4572
7        0.1293     0.2162     0.2500     0.3100     0.4194     0.5834     0.8891     1.0833     3.0119
8        0.0134     0.0254     0.0324     0.0453     0.0692     0.1066     0.1604     0.2071     0.7796
9        0.0039     0.0127     0.0166     0.0269     0.0489     0.0805     0.1304     0.2192     1.3486
10        0.0001     0.0006     0.0009     0.0017     0.0038     0.0069     0.0111     0.0177     0.1454
11        0.0000     0.0002     0.0003     0.0007     0.0020     0.0033     0.0076     0.0123     0.1553
12        0.0000     0.0000     0.0001     0.0002     0.0007     0.0013     0.0026     0.0042     0.1197
13        0.0000     0.0000     0.0000     0.0000     0.0001     0.0001     0.0003     0.0004     0.0173
14        0.0000     0.0000     0.0000     0.0000     0.0000     0.0001     0.0002     0.0003     0.0195
15+       0.0000     0.0000     0.0000     0.0000     0.0000     0.0000     0.0000     0.0001     0.0195

2023

Age        1%         5%         10%        25%        50%        75%        90%        95%        99%    
1       68.6731    70.3914    78.6852   104.6916   168.4151   235.6122   279.5633   305.3712   325.7273
2       39.8719    43.3288    47.3016    62.2985   101.1451   141.0449   170.8404   185.3830   208.2781
3       48.2627    57.7406    62.3464    72.6059    90.2428   112.3675   138.4414   152.1902   174.3291
4       14.5809    20.5671    22.3350    24.9742    29.4670    34.9924    40.6239    44.5377    51.3968
5        7.0244     9.0198    10.3104    11.9006    13.9418    16.6728    19.6193    22.5420    29.0577
6        0.8810     1.3387     1.6066     1.9075     2.2873     2.7752     3.5037     3.9022     6.7952
7        0.2512     0.3043     0.3658     0.4945     0.6188     0.8050     1.1198     1.3173     2.6793
8        0.0600     0.1071     0.1201     0.1577     0.2177     0.3037     0.4829     0.5768     1.7398
9        0.0067     0.0127     0.0163     0.0233     0.0357     0.0557     0.0865     0.1113     0.4658
10        0.0020     0.0062     0.0084     0.0142     0.0250     0.0425     0.0716     0.1159     0.8099
11        0.0001     0.0003     0.0004     0.0009     0.0019     0.0037     0.0061     0.0099     0.0886
12        0.0000     0.0001     0.0002     0.0004     0.0010     0.0018     0.0042     0.0067     0.0954
13        0.0000     0.0000     0.0000     0.0001     0.0003     0.0007     0.0014     0.0023     0.0736
14        0.0000     0.0000     0.0000     0.0000     0.0000     0.0001     0.0002     0.0002     0.0103
15+       0.0000     0.0000     0.0000     0.0000     0.0000     0.0001     0.0001     0.0002     0.0239

2024

Age        1%         5%         10%        25%        50%        75%        90%        95%        99%    
1       68.6418    69.8739    78.1821   102.7895   168.2715   235.0624   278.0607   305.6089   332.9733
2       40.1942    43.5537    47.5701    63.2606   101.6111   143.3562   171.1281   186.0335   211.4016
3       22.0551    24.6803    27.0483    35.7449    58.5033    82.9142   101.7702   111.1003   129.5334
4       23.7432    29.2634    32.3231    38.7876    50.0209    63.4315    79.5944    88.6843   103.3290
5        6.8591     9.6970    11.0480    12.9217    15.7529    19.0629    22.6949    25.0741    29.5807
6        3.1126     4.2767     4.9080     5.9765     7.2452     8.8421    10.7095    12.4804    16.6427
7        0.3808     0.6340     0.7741     0.9458     1.1623     1.4532     1.8893     2.1589     3.8069
8        0.1128     0.1413     0.1773     0.2429     0.3188     0.4167     0.5976     0.7196     1.5352
9        0.0275     0.0508     0.0575     0.0779     0.1129     0.1564     0.2597     0.3106     0.9997
10        0.0031     0.0062     0.0080     0.0117     0.0182     0.0288     0.0458     0.0595     0.2791
11        0.0011     0.0030     0.0042     0.0073     0.0127     0.0220     0.0391     0.0603     0.4737
12        0.0000     0.0001     0.0002     0.0004     0.0010     0.0019     0.0034     0.0053     0.0507
13        0.0000     0.0001     0.0001     0.0002     0.0005     0.0010     0.0023     0.0037     0.0567
14        0.0000     0.0000     0.0000     0.0001     0.0002     0.0004     0.0008     0.0013     0.0444
15+       0.0000     0.0000     0.0000     0.0000     0.0000     0.0001     0.0001     0.0002     0.0208

2025

Age        1%         5%         10%        25%        50%        75%        90%        95%        99%    
1       68.6734    70.8520    78.8842   103.8205   168.3297   235.4312   279.8084   307.5190   334.1963
2       38.8758    42.4534    46.1006    60.6644    99.1516   140.0984   167.9151   183.2596   210.3928
3       20.4731    23.3420    25.8172    34.4202    56.1256    80.5618    98.3248   107.6457   125.5975
4        9.5657    11.6708    13.2989    17.9690    30.1214    44.0734    56.1701    61.9952    75.6671
5        9.5078    12.9267    14.8720    18.8494    25.2382    33.3870    42.9473    49.1248    58.6036
6        2.7985     4.0619     4.9140     6.2044     7.8679     9.7922    12.0284    13.5892    16.5035
7        1.3039     1.8573     2.2061     2.8423     3.6183     4.5452     5.6610     6.6398     8.9908
8        0.1561     0.2741     0.3502     0.4568     0.5835     0.7543     1.0025     1.1726     2.0827
9        0.0471     0.0646     0.0811     0.1189     0.1619     0.2175     0.3115     0.3866     0.8338
10        0.0129     0.0228     0.0273     0.0385     0.0573     0.0820     0.1381     0.1697     0.5558
11        0.0014     0.0029     0.0038     0.0059     0.0092     0.0149     0.0246     0.0323     0.1650
12        0.0005     0.0015     0.0021     0.0037     0.0065     0.0115     0.0214     0.0317     0.2740
13        0.0000     0.0001     0.0001     0.0002     0.0005     0.0010     0.0018     0.0029     0.0291
14        0.0000     0.0000     0.0000     0.0001     0.0003     0.0005     0.0013     0.0020     0.0329
15+       0.0000     0.0000     0.0000     0.0000     0.0001     0.0002     0.0005     0.0008     0.0392

2026

Age        1%         5%         10%        25%        50%        75%        90%        95%        99%    
1       68.6480    70.6757    79.3727   105.0300   168.2949   235.4209   278.3239   306.0781   340.6320
2       38.3637    42.2624    46.0302    60.2836    97.9781   138.5283   167.2625   181.2107   207.3007
3       15.6171    19.4735    22.1553    29.6118    49.6519    71.9034    90.1295    99.4813   117.5363
4        5.0861     7.9552     9.6508    13.8368    23.8281    36.2324    47.7088    53.5812    66.8383
5        2.0156     3.5139     4.4595     6.8145    11.9626    18.8886    25.9414    29.7859    38.7466
6        1.8649     3.6131     4.6688     6.8265    10.0202    14.4035    19.4116    23.1537    28.6731
7        0.5806     1.1574     1.5273     2.2312     3.1646     4.2435     5.4564     6.2929     7.9424
8        0.2836     0.5475     0.7197     1.0397     1.4812     2.0041     2.6201     3.1363     4.2915
9        0.0396     0.0827     0.1148     0.1724     0.2446     0.3378     0.4645     0.5679     0.9885
10        0.0121     0.0218     0.0293     0.0463     0.0691     0.0982     0.1442     0.1859     0.4024
11        0.0039     0.0074     0.0102     0.0156     0.0247     0.0374     0.0641     0.0822     0.2723
12        0.0005     0.0010     0.0015     0.0025     0.0040     0.0068     0.0115     0.0154     0.0823
13        0.0002     0.0006     0.0008     0.0015     0.0029     0.0052     0.0103     0.0151     0.1352
14        0.0000     0.0000     0.0000     0.0001     0.0002     0.0005     0.0009     0.0013     0.0145
15+       0.0000     0.0000     0.0000     0.0001     0.0002     0.0003     0.0008     0.0014     0.0364

2027

Age        1%         5%         10%        25%        50%        75%        90%        95%        99%    
1       68.6476    70.3103    78.6256   105.1620   168.5977   236.1774   280.9419   307.9369   370.0864
2       38.7052    42.4640    46.7197    61.7725    99.4387   139.8177   168.1640   183.2217   211.8915
3       14.9559    20.1835    22.8440    30.6412    50.7898    74.2284    93.0974   102.0655   121.4541
4        3.4288     6.7464     8.6705    12.9176    22.4721    34.9502    46.2721    52.7577    65.9263
5        0.9669     2.3528     3.3846     5.6505    10.3713    17.0368    23.8731    27.5804    37.0244
6        0.3372     1.0235     1.5293     2.7266     5.0933     8.7096    12.7314    15.0885    20.6626
7        0.3125     1.0342     1.5682     2.6791     4.3757     6.7736     9.6222    11.6055    15.1513
8        0.1058     0.3362     0.5138     0.8936     1.4143     2.0364     2.7211     3.2127     4.1963
9        0.0534     0.1671     0.2522     0.4267     0.6742     0.9743     1.3334     1.6004     2.2321
10        0.0080     0.0268     0.0416     0.0718     0.1140     0.1670     0.2397     0.2966     0.5078
11        0.0024     0.0076     0.0113     0.0196     0.0326     0.0489     0.0731     0.0968     0.2062
12        0.0009     0.0026     0.0040     0.0069     0.0117     0.0188     0.0321     0.0429     0.1412
13        0.0001     0.0004     0.0006     0.0011     0.0019     0.0034     0.0058     0.0080     0.0427
14        0.0001     0.0002     0.0003     0.0007     0.0013     0.0026     0.0052     0.0078     0.0709
15+       0.0000     0.0000     0.0000     0.0001     0.0002     0.0004     0.0009     0.0014     0.0272

2028

Age        1%         5%         10%        25%        50%        75%        90%        95%        99%    
1       68.6007    70.7129    78.7880   103.7182   168.2821   234.7101   278.0860   306.5998   331.2734
2       38.1459    42.0708    45.9910    61.5805    99.2750   141.1709   169.6402   184.3604   222.3084
3       14.0448    19.7525    22.7949    30.8726    51.0864    74.0289    93.4671   102.9103   123.7021
4        2.5649     6.3535     8.6310    12.9444    22.7624    35.6382    47.9386    53.6365    68.1557
5        0.4405     1.7823     2.8423     5.0833     9.4884    16.2512    22.9310    26.9858    35.6638
6        0.1097     0.6046     1.0418     2.1738     4.3901     7.7606    11.4744    13.9866    19.8662
7        0.0393     0.2554     0.4800     1.0420     2.1499     3.9856     6.1978     7.4844    10.7487
8        0.0392     0.2591     0.4996     1.0374     1.9112     3.1959     4.7605     5.8243     8.0628
9        0.0136     0.0898     0.1697     0.3476     0.6256     0.9806     1.3799     1.6594     2.2202
10        0.0077     0.0446     0.0857     0.1694     0.3058     0.4786     0.6757     0.8329     1.2018
11        0.0013     0.0077     0.0144     0.0292     0.0526     0.0828     0.1222     0.1533     0.2633
12        0.0004     0.0023     0.0042     0.0082     0.0151     0.0245     0.0376     0.0505     0.1053
13        0.0001     0.0008     0.0015     0.0030     0.0055     0.0094     0.0162     0.0224     0.0718
14        0.0000     0.0001     0.0002     0.0005     0.0009     0.0017     0.0029     0.0042     0.0218
15+       0.0000     0.0001     0.0001     0.0003     0.0007     0.0015     0.0030     0.0048     0.0511

2029

Age        1%         5%         10%        25%        50%        75%        90%        95%        99%    
1       68.7153    71.2889    79.2195   105.3615   168.7414   237.5229   282.4598   308.5686   335.4962
2       38.0165    41.8741    45.8318    60.4034    98.4037   137.9216   167.1879   181.3644   207.1957
3       13.0928    19.6259    22.7027    31.0567    51.6260    75.3961    94.5418   103.8168   130.2991
4        2.3611     6.4063     8.8848    13.6454    23.4665    36.5424    48.8862    55.2636    70.0156
5        0.3705     1.7722     2.9542     5.3519    10.1430    17.1675    24.3944    28.3201    38.2601
6        0.0632     0.4902     0.9283     2.0330     4.1703     7.7175    11.5442    14.0243    19.6332
7        0.0151     0.1632     0.3394     0.8636     1.9347     3.6785     5.7500     7.2027    10.6834
8        0.0054     0.0727     0.1607     0.4266     0.9702     1.9081     3.1270     3.8779     5.8197
9        0.0056     0.0734     0.1695     0.4212     0.8836     1.5809     2.4498     3.0665     4.4700
10        0.0022     0.0259     0.0584     0.1442     0.2932     0.4928     0.7223     0.8794     1.2343
11        0.0012     0.0134     0.0304     0.0717     0.1463     0.2420     0.3590     0.4456     0.6612
12        0.0002     0.0023     0.0053     0.0125     0.0253     0.0424     0.0643     0.0820     0.1436
13        0.0001     0.0007     0.0015     0.0036     0.0073     0.0127     0.0196     0.0269     0.0554
14        0.0000     0.0003     0.0006     0.0013     0.0027     0.0049     0.0084     0.0120     0.0377
15+       0.0000     0.0001     0.0001     0.0004     0.0008     0.0016     0.0031     0.0047     0.0380

2030

Age        1%         5%         10%        25%        50%        75%        90%        95%        99%    
1       68.7202    70.7862    78.9937   105.2253   168.3990   236.2549   278.5484   308.3014   335.4133
2       37.8890    42.1250    46.1679    61.3866    99.1391   140.4859   168.4937   182.9816   208.3395
3       12.8060    19.6213    22.6965    30.4908    51.1937    73.2565    93.1587   102.2061   122.4264
4        2.2399     6.3667     8.9246    13.6672    24.0266    37.2618    49.6609    55.7060    74.1842
5        0.3088     1.6903     3.1069     5.6667    10.4958    17.7243    25.0572    29.0816    39.0786
6        0.0456     0.4373     0.9545     2.1846     4.5090     8.2044    12.2808    14.5998    21.0023
7        0.0061     0.1271     0.2981     0.8173     1.8566     3.6542     5.8132     7.2751    10.6435
8        0.0022     0.0450     0.1139     0.3479     0.8750     1.7680     2.9229     3.7569     5.7628
9        0.0010     0.0207     0.0532     0.1762     0.4442     0.9339     1.5978     2.0540     3.1049
10        0.0010     0.0210     0.0575     0.1763     0.4145     0.7932     1.2717     1.6331     2.4656
11        0.0004     0.0078     0.0203     0.0608     0.1406     0.2509     0.3833     0.4735     0.6857
12        0.0002     0.0041     0.0106     0.0313     0.0703     0.1245     0.1905     0.2414     0.3681
13        0.0000     0.0008     0.0019     0.0055     0.0122     0.0220     0.0342     0.0442     0.0786
14        0.0000     0.0002     0.0006     0.0016     0.0036     0.0065     0.0105     0.0145     0.0299
15+       0.0000     0.0001     0.0003     0.0008     0.0017     0.0034     0.0060     0.0090     0.0387

2031

Age        1%         5%         10%        25%        50%        75%        90%        95%        99%    
1       68.6062    71.2905    79.3351   105.2840   168.7955   237.4483   280.3665   306.9263   341.7418
2       37.9419    42.0488    45.8623    61.3386    98.3365   139.5578   167.5150   182.7642   208.5202
3       13.2650    19.7743    22.8387    31.3131    51.6692    75.3369    94.3162   103.3256   122.5820
4        2.1887     6.4390     8.8786    13.5367    23.6438    36.5205    48.7317    54.8901    68.9699
5        0.3066     1.7281     3.0754     5.6503    10.6703    17.9563    25.2580    29.3059    40.9464
6        0.0389     0.4519     0.9892     2.3070     4.6592     8.4902    12.5962    15.1303    21.7922
7        0.0062     0.1156     0.3098     0.8720     1.9945     3.8955     6.1535     7.5065    11.5522
8        0.0010     0.0338     0.0970     0.3376     0.8427     1.7605     2.9692     3.7923     5.8159
9        0.0003     0.0115     0.0396     0.1463     0.3997     0.8665     1.4933     1.9726     3.1754
10        0.0002     0.0058     0.0188     0.0743     0.2086     0.4608     0.8278     1.0941     1.7524
11        0.0002     0.0062     0.0198     0.0758     0.1970     0.4050     0.6616     0.8761     1.3573
12        0.0001     0.0024     0.0073     0.0268     0.0669     0.1287     0.2033     0.2583     0.3771
13        0.0000     0.0013     0.0038     0.0138     0.0340     0.0638     0.1020     0.1293     0.2032
14        0.0000     0.0002     0.0007     0.0024     0.0060     0.0114     0.0183     0.0239     0.0431
15+       0.0000     0.0001     0.0003     0.0011     0.0026     0.0051     0.0087     0.0125     0.0346

2032

Age        1%         5%         10%        25%        50%        75%        90%        95%        99%    
1       68.6057    71.1376    79.2099   104.4602   168.4887   237.8805   280.5693   307.1306   364.6088
2       37.7053    42.4669    46.3670    61.0899    99.3042   140.5877   167.3184   182.8573   209.6286
3       13.1824    19.6539    22.7703    30.9486    51.2255    74.8022    93.0580   103.1973   122.6498
4        2.1881     6.5318     9.0170    13.7292    24.0136    37.1723    49.8807    55.9595    68.7598
5        0.2717     1.7869     3.0187     5.6358    10.6336    17.6159    24.8472    29.1114    38.1138
6        0.0335     0.4392     0.9865     2.2747     4.7411     8.6430    12.7147    15.2632    22.3043
7        0.0036     0.1155     0.3088     0.9177     2.1005     4.0330     6.3690     7.8730    11.5722
8        0.0010     0.0314     0.1039     0.3550     0.9016     1.8823     3.1062     3.9001     6.4500
9        0.0001     0.0092     0.0331     0.1410     0.3854     0.8594     1.5304     1.9986     3.1310
10        0.0000     0.0033     0.0141     0.0617     0.1866     0.4289     0.7732     1.0375     1.7583
11        0.0000     0.0017     0.0069     0.0317     0.0986     0.2326     0.4292     0.5786     0.9727
12        0.0000     0.0018     0.0073     0.0325     0.0945     0.2046     0.3505     0.4652     0.7479
13        0.0000     0.0007     0.0026     0.0116     0.0322     0.0657     0.1086     0.1400     0.2090
14        0.0000     0.0004     0.0014     0.0061     0.0165     0.0329     0.0545     0.0700     0.1114
15+       0.0000     0.0001     0.0004     0.0016     0.0043     0.0087     0.0145     0.0193     0.0401

2033

Age        1%         5%         10%        25%        50%        75%        90%        95%        99%    
1       68.6777    71.4026    79.5930   106.0409   168.6035   236.5915   281.8582   307.7581   340.7112
2       37.7828    42.0753    46.1208    60.8858    98.5086   140.6195   168.3084   183.8261   219.1146
3       12.5046    19.8271    22.9786    30.9822    51.7906    75.2502    93.4642   103.6489   124.1914
4        2.1608     6.4956     8.8545    13.6279    23.7814    37.1217    49.2681    55.5040    69.2723
5        0.2571     1.7565     3.1050     5.7375    10.7164    18.0017    25.6057    29.7640    38.2574
6        0.0337     0.4609     0.9847     2.2993     4.7178     8.4385    12.4484    15.1488    21.1772
7        0.0040     0.1132     0.3300     0.9171     2.1116     4.1180     6.4825     8.0162    12.1366
8        0.0006     0.0295     0.1055     0.3744     0.9549     1.9662     3.2314     4.1560     6.3755
9        0.0001     0.0090     0.0353     0.1471     0.4153     0.9214     1.6116     2.0516     3.4924
10        0.0000     0.0028     0.0115     0.0588     0.1801     0.4240     0.7976     1.0503     1.7436
11        0.0000     0.0010     0.0049     0.0263     0.0882     0.2178     0.4025     0.5516     0.9727
12        0.0000     0.0006     0.0025     0.0139     0.0472     0.1177     0.2238     0.3073     0.5326
13        0.0000     0.0006     0.0026     0.0142     0.0457     0.1043     0.1863     0.2536     0.4186
14        0.0000     0.0002     0.0010     0.0051     0.0156     0.0342     0.0582     0.0770     0.1197
15+       0.0000     0.0002     0.0007     0.0034     0.0102     0.0216     0.0371     0.0488     0.0844

2034

Age        1%         5%         10%        25%        50%        75%        90%        95%        99%    
1       68.6529    70.7983    78.8835   105.0302   168.5353   234.6027   277.2401   303.7394   325.1352
2       37.4714    42.1528    46.1985    61.8101    98.9721   140.3664   168.4255   183.0106   213.5405
3       12.5437    19.7811    22.9239    30.6451    51.3321    75.3962    94.4218   104.2074   127.6924
4        2.0399     6.6441     8.9343    13.6892    24.1294    37.2121    49.4880    56.3346    70.8760
5        0.2514     1.7504     3.0537     5.6813    10.7082    18.1359    25.3386    29.2576    38.2867
6        0.0254     0.4557     0.9995     2.3217     4.7525     8.5981    12.9398    15.6390    21.0756
7        0.0034     0.1147     0.3126     0.9261     2.1182     4.0172     6.3232     7.9640    11.6647
8        0.0007     0.0331     0.1097     0.3772     0.9571     1.9941     3.3108     4.1795     6.6202
9        0.0001     0.0086     0.0360     0.1553     0.4398     0.9608     1.6633     2.2052     3.5413
10        0.0000     0.0027     0.0122     0.0616     0.1938     0.4579     0.8408     1.0999     1.8946
11        0.0000     0.0009     0.0041     0.0252     0.0850     0.2135     0.4172     0.5616     0.9801
12        0.0000     0.0004     0.0018     0.0115     0.0421     0.1106     0.2110     0.2974     0.5432
13        0.0000     0.0002     0.0009     0.0060     0.0227     0.0598     0.1186     0.1652     0.2968
14        0.0000     0.0002     0.0010     0.0063     0.0220     0.0537     0.1000     0.1375     0.2303
15+       0.0000     0.0001     0.0006     0.0038     0.0127     0.0290     0.0516     0.0691     0.1129

Probability Spawning Stock Biomass Exceeds Threshold      3.660 (1000 MT)

Year    Probability

2021    0.058600
2022    0.666600
2023    0.939600
2024    0.914800
2025    0.787700
2026    0.659600
2027    0.608900
2028    0.599900
2029    0.611800
2030    0.612700
2031    0.616400
2032    0.610600
2033    0.614700
2034    0.612200

Probability Threshold Exceeded at Least Once =     0.9871

Probability Total Fishing Mortality Exceeds Threshold     0.8413 

Year    Probability

2021    0.007300
2022    0.000000
2023    0.000100
2024    0.007300
2025    0.217300
2026    0.144400
2027    0.191800
2028    0.156400
2029    0.157700
2030    0.155800
2031    0.152500
2032    0.152900
2033    0.152200
2034    0.151000

Probability Threshold Exceeded at Least Once =     0.4263


Requested Percentile Report

Percentile =    40.00 %

                                 2021       2022       2023       2024       2025       2026       2027       2028       2029       2030       2031       2032       2033       2034 

Recruits                     145.4010   145.3809   141.0702   142.8644   143.7860   145.0688   142.2943   146.7053   142.8782   146.8394   143.8819   146.7408   146.1935   144.8060 
Spawning Stock Biomass         2.5135     3.7896     5.1704     5.2820     4.5825     3.9425     3.7063     3.6590     3.7198     3.7139     3.7397     3.7156     3.7317     3.7259 
Jan-1 Stock Biomass            8.8071     9.9515    10.7727    11.1386    10.8230     9.7173     9.4302     9.2747     9.3351     9.3393     9.3103     9.3495     9.3454     9.3076 
Mean Biomass                   8.5266     9.4519    10.0026    10.0244     9.1905     8.5447     8.3250     8.2745     8.3520     8.3413     8.3327     8.3569     8.3526     8.3511 
Combined Catch Biomass         1.5398     1.4739     1.6854     2.1567     3.2250     2.4000     2.4000     2.2000     2.2000     2.2000     2.2000     2.2000     2.2000     2.2000 
Landings                       1.5398     1.4739     1.6854     2.1567     3.2250     2.4000     2.4000     2.2000     2.2000     2.2000     2.2000     2.2000     2.2000     2.2000 
FMort                          0.5036     0.3493     0.3491     0.3793     0.5927     0.4883     0.5089     0.4667     0.4635     0.4619     0.4602     0.4593     0.4564     0.4550 

Stock Numbers at Age
Age 1                        244.9740   145.4010   145.3809   141.0702   142.8644   143.7860   145.0688   142.2943   146.7053   142.8782   146.8394   143.8819   146.7408   146.1935 
Age 2                         93.8626   145.2773    87.4170    87.5685    83.6004    83.5969    85.1679    85.2335    83.0910    85.5874    83.6452    84.9682    84.0010    85.1587 
Age 3                         51.2273    51.0285    83.1973    50.0455    48.1939    41.0324    42.0747    42.5808    42.7354    41.8069    42.5230    41.9242    42.8253    42.0548 
Age 4                          9.1703    24.9639    27.5867    45.3016    25.1936    19.5639    18.0418    18.1623    19.2924    19.2328    19.0154    19.3422    19.1685    19.2348 
Age 5                          2.4696     4.2306    13.0500    14.5843    22.5732     9.6675     8.2501     7.4804     7.9288     8.3576     8.3559     8.3659     8.4901     8.4789 
Age 6                          0.8492     1.1156     2.1348     6.7458     7.1831     8.6699     4.0554     3.3758     3.2289     3.4132     3.6167     3.6161     3.6631     3.6738 
Age 7                          0.1227     0.3795     0.5683     1.0747     3.3251     2.8055     3.6587     1.6432     1.4528     1.3953     1.4707     1.5627     1.5816     1.5986 
Age 8                          0.0902     0.0562     0.1930     0.2894     0.5309     1.3111     1.2023     1.5358     0.7243     0.6380     0.6097     0.6496     0.6912     0.6962 
Age 9                          0.0063     0.0410     0.0287     0.0985     0.1447     0.2172     0.5755     0.5097     0.6812     0.3225     0.2852     0.2727     0.2924     0.3090 
Age 10                          0.0032     0.0030     0.0206     0.0147     0.0502     0.0599     0.0973     0.2512     0.2305     0.3087     0.1467     0.1281     0.1233     0.1320 
Age 11                          0.0009     0.0015     0.0015     0.0103     0.0076     0.0210     0.0272     0.0429     0.1153     0.1054     0.1427     0.0674     0.0589     0.0569 
Age 12                          0.0001     0.0004     0.0008     0.0008     0.0052     0.0033     0.0096     0.0122     0.0198     0.0532     0.0492     0.0658     0.0315     0.0271 
Age 13                          0.0000     0.0000     0.0002     0.0004     0.0004     0.0023     0.0016     0.0043     0.0057     0.0093     0.0249     0.0229     0.0311     0.0146 
Age 14                          0.0000     0.0000     0.0000     0.0001     0.0002     0.0002     0.0011     0.0007     0.0021     0.0027     0.0044     0.0117     0.0107     0.0146 
Age 15                          0.0000     0.0000     0.0000     0.0000     0.0001     0.0001     0.0001     0.0005     0.0006     0.0013     0.0019     0.0031     0.0071     0.0085 
