AGEPRO VERSION 4.2

2025_MLS_scenario3-auxiliary

Date & Time of Run: 29 Apr 2025  16:04

Input File Name:    2025_MLS_scenario3-auxiliary.inp

First Age Class:                         1
Number of Age Classes:                  15
Number of Years in Projection:          14
Number of Fleets:                        9
Number of Recruitment Models:            3
Number of Bootstraps:                  100
Number of Simulations:                 100

Bootstrap File Name:            C:\Users\jon.brodziak\Desktop\2024 WCNPO MLS Rebuilding\Bootstrap-numbers-at-age\2023_WCNPOMLS.bsn

Number of Feasible Solutions:       9981  of      10000 Realizations

Input Harvest Scenario

Year  Type        Fleet-1    Fleet-2    Fleet-3    Fleet-4    Fleet-5    Fleet-6    Fleet-7    Fleet-8    Fleet-9    

2021  Landings        118        100        551         72         89         37         58        265        249 
2022  Landings         75         99        464         36         80         54         84        298        284 
2023  Landings        129         80        526         28        110         54         84        214        461 
2024  Landings         83        176        578         27        110         54         84        584        461 
2025  Landings        351        139       1296         65        213         95        197        393        476 
2026  Landings        351        139       1296         65        213         95        197        393        476 
2027  Landings        316        125        904         58        191         85        166        228        326 
2028  Landings        185        122        692         67        158         88        169        373        298 
2029  Landings        185        122        692         67        158         88        169        373        298 
2030  Landings        185        122        692         67        158         88        169        373        298 
2031  Landings        185        122        692         67        158         88        169        373        298 
2032  Landings        185        122        692         67        158         88        169        373        298 
2033  Landings        185        122        692         67        158         88        169        373        298 
2034  Landings        185        122        692         67        158         88        169        373        298 

Recruitment Selection Distribution

Year  Selection-1 Selection-2 Selection-3 

2021      0.1287     0.8329     0.0384 
2022      0.1179     0.8415     0.0406 
2023      0.1173     0.8414     0.0413 
2024      0.1123     0.8511     0.0366 
2025      0.1199     0.8398     0.0403 
2026      0.1232     0.8362     0.0406 
2027      0.1211     0.8373     0.0416 
2028      0.1193     0.8393     0.0414 
2029      0.1173     0.8442     0.0385 
2030      0.1228     0.8378     0.0394 
2031      0.1273     0.8350     0.0377 
2032      0.1222     0.8356     0.0422 
2033      0.1198     0.8404     0.0398 
2034      0.1168     0.8430     0.0402 

Recruits        1000  Fish

Year Class   Average        StdDev
2021        172.7102       81.3755
2022        174.0950       81.1434
2023        175.4194       84.0836
2024        173.3417       83.0182
2025        174.1148       85.7150
2026        174.8548       87.3284
2027        174.7947       83.4429
2028        174.8296       84.7435
2029        172.1715       81.1454
2030        175.1487       83.8413
2031        173.7674       80.5433
2032        174.4049       82.9458
2033        174.3781       82.5395
2034        174.6457       84.4643

Recruits Distribution

Year Class 1%         5%         10%        25%        50%        75%        90%        95%        99%    
2021    68.6239    70.7937    78.8528   104.9957   168.3476   235.7748   277.9701   304.3841   324.9856
2022    68.6973    70.8616    78.8000   104.0239   168.6942   236.9445   282.5538   309.4959   336.9337
2023    68.6658    70.8273    79.5427   104.8928   168.6973   237.4348   281.1668   307.0010   375.0188
2024    68.6480    70.6454    78.6529   104.3526   168.3822   236.2328   278.3212   305.6626   337.2746
2025    68.6506    70.5706    79.0799   104.4817   168.5804   235.9031   280.5744   306.7700   349.9378
2026    68.6236    70.1244    79.3347   105.4688   168.6802   237.1597   282.2330   307.8221   337.1038
2027    68.5940    70.5953    79.0396   104.6403   168.6255   237.9749   281.6242   306.9893   336.0814
2028    68.6221    70.4324    79.1041   105.4549   168.6677   237.3610   280.7113   306.7232   325.6625
2029    68.6405    70.4649    78.3043   103.3403   168.3155   235.0070   277.3967   304.5762   325.4677
2030    68.6825    70.7732    79.5160   105.7446   168.7599   238.2761   279.7454   305.7558   333.9717
2031    68.6687    71.2509    79.6089   106.0052   168.4723   236.3202   278.7608   306.1669   325.4644
2032    68.6254    70.5202    79.0611   104.7009   168.7476   237.4645   280.8167   306.5949   336.2506
2033    68.6254    70.8340    79.4946   104.4853   168.6982   236.5782   278.8490   307.3394   340.1111
2034    68.6458    71.1115    78.9679   105.1617   168.3865   238.1956   280.7953   307.1356   337.3989

Spawning Stock Biomass  x       1000 MT

Year       Average        StdDev
2021        2.7384        0.6271
2022        4.0603        0.8649
2023        5.6544        1.4237
2024        5.8680        1.7224
2025        5.2240        1.8937
2026        4.2975        1.9751
2027        3.8848        2.0077
2028        3.9466        2.0710
2029        4.1141        2.1301
2030        4.2490        2.1696
2031        4.3382        2.1655
2032        4.4000        2.1715
2033        4.4662        2.1793
2034        4.5121        2.1688

Spawning Stock Biomass Distribution

Year        1%         5%         10%        25%        50%        75%        90%        95%        99%   
2021     1.6162     1.9785     2.1160     2.3344     2.6397     3.0260     3.4321     3.7426     5.4301 
2022     2.3075     2.8071     3.0429     3.4812     3.9748     4.5212     5.2158     5.6404     6.6126 
2023     3.0202     3.5837     3.9452     4.6219     5.5047     6.4980     7.6036     8.2840     9.5062 
2024     2.6217     3.3711     3.7934     4.6319     5.7010     6.9661     8.1178     8.8569    10.4076 
2025     1.6151     2.4336     2.9320     3.8703     5.0813     6.3939     7.6823     8.4971    10.3048 
2026     0.6705     1.4351     1.9580     2.8895     4.1368     5.4411     6.8218     7.7347     9.7997 
2027     0.3897     1.0391     1.5193     2.4445     3.6907     5.0354     6.4143     7.3684     9.4756 
2028     0.4189     1.0387     1.5359     2.4739     3.7283     5.1265     6.5254     7.4808     9.8275 
2029     0.4443     1.1645     1.6394     2.6213     3.9139     5.3206     6.6800     7.7026    10.0910 
2030     0.5245     1.2620     1.7646     2.7235     4.0452     5.4497     6.8758     7.8850    10.3681 
2031     0.5310     1.3305     1.8365     2.8183     4.1090     5.5984     7.0242     7.9709    10.4313 
2032     0.5854     1.3195     1.8501     2.8793     4.1999     5.6558     7.0787     8.1049    10.5331 
2033     0.5338     1.3922     1.9278     2.9192     4.2570     5.7432     7.1885     8.1152    10.6009 
2034     0.5291     1.3982     1.9558     2.9908     4.3199     5.7828     7.2241     8.2275    10.8232 

JAN-1 Stock Biomass  x       1000 MT

Year       Average        StdDev
2021        9.2972        1.6050
2022       10.6159        2.0649
2023       11.5385        2.4145
2024       11.9916        2.6705
2025       11.7701        2.8536
2026       10.6439        2.9893
2027        9.7307        3.0849
2028        9.7018        3.1126
2029        9.8913        3.1459
2030       10.0162        3.1665
2031       10.1434        3.1739
2032       10.2382        3.1733
2033       10.3058        3.1859
2034       10.3679        3.1823

JAN-1 Stock Biomass Distribution

Year       1%         5%         10%        25%        50%        75%        90%        95%        99%    
2021     6.3333     6.9136     7.3590     8.1702     9.1836    10.1216    11.5878    12.3484    13.7189 
2022     6.6925     7.5528     8.1025     9.1796    10.4181    11.8871    13.3276    14.2059    16.0331 
2023     6.8037     7.9615     8.6531     9.8050    11.3511    13.0253    14.6962    15.6761    17.8193 
2024     6.6804     8.0051     8.7222    10.1112    11.8098    13.6322    15.4346    16.5613    19.0468 
2025     6.1444     7.4936     8.2981     9.7835    11.5907    13.4925    15.3608    16.6038    19.6678 
2026     4.7031     6.1964     7.0728     8.5779    10.4596    12.4234    14.3464    15.6874    18.6749 
2027     3.8588     5.2377     6.0855     7.6107     9.5125    11.5480    13.4741    14.9173    18.2985 
2028     3.7589     5.1413     6.0236     7.5672     9.4505    11.5444    13.5078    14.8628    18.2040 
2029     3.8786     5.3757     6.2333     7.7356     9.6445    11.6996    13.8087    15.1072    18.4296 
2030     3.9300     5.4481     6.2995     7.8631     9.7513    11.8796    13.9025    15.2859    18.5641 
2031     4.0952     5.5319     6.3751     7.9453     9.9033    12.0157    14.0721    15.3480    18.8220 
2032     4.0026     5.6325     6.4728     8.0499    10.0153    12.1017    14.1846    15.5408    19.1395 
2033     3.8534     5.5752     6.5386     8.1357    10.0922    12.1496    14.2935    15.6066    19.3743 
2034     4.0339     5.6218     6.6017     8.1856    10.1547    12.3150    14.2790    15.6377    19.3552 

Mean Biomass  x       1000 MT

Year       Average        StdDev
2021        9.0512        1.6992
2022       10.1558        2.1522
2023       10.8048        2.4615
2024       10.9044        2.6984
2025       10.1355        2.8758
2026        9.0849        2.9784
2027        8.6711        3.0486
2028        8.7783        3.0699
2029        8.9609        3.1195
2030        9.0615        3.1199
2031        9.1852        3.1371
2032        9.2567        3.1216
2033        9.3229        3.1295
2034        9.3769        3.1154

Mean Biomass Distribution

Year       1%         5%         10%        25%        50%        75%        90%        95%        99%    
2021     5.9280     6.5627     6.9877     7.8092     8.9264     9.9732    11.4476    12.1941    13.6731 
2022     6.1016     6.9904     7.5480     8.6189     9.9712    11.5091    12.9537    13.9080    15.6326 
2023     5.9850     7.1331     7.8162     9.0444    10.6359    12.3443    13.9900    15.0389    17.2633 
2024     5.5893     6.8594     7.5972     8.9969    10.6983    12.5711    14.3683    15.5528    17.8999 
2025     4.4886     5.8669     6.6583     8.1500     9.9470    11.8749    13.7407    14.9935    17.9393 
2026     3.1940     4.6526     5.5155     7.0388     8.8902    10.8274    12.7930    14.0015    17.2810 
2027     2.8768     4.2185     5.0739     6.5712     8.4633    10.4835    12.4113    13.7312    17.0518 
2028     2.8813     4.3196     5.1472     6.6895     8.5357    10.5680    12.5702    13.9217    17.1153 
2029     3.0239     4.4975     5.3411     6.8421     8.7161    10.7473    12.7725    14.0863    17.4175 
2030     3.0537     4.5213     5.3985     6.9647     8.8429    10.8473    12.8988    14.1857    17.6333 
2031     3.1865     4.6318     5.4526     7.0277     8.9436    11.0528    13.0206    14.3482    17.9196 
2032     3.0675     4.7024     5.5581     7.1095     9.0249    11.1112    13.1402    14.4869    17.8791 
2033     3.0445     4.6969     5.6077     7.1964     9.1047    11.1880    13.1525    14.6295    18.2248 
2034     3.0633     4.7240     5.6428     7.2510     9.1732    11.2930    13.1817    14.5961    18.1031 

Combined Catch Biomass  x       1000 MT

Year       Average        StdDev
2021        1.5398        0.0000
2022        1.4739        0.0000
2023        1.6852        0.0169
2024        2.1565        0.0216
2025        3.2247        0.0322
2026        3.2247        0.0322
2027        2.3993        0.0416
2028        2.1489        0.0481
2029        2.1483        0.0608
2030        2.1481        0.0645
2031        2.1476        0.0713
2032        2.1466        0.0859
2033        2.1461        0.0911
2034        2.1459        0.0936

Combined Catch Distribution

Year       1%         5%         10%        25%        50%        75%        90%        95%        99%    
2021     1.5398     1.5398     1.5398     1.5398     1.5398     1.5398     1.5398     1.5398     1.5398 
2022     1.4739     1.4739     1.4739     1.4739     1.4739     1.4739     1.4739     1.4739     1.4739 
2023     1.6854     1.6854     1.6854     1.6854     1.6854     1.6854     1.6854     1.6854     1.6854 
2024     2.1567     2.1567     2.1567     2.1567     2.1567     2.1567     2.1567     2.1567     2.1567 
2025     3.2250     3.2250     3.2250     3.2250     3.2250     3.2250     3.2250     3.2250     3.2250 
2026     3.2250     3.2250     3.2250     3.2250     3.2250     3.2250     3.2250     3.2250     3.2250 
2027     2.4000     2.4000     2.4000     2.4000     2.4000     2.4000     2.4000     2.4000     2.4000 
2028     2.1500     2.1500     2.1500     2.1500     2.1500     2.1500     2.1500     2.1500     2.1500 
2029     2.1500     2.1500     2.1500     2.1500     2.1500     2.1500     2.1500     2.1500     2.1500 
2030     2.1500     2.1500     2.1500     2.1500     2.1500     2.1500     2.1500     2.1500     2.1500 
2031     2.1500     2.1500     2.1500     2.1500     2.1500     2.1500     2.1500     2.1500     2.1500 
2032     2.1500     2.1500     2.1500     2.1500     2.1500     2.1500     2.1500     2.1500     2.1500 
2033     2.1500     2.1500     2.1500     2.1500     2.1500     2.1500     2.1500     2.1500     2.1500 
2034     2.1500     2.1500     2.1500     2.1500     2.1500     2.1500     2.1500     2.1500     2.1500 

Landings  x       1000 MT

Year       Average        StdDev
2021        1.5398        0.0000
2022        1.4739        0.0000
2023        1.6852        0.0169
2024        2.1565        0.0216
2025        3.2247        0.0322
2026        3.2247        0.0322
2027        2.3993        0.0416
2028        2.1489        0.0481
2029        2.1483        0.0608
2030        2.1481        0.0645
2031        2.1476        0.0713
2032        2.1466        0.0859
2033        2.1461        0.0911
2034        2.1459        0.0936

Landings Distribution

Year       1%         5%         10%        25%        50%        75%        90%        95%        99%    
2021     1.5398     1.5398     1.5398     1.5398     1.5398     1.5398     1.5398     1.5398     1.5398 
2022     1.4739     1.4739     1.4739     1.4739     1.4739     1.4739     1.4739     1.4739     1.4739 
2023     1.6854     1.6854     1.6854     1.6854     1.6854     1.6854     1.6854     1.6854     1.6854 
2024     2.1567     2.1567     2.1567     2.1567     2.1567     2.1567     2.1567     2.1567     2.1567 
2025     3.2250     3.2250     3.2250     3.2250     3.2250     3.2250     3.2250     3.2250     3.2250 
2026     3.2250     3.2250     3.2250     3.2250     3.2250     3.2250     3.2250     3.2250     3.2250 
2027     2.4000     2.4000     2.4000     2.4000     2.4000     2.4000     2.4000     2.4000     2.4000 
2028     2.1500     2.1500     2.1500     2.1500     2.1500     2.1500     2.1500     2.1500     2.1500 
2029     2.1500     2.1500     2.1500     2.1500     2.1500     2.1500     2.1500     2.1500     2.1500 
2030     2.1500     2.1500     2.1500     2.1500     2.1500     2.1500     2.1500     2.1500     2.1500 
2031     2.1500     2.1500     2.1500     2.1500     2.1500     2.1500     2.1500     2.1500     2.1500 
2032     2.1500     2.1500     2.1500     2.1500     2.1500     2.1500     2.1500     2.1500     2.1500 
2033     2.1500     2.1500     2.1500     2.1500     2.1500     2.1500     2.1500     2.1500     2.1500 
2034     2.1500     2.1500     2.1500     2.1500     2.1500     2.1500     2.1500     2.1500     2.1500 

Total Fishing Mortality

Year       Average        StdDev
2021        0.5271        0.0951
2022        0.3727        0.0751
2023        0.3818        0.0915
2024        0.4246        0.1196
2025        0.6999        0.2726
2026        0.9080        0.5922
2027        0.7957        0.6833
2028        0.6974        0.5761
2029        0.6648        0.5213
2030        0.6419        0.5149
2031        0.6241        0.4808
2032        0.6093        0.4257
2033        0.6055        0.4603
2034        0.5991        0.4539

Total Fishing Mortality Distribution

Year       1%         5%         10%        25%        50%        75%        90%        95%        99%    
2021     0.2841     0.3850     0.4169     0.4637     0.5250     0.5825     0.6388     0.6743     0.8251 
2022     0.2265     0.2609     0.2801     0.3243     0.3640     0.4150     0.4729     0.5127     0.5870 
2023     0.2258     0.2553     0.2764     0.3167     0.3706     0.4338     0.5014     0.5518     0.6476 
2024     0.2352     0.2710     0.2944     0.3392     0.4045     0.4864     0.5801     0.6434     0.8145 
2025     0.3351     0.4016     0.4403     0.5208     0.6401     0.8100     1.0188     1.2016     1.6604 
2026     0.3535     0.4381     0.4889     0.5968     0.7617     1.0282     1.4260     1.8119     3.1861 
2027     0.2675     0.3384     0.3857     0.4773     0.6238     0.8822     1.2987     1.7483     3.4624 
2028     0.2347     0.2987     0.3393     0.4180     0.5498     0.7778     1.1417     1.5550     2.9914 
2029     0.2308     0.2919     0.3294     0.4056     0.5307     0.7481     1.0867     1.4275     2.8064 
2030     0.2231     0.2867     0.3230     0.3965     0.5171     0.7236     1.0217     1.3467     2.4905 
2031     0.2204     0.2835     0.3181     0.3890     0.5082     0.7034     1.0006     1.2924     2.3988 
2032     0.2179     0.2795     0.3145     0.3846     0.4997     0.6908     0.9851     1.2825     2.3712 
2033     0.2164     0.2782     0.3108     0.3813     0.4939     0.6794     0.9698     1.2376     2.3783 
2034     0.2145     0.2765     0.3076     0.3793     0.4875     0.6728     0.9495     1.2312     2.2756 

JAN-1 Stock Numbers at Age  -       1000  Fish

2021

Age        1%         5%         10%        25%        50%        75%        90%        95%        99%    
1      140.2370   175.0900   184.8320   216.7130   261.1480   317.3690   385.6290   409.5080   464.9250
2       58.9389    77.9477    80.8620    85.4451   100.4175   112.5240   125.3470   138.4980   148.4390
3       34.1986    41.3466    43.5177    47.9381    54.8765    60.4455    67.3245    74.4817    84.8335
4        4.4701     6.3288     7.3712     8.3369     9.5330    10.8358    12.5169    14.0136    20.6054
5        1.2938     1.6031     1.7337     2.2441     2.6907     3.2695     4.2092     4.8898     7.4995
6        0.2917     0.4842     0.6024     0.6936     0.9665     1.2287     1.8234     2.1765     5.0518
7        0.0278     0.0584     0.0739     0.1025     0.1591     0.2261     0.3164     0.3996     1.3049
8        0.0082     0.0292     0.0370     0.0584     0.1092     0.1670     0.2575     0.4456     2.1858
9        0.0003     0.0014     0.0021     0.0035     0.0085     0.0144     0.0223     0.0334     0.2402
10        0.0001     0.0005     0.0007     0.0015     0.0043     0.0069     0.0143     0.0242     0.2609
11        0.0000     0.0001     0.0002     0.0004     0.0014     0.0028     0.0051     0.0082     0.1988
12        0.0000     0.0000     0.0000     0.0000     0.0001     0.0003     0.0005     0.0008     0.0280
13        0.0000     0.0000     0.0000     0.0000     0.0000     0.0002     0.0003     0.0005     0.0316
14        0.0000     0.0000     0.0000     0.0000     0.0000     0.0000     0.0001     0.0001     0.0183
15+       0.0000     0.0000     0.0000     0.0000     0.0000     0.0000     0.0000     0.0000     0.0127

2022

Age        1%         5%         10%        25%        50%        75%        90%        95%        99%    
1       68.6239    70.7937    78.8528   104.9957   168.3476   235.7748   277.9701   304.3841   324.9856
2       88.4600   104.3319   110.7222   127.7161   156.5578   191.7842   233.8321   253.9137   290.0708
3       30.0928    40.6731    43.0880    46.7686    54.2146    62.8545    71.6165    78.8503    89.2418
4       15.2472    18.6540    20.6187    23.1494    26.5762    30.6816    35.5621    40.0661    51.3406
5        1.9651     2.7606     3.2403     3.7766     4.4657     5.2510     6.4341     7.1006    11.8263
6        0.5407     0.6575     0.7412     0.9981     1.2074     1.5454     2.0843     2.4495     4.4362
7        0.1292     0.2188     0.2513     0.3102     0.4196     0.5844     0.8891     1.0837     2.9862
8        0.0130     0.0255     0.0326     0.0451     0.0690     0.1065     0.1612     0.2082     0.7941
9        0.0038     0.0128     0.0164     0.0269     0.0489     0.0803     0.1300     0.2210     1.2950
10        0.0001     0.0006     0.0009     0.0017     0.0038     0.0069     0.0111     0.0178     0.1456
11        0.0000     0.0002     0.0003     0.0007     0.0020     0.0033     0.0076     0.0123     0.1593
12        0.0000     0.0000     0.0001     0.0002     0.0007     0.0013     0.0026     0.0043     0.1232
13        0.0000     0.0000     0.0000     0.0000     0.0001     0.0001     0.0003     0.0004     0.0168
14        0.0000     0.0000     0.0000     0.0000     0.0000     0.0001     0.0001     0.0003     0.0193
15+       0.0000     0.0000     0.0000     0.0000     0.0000     0.0000     0.0001     0.0001     0.0195

2023

Age        1%         5%         10%        25%        50%        75%        90%        95%        99%    
1       68.6973    70.8616    78.8000   104.0239   168.6942   236.9445   282.5538   309.4959   336.9337
2       39.8745    43.3485    47.4008    62.8151   101.0793   142.5062   170.1263   185.3986   208.2403
3       48.4986    57.8261    62.4938    72.6491    90.9310   112.3991   138.0487   152.0368   175.3096
4       14.8072    20.5901    22.3040    24.9985    29.5211    34.9362    40.5067    44.6548    51.9566
5        7.0436     8.9990    10.2642    11.9274    13.9473    16.6699    19.5947    22.5036    29.3672
6        0.8750     1.3464     1.6096     1.9100     2.2899     2.7698     3.4830     3.9009     6.7838
7        0.2518     0.3046     0.3691     0.4958     0.6184     0.8052     1.1233     1.3220     2.7755
8        0.0603     0.1083     0.1202     0.1567     0.2174     0.3033     0.4843     0.5797     1.7575
9        0.0065     0.0128     0.0164     0.0232     0.0357     0.0556     0.0866     0.1122     0.4601
10        0.0019     0.0063     0.0084     0.0141     0.0250     0.0425     0.0715     0.1163     0.7924
11        0.0001     0.0003     0.0005     0.0009     0.0019     0.0037     0.0061     0.0097     0.0886
12        0.0000     0.0001     0.0002     0.0004     0.0010     0.0018     0.0042     0.0067     0.1001
13        0.0000     0.0000     0.0000     0.0001     0.0003     0.0007     0.0014     0.0023     0.0742
14        0.0000     0.0000     0.0000     0.0000     0.0000     0.0001     0.0002     0.0002     0.0104
15+       0.0000     0.0000     0.0000     0.0000     0.0000     0.0001     0.0001     0.0002     0.0238

2024

Age        1%         5%         10%        25%        50%        75%        90%        95%        99%    
1       68.6658    70.8273    79.5427   104.8928   168.6973   237.4348   281.1668   307.0010   375.0188
2       39.8987    43.5232    47.6319    62.7271   102.2878   145.3430   173.9025   188.6302   211.7639
3       22.0211    24.8167    27.1643    36.0785    58.2500    83.5877   101.4153   110.6659   127.1219
4       23.8529    29.4591    32.4878    38.7352    50.1137    63.1246    79.4728    88.7326   103.9504
5        6.9811     9.6825    11.0444    12.9267    15.7606    19.0590    22.7492    25.1863    29.9066
6        3.1923     4.2560     4.9452     5.9816     7.2307     8.8498    10.6415    12.3623    16.4477
7        0.3744     0.6312     0.7717     0.9495     1.1647     1.4521     1.8817     2.1685     3.8406
8        0.1123     0.1410     0.1774     0.2427     0.3172     0.4182     0.5962     0.7201     1.5134
9        0.0282     0.0513     0.0579     0.0777     0.1127     0.1567     0.2606     0.3134     0.9911
10        0.0032     0.0063     0.0080     0.0117     0.0181     0.0287     0.0456     0.0609     0.2780
11        0.0010     0.0031     0.0042     0.0073     0.0127     0.0221     0.0391     0.0598     0.4963
12        0.0000     0.0001     0.0002     0.0005     0.0010     0.0019     0.0034     0.0053     0.0515
13        0.0000     0.0001     0.0001     0.0002     0.0005     0.0009     0.0023     0.0037     0.0604
14        0.0000     0.0000     0.0000     0.0001     0.0002     0.0004     0.0008     0.0013     0.0442
15+       0.0000     0.0000     0.0000     0.0000     0.0000     0.0001     0.0001     0.0002     0.0210

2025

Age        1%         5%         10%        25%        50%        75%        90%        95%        99%    
1       68.6480    70.6454    78.6529   104.3526   168.3822   236.2328   278.3212   305.6626   337.2746
2       39.1977    42.5627    46.6977    62.3010   100.3346   141.7887   169.6858   184.1152   221.6170
3       20.1512    23.3399    25.7153    34.2591    56.4454    81.5914    99.8859   108.9782   127.0543
4        9.5788    11.8506    13.4134    18.1444    30.0314    44.4878    55.9008    61.7837    73.6433
5        9.7546    12.9277    14.8957    18.8740    25.2282    33.3624    42.9805    48.9284    58.5371
6        2.8368     4.1244     4.9108     6.1952     7.8725     9.8125    12.0310    13.4661    16.3587
7        1.2777     1.8590     2.2195     2.8339     3.6357     4.5548     5.6481     6.6242     8.8964
8        0.1568     0.2721     0.3511     0.4559     0.5833     0.7579     1.0010     1.1877     2.0790
9        0.0478     0.0649     0.0818     0.1182     0.1613     0.2172     0.3146     0.3928     0.8303
10        0.0129     0.0231     0.0275     0.0386     0.0573     0.0813     0.1392     0.1711     0.5507
11        0.0015     0.0030     0.0039     0.0059     0.0092     0.0149     0.0247     0.0325     0.1641
12        0.0006     0.0015     0.0021     0.0037     0.0065     0.0115     0.0217     0.0321     0.2769
13        0.0000     0.0001     0.0001     0.0002     0.0005     0.0010     0.0019     0.0028     0.0289
14        0.0000     0.0000     0.0000     0.0001     0.0003     0.0005     0.0013     0.0020     0.0330
15+       0.0000     0.0000     0.0000     0.0000     0.0001     0.0002     0.0005     0.0009     0.0398

2026

Age        1%         5%         10%        25%        50%        75%        90%        95%        99%    
1       68.6506    70.5706    79.0799   104.4817   168.5804   235.9031   280.5744   306.7700   349.9378
2       37.9039    41.8425    45.7163    60.9233    98.4574   139.2561   166.6303   180.9065   208.6342
3       15.8318    19.8833    22.4511    30.6944    50.2717    73.1106    91.1294   100.3808   124.8168
4        4.9773     7.8825     9.6808    13.8906    24.1701    37.0237    48.5094    54.2858    67.1059
5        2.0111     3.5144     4.5289     6.8439    11.9884    19.1655    25.8626    29.6518    37.2653
6        1.8554     3.6480     4.6789     6.8908     9.9853    14.4417    19.5268    23.0325    28.9553
7        0.5748     1.1619     1.5277     2.2478     3.1716     4.2819     5.5013     6.2578     7.9749
8        0.2817     0.5493     0.7143     1.0458     1.4881     2.0128     2.6136     3.0913     4.2384
9        0.0374     0.0834     0.1150     0.1733     0.2450     0.3388     0.4672     0.5750     0.9861
10        0.0118     0.0218     0.0296     0.0463     0.0689     0.0988     0.1458     0.1903     0.3948
11        0.0037     0.0074     0.0102     0.0157     0.0248     0.0375     0.0648     0.0829     0.2710
12        0.0005     0.0010     0.0015     0.0024     0.0040     0.0068     0.0116     0.0155     0.0805
13        0.0002     0.0006     0.0008     0.0015     0.0028     0.0053     0.0104     0.0153     0.1336
14        0.0000     0.0000     0.0000     0.0001     0.0002     0.0005     0.0009     0.0013     0.0143
15+       0.0000     0.0000     0.0000     0.0001     0.0002     0.0003     0.0008     0.0014     0.0359

2027

Age        1%         5%         10%        25%        50%        75%        90%        95%        99%    
1       68.6236    70.1244    79.3347   105.4688   168.6802   237.1597   282.2330   307.8221   337.1038
2       36.5991    41.3863    45.4203    60.0064    97.0528   136.7480   165.6002   180.3854   209.5672
3       10.1241    16.9979    20.0024    27.8086    46.6480    68.8990    87.2834    96.6473   115.0631
4        1.7209     4.7420     6.8778    10.9602    19.6142    31.5927    42.6463    48.9573    66.1358
5        0.3573     1.5404     2.4740     4.4797     8.6493    15.0296    21.4765    25.2038    33.6810
6        0.1314     0.6379     1.0927     2.1653     4.1894     7.5230    11.1817    13.4267    17.9591
7        0.1092     0.6227     1.0977     2.0981     3.6436     5.8345     8.5388    10.3345    13.9635
8        0.0390     0.2097     0.3667     0.6939     1.1796     1.7779     2.4148     2.8543     3.7999
9        0.0208     0.1053     0.1796     0.3352     0.5701     0.8494     1.1834     1.4330     2.0014
10        0.0030     0.0172     0.0300     0.0574     0.0960     0.1464     0.2106     0.2694     0.4496
11        0.0011     0.0050     0.0083     0.0158     0.0276     0.0431     0.0660     0.0880     0.1791
12        0.0004     0.0017     0.0029     0.0056     0.0099     0.0166     0.0286     0.0394     0.1218
13        0.0001     0.0003     0.0004     0.0009     0.0016     0.0030     0.0052     0.0073     0.0376
14        0.0000     0.0002     0.0003     0.0006     0.0012     0.0023     0.0046     0.0071     0.0626
15+       0.0000     0.0000     0.0000     0.0001     0.0002     0.0003     0.0008     0.0013     0.0241

2028

Age        1%         5%         10%        25%        50%        75%        90%        95%        99%    
1       68.5940    70.5953    79.0396   104.6403   168.6255   237.9749   281.6242   306.9893   336.0814
2       37.6822    41.7017    45.9859    61.5462    99.2413   140.4725   168.0556   184.1213   209.3739
3        9.5902    17.4905    21.2512    29.0444    48.4083    71.2939    90.6865   100.6832   122.7278
4        0.9826     4.2194     6.4707    11.0085    20.0228    32.2632    44.0058    50.5371    63.7208
5        0.0960     0.9697     1.8692     3.9366     7.9142    14.1589    20.7409    24.8286    34.9327
6        0.0180     0.2780     0.6385     1.5657     3.4487     6.6259    10.2241    12.3962    17.6451
7        0.0058     0.1189     0.2838     0.7646     1.6751     3.3097     5.3136     6.6438     9.4607
8        0.0056     0.1151     0.2800     0.7322     1.5042     2.6585     4.1113     5.1470     7.4051
9        0.0020     0.0412     0.0952     0.2444     0.4973     0.8289     1.1866     1.4572     1.9901
10        0.0012     0.0214     0.0492     0.1236     0.2450     0.4017     0.5923     0.7281     1.0551
11        0.0002     0.0037     0.0087     0.0212     0.0421     0.0703     0.1059     0.1371     0.2298
12        0.0001     0.0012     0.0025     0.0061     0.0121     0.0209     0.0329     0.0450     0.0901
13        0.0000     0.0004     0.0009     0.0022     0.0044     0.0080     0.0139     0.0201     0.0598
14        0.0000     0.0001     0.0001     0.0004     0.0007     0.0014     0.0025     0.0038     0.0184
15+       0.0000     0.0000     0.0001     0.0003     0.0006     0.0013     0.0026     0.0042     0.0427

2029

Age        1%         5%         10%        25%        50%        75%        90%        95%        99%    
1       68.6221    70.4324    79.1041   105.4549   168.6677   237.3610   280.7113   306.7232   325.6625
2       37.4188    41.8422    45.7626    60.7587    98.5700   140.5229   167.9880   183.0608   206.6355
3       10.5642    18.7174    22.0271    30.4046    50.7311    74.3476    93.5447   102.8953   123.0811
4        1.3511     4.9004     7.5760    12.4266    21.8539    34.8278    47.3942    53.9366    69.9248
5        0.0896     0.9809     1.9602     4.3346     8.6877    15.4001    22.4022    26.6368    35.3344
6        0.0093     0.2072     0.5413     1.4886     3.3789     6.6211    10.4144    12.7964    19.0528
7        0.0015     0.0606     0.1836     0.5814     1.4840     3.1190     5.0821     6.4140     9.6606
8        0.0006     0.0263     0.0832     0.2883     0.7358     1.5712     2.6613     3.4563     5.0890
9        0.0006     0.0264     0.0825     0.2801     0.6729     1.3024     2.0948     2.7079     4.1059
10        0.0002     0.0095     0.0291     0.0962     0.2271     0.4112     0.6252     0.7797     1.1202
11        0.0001     0.0053     0.0153     0.0491     0.1128     0.2026     0.3097     0.3896     0.5920
12        0.0000     0.0009     0.0028     0.0085     0.0197     0.0358     0.0558     0.0728     0.1253
13        0.0000     0.0003     0.0008     0.0025     0.0057     0.0107     0.0174     0.0241     0.0477
14        0.0000     0.0001     0.0003     0.0009     0.0021     0.0041     0.0072     0.0106     0.0304
15+       0.0000     0.0000     0.0001     0.0003     0.0006     0.0013     0.0027     0.0043     0.0311

2030

Age        1%         5%         10%        25%        50%        75%        90%        95%        99%    
1       68.6405    70.4649    78.3043   103.3403   168.3155   235.0070   277.3967   304.5762   325.4677
2       37.1086    41.7254    46.1959    61.1363    99.2115   140.2186   168.0771   182.7788   205.3681
3       11.8127    18.9040    22.3896    30.3208    51.1435    75.0055    93.6455   103.3435   122.0955
4        1.6022     5.8165     8.0821    13.1229    23.3531    36.7693    49.1194    55.5358    69.9686
5        0.1258     1.2171     2.3978     5.0961     9.6661    16.7665    24.0010    28.5919    38.4940
6        0.0074     0.2228     0.5995     1.6676     3.7845     7.3107    11.2559    13.7751    19.2645
7        0.0008     0.0505     0.1570     0.5672     1.4873     3.0902     5.2274     6.6396    10.4306
8        0.0002     0.0156     0.0568     0.2259     0.6625     1.4896     2.5823     3.3199     5.3086
9        0.0001     0.0066     0.0264     0.1146     0.3313     0.7628     1.3609     1.8314     2.8413
10        0.0001     0.0069     0.0267     0.1133     0.3115     0.6475     1.0925     1.4341     2.2745
11        0.0000     0.0025     0.0096     0.0391     0.1057     0.2082     0.3298     0.4221     0.6289
12        0.0000     0.0014     0.0051     0.0202     0.0531     0.1040     0.1649     0.2113     0.3305
13        0.0000     0.0003     0.0010     0.0036     0.0094     0.0183     0.0298     0.0395     0.0686
14        0.0000     0.0001     0.0003     0.0011     0.0027     0.0055     0.0093     0.0128     0.0258
15+       0.0000     0.0000     0.0001     0.0005     0.0013     0.0028     0.0052     0.0079     0.0319

2031

Age        1%         5%         10%        25%        50%        75%        90%        95%        99%    
1       68.6825    70.7732    79.5160   105.7446   168.7599   238.2761   279.7454   305.7558   333.9717
2       37.8049    41.7750    45.5012    60.1717    98.2742   138.2652   166.6229   182.2128   204.9336
3       12.3103    19.5594    22.7000    30.9920    51.7228    74.2977    94.2094   103.4205   122.5352
4        1.9761     6.0263     8.5410    13.4010    23.6353    37.0567    49.5670    55.5300    68.6134
5        0.1796     1.5649     2.6648     5.4301    10.3235    17.8191    25.1034    29.4866    39.1398
6        0.0119     0.3032     0.7477     1.9980     4.2352     8.0205    12.1516    14.9545    21.1230
7        0.0009     0.0571     0.1875     0.6485     1.6703     3.4991     5.7002     7.1453    10.5475
8        0.0001     0.0123     0.0509     0.2241     0.6718     1.4868     2.6529     3.4523     5.6492
9        0.0000     0.0041     0.0184     0.0920     0.3036     0.7248     1.3268     1.7604     2.9188
10        0.0000     0.0019     0.0087     0.0475     0.1545     0.3779     0.7014     0.9710     1.5930
11        0.0000     0.0020     0.0091     0.0465     0.1461     0.3279     0.5765     0.7747     1.2992
12        0.0000     0.0008     0.0033     0.0165     0.0501     0.1066     0.1753     0.2276     0.3569
13        0.0000     0.0005     0.0018     0.0087     0.0254     0.0533     0.0876     0.1165     0.1849
14        0.0000     0.0001     0.0003     0.0015     0.0045     0.0095     0.0159     0.0218     0.0387
15+       0.0000     0.0000     0.0002     0.0007     0.0020     0.0043     0.0078     0.0112     0.0295

2032

Age        1%         5%         10%        25%        50%        75%        90%        95%        99%    
1       68.6687    71.2509    79.6089   106.0052   168.4723   236.3202   278.7608   306.1669   325.4644
2       37.9832    42.0547    46.1831    61.7333    99.3472   141.6982   167.9193   182.9320   210.6753
3       13.0459    19.4294    22.6262    30.3089    51.2447    73.9370    93.4327   103.4003   122.5929
4        2.0852     6.4306     8.9180    13.7123    24.0555    36.9229    49.7950    55.8385    69.9218
5        0.2535     1.6070     2.9152     5.5829    10.6063    18.0554    25.6258    29.5940    38.9826
6        0.0229     0.4095     0.8684     2.1752     4.5810     8.5408    12.8220    15.4406    21.6852
7        0.0015     0.0769     0.2403     0.7832     1.9069     3.8625     6.1237     7.8701    11.7015
8        0.0001     0.0149     0.0594     0.2617     0.7504     1.7114     2.8977     3.7515     5.7768
9        0.0000     0.0035     0.0172     0.0915     0.3103     0.7393     1.3740     1.8384     3.0909
10        0.0000     0.0012     0.0066     0.0381     0.1405     0.3593     0.6883     0.9448     1.6569
11        0.0000     0.0006     0.0031     0.0202     0.0726     0.1908     0.3696     0.5208     0.8852
12        0.0000     0.0006     0.0034     0.0197     0.0698     0.1689     0.3083     0.4145     0.7327
13        0.0000     0.0003     0.0012     0.0070     0.0241     0.0551     0.0925     0.1250     0.2001
14        0.0000     0.0001     0.0007     0.0038     0.0123     0.0278     0.0472     0.0638     0.1040
15+       0.0000     0.0000     0.0002     0.0010     0.0032     0.0072     0.0127     0.0179     0.0354

2033

Age        1%         5%         10%        25%        50%        75%        90%        95%        99%    
1       68.6254    70.5202    79.0611   104.7009   168.7476   237.4645   280.8167   306.5949   336.2506
2       37.6717    42.2878    46.4677    61.5910    99.0454   139.6669   167.9484   181.8262   205.4550
3       12.7852    19.9674    23.0086    31.3657    52.0603    75.5899    94.4499   103.8726   124.7168
4        2.2979     6.4425     8.8680    13.5258    23.8138    36.9853    49.3111    56.0512    69.4890
5        0.2775     1.7705     3.0373     5.7495    10.8194    17.9993    25.5552    29.6287    38.8905
6        0.0268     0.4322     0.9297     2.2278     4.7043     8.7142    12.9602    15.6640    21.8245
7        0.0024     0.1033     0.2855     0.8688     2.0759     4.1389     6.5196     8.0200    11.8980
8        0.0003     0.0212     0.0807     0.3141     0.8733     1.8752     3.1408     4.1356     6.4491
9        0.0000     0.0043     0.0208     0.1078     0.3484     0.8449     1.4954     2.0062     3.2163
10        0.0000     0.0010     0.0060     0.0387     0.1460     0.3722     0.7175     0.9851     1.7317
11        0.0000     0.0004     0.0024     0.0162     0.0673     0.1809     0.3608     0.5075     0.9153
12        0.0000     0.0002     0.0011     0.0086     0.0352     0.0967     0.1943     0.2789     0.4846
13        0.0000     0.0002     0.0012     0.0085     0.0338     0.0868     0.1639     0.2250     0.4088
14        0.0000     0.0001     0.0005     0.0030     0.0117     0.0285     0.0504     0.0688     0.1138
15+       0.0000     0.0001     0.0003     0.0020     0.0077     0.0183     0.0325     0.0449     0.0791

2034

Age        1%         5%         10%        25%        50%        75%        90%        95%        99%    
1       68.6254    70.8340    79.4946   104.4853   168.6982   236.5782   278.8490   307.3394   340.1111
2       37.4682    41.9569    46.0511    61.3099    99.5189   140.8550   168.5624   182.7498   210.7752
3       12.6489    20.2196    23.2003    31.2606    51.9239    74.7364    94.2684   103.6242   123.0938
4        2.0539     6.7872     9.1856    13.8344    24.6257    37.9305    50.2522    56.4639    71.7035
5        0.2720     1.8159     3.0456     5.7064    10.7517    18.1936    25.6162    29.8197    39.0512
6        0.0270     0.4828     1.0127     2.3428     4.8462     8.7483    13.0812    15.5342    21.4892
7        0.0028     0.1163     0.3130     0.9047     2.1228     4.2268     6.6397     8.2822    11.8680
8        0.0005     0.0278     0.0961     0.3548     0.9477     2.0325     3.3713     4.1961     6.4611
9        0.0001     0.0061     0.0278     0.1288     0.4091     0.9312     1.6335     2.2091     3.5496
10        0.0000     0.0013     0.0074     0.0460     0.1654     0.4220     0.7837     1.0770     1.8283
11        0.0000     0.0004     0.0021     0.0166     0.0696     0.1883     0.3774     0.5339     0.9558
12        0.0000     0.0001     0.0009     0.0070     0.0321     0.0924     0.1924     0.2749     0.5080
13        0.0000     0.0001     0.0005     0.0037     0.0170     0.0494     0.1037     0.1526     0.2724
14        0.0000     0.0001     0.0005     0.0037     0.0165     0.0449     0.0879     0.1242     0.2331
15+       0.0000     0.0000     0.0003     0.0023     0.0096     0.0246     0.0454     0.0623     0.1051

Probability Spawning Stock Biomass Exceeds Threshold      3.660 (1000 MT)

Year    Probability

2021    0.060200
2022    0.672200
2023    0.941300
2024    0.919400
2025    0.789900
2026    0.596200
2027    0.506300
2028    0.512500
2029    0.546600
2030    0.573100
2031    0.592800
2032    0.603000
2033    0.615500
2034    0.625300

Probability Threshold Exceeded at Least Once =     0.9868

Probability Total Fishing Mortality Exceeds Threshold     0.8413 

Year    Probability

2021    0.006700
2022    0.000000
2023    0.000000
2024    0.007600
2025    0.218100
2026    0.404300
2027    0.277300
2028    0.210700
2029    0.188500
2030    0.169100
2031    0.159700
2032    0.151500
2033    0.143200
2034    0.135300

Probability Threshold Exceeded at Least Once =     0.5132


Requested Percentile Report

Percentile =    40.00 %

                                 2021       2022       2023       2024       2025       2026       2027       2028       2029       2030       2031       2032       2033       2034 

Recruits                     143.3965   145.2797   147.6146   144.1698   144.8815   145.9198   146.5757   146.3890   142.5988   146.6115   144.8673   145.0217   148.1615   145.4387 
Spawning Stock Biomass         2.5164     3.7958     5.1671     5.2689     4.5883     3.6450     3.2136     3.2532     3.3859     3.5210     3.6196     3.6758     3.7476     3.7867 
Jan-1 Stock Biomass            8.8220     9.9144    10.7619    11.1450    10.9119     9.7409     8.7765     8.7293     8.8687     9.0150     9.1510     9.2763     9.3398     9.3700 
Mean Biomass                   8.5168     9.4281    10.0314    10.0649     9.2669     8.1734     7.7186     7.8282     7.9788     8.0825     8.2355     8.3097     8.3750     8.4208 
Combined Catch Biomass         1.5398     1.4739     1.6854     2.1567     3.2250     3.2250     2.4000     2.1500     2.1500     2.1500     2.1500     2.1500     2.1500     2.1500 
Landings                       1.5398     1.4739     1.6854     2.1567     3.2250     3.2250     2.4000     2.1500     2.1500     2.1500     2.1500     2.1500     2.1500     2.1500 
FMort                          0.5035     0.3493     0.3505     0.3775     0.5897     0.6916     0.5601     0.4914     0.4781     0.4660     0.4555     0.4505     0.4444     0.4397 

Stock Numbers at Age
Age 1                        244.9740   143.3965   145.2797   147.6146   144.1698   144.8815   145.9198   146.5757   146.3890   142.5988   146.6115   144.8673   145.0217   148.1615 
Age 2                         93.8626   145.2996    85.9725    88.0311    87.2388    84.1927    82.7236    84.4877    84.7160    85.2364    83.0071    85.2142    85.1431    85.0048 
Age 3                         51.2273    50.9541    83.0833    49.7021    47.8461    42.6044    38.2825    39.6748    41.9977    42.3084    42.5279    41.7481    42.9500    42.9226 
Age 4                          9.1703    24.9991    27.5539    45.2909    25.0987    19.4262    15.7007    15.8584    17.6427    18.7374    18.9943    19.3743    19.1131    19.7174 
Age 5                          2.4696     4.2317    13.0670    14.5783    22.6412     9.6717     6.7080     6.1516     6.6838     7.5341     8.1659     8.2405     8.5054     8.4336 
Age 6                          0.8492     1.1135     2.1425     6.7444     7.1961     8.7103     3.2458     2.5707     2.5152     2.8000     3.2299     3.4876     3.5863     3.7336 
Age 7                          0.1227     0.3788     0.5674     1.0793     3.3077     2.8062     2.9832     1.2537     1.0752     1.0681     1.2089     1.3982     1.5331     1.5889 
Age 8                          0.0902     0.0564     0.1929     0.2886     0.5328     1.3198     0.9835     1.1698     0.5319     0.4606     0.4611     0.5291     0.6216     0.6802 
Age 9                          0.0063     0.0410     0.0287     0.0983     0.1446     0.2169     0.4749     0.3903     0.5020     0.2312     0.2008     0.2031     0.2349     0.2809 
Age 10                          0.0032     0.0030     0.0206     0.0147     0.0502     0.0603     0.0804     0.1948     0.1699     0.2208     0.1036     0.0894     0.0912     0.1058 
Age 11                          0.0009     0.0015     0.0015     0.0103     0.0076     0.0212     0.0226     0.0336     0.0863     0.0762     0.0995     0.0469     0.0409     0.0427 
Age 12                          0.0001     0.0004     0.0008     0.0008     0.0052     0.0033     0.0081     0.0096     0.0149     0.0388     0.0344     0.0459     0.0219     0.0192 
Age 13                          0.0000     0.0000     0.0002     0.0004     0.0004     0.0023     0.0013     0.0035     0.0044     0.0068     0.0179     0.0159     0.0212     0.0101 
Age 14                          0.0000     0.0000     0.0000     0.0001     0.0002     0.0002     0.0009     0.0006     0.0016     0.0020     0.0032     0.0084     0.0075     0.0101 
Age 15                          0.0000     0.0000     0.0000     0.0000     0.0001     0.0001     0.0001     0.0004     0.0005     0.0010     0.0014     0.0022     0.0050     0.0060 
